Archive member included to satisfy reference by file (symbol)

c:/tools/gcc-arm-none-eabi-10.3-2021.10-win32/gcc-arm-none-eabi-10.3-2021.10/bin/../lib/gcc/arm-none-eabi/10.3.1/../../../../arm-none-eabi/lib/thumb/v7e-m+fp/hard\libc_nano.a(lib_a-exit.o)
                              c:/tools/gcc-arm-none-eabi-10.3-2021.10-win32/gcc-arm-none-eabi-10.3-2021.10/bin/../lib/gcc/arm-none-eabi/10.3.1/../../../../arm-none-eabi/lib/thumb/v7e-m+fp/hard/crt0.o (exit)
c:/tools/gcc-arm-none-eabi-10.3-2021.10-win32/gcc-arm-none-eabi-10.3-2021.10/bin/../lib/gcc/arm-none-eabi/10.3.1/../../../../arm-none-eabi/lib/thumb/v7e-m+fp/hard\libc_nano.a(lib_a-impure.o)
                              c:/tools/gcc-arm-none-eabi-10.3-2021.10-win32/gcc-arm-none-eabi-10.3-2021.10/bin/../lib/gcc/arm-none-eabi/10.3.1/../../../../arm-none-eabi/lib/thumb/v7e-m+fp/hard\libc_nano.a(lib_a-exit.o) (_global_impure_ptr)
c:/tools/gcc-arm-none-eabi-10.3-2021.10-win32/gcc-arm-none-eabi-10.3-2021.10/bin/../lib/gcc/arm-none-eabi/10.3.1/../../../../arm-none-eabi/lib/thumb/v7e-m+fp/hard\libc_nano.a(lib_a-init.o)
                              c:/tools/gcc-arm-none-eabi-10.3-2021.10-win32/gcc-arm-none-eabi-10.3-2021.10/bin/../lib/gcc/arm-none-eabi/10.3.1/../../../../arm-none-eabi/lib/thumb/v7e-m+fp/hard/crt0.o (__libc_init_array)
c:/tools/gcc-arm-none-eabi-10.3-2021.10-win32/gcc-arm-none-eabi-10.3-2021.10/bin/../lib/gcc/arm-none-eabi/10.3.1/../../../../arm-none-eabi/lib/thumb/v7e-m+fp/hard\libc_nano.a(lib_a-memset.o)
                              c:/tools/gcc-arm-none-eabi-10.3-2021.10-win32/gcc-arm-none-eabi-10.3-2021.10/bin/../lib/gcc/arm-none-eabi/10.3.1/../../../../arm-none-eabi/lib/thumb/v7e-m+fp/hard/crt0.o (memset)
c:/tools/gcc-arm-none-eabi-10.3-2021.10-win32/gcc-arm-none-eabi-10.3-2021.10/bin/../lib/gcc/arm-none-eabi/10.3.1/../../../../arm-none-eabi/lib/thumb/v7e-m+fp/hard\libc_nano.a(lib_a-strlen.o)
                              build/ring_buffer.o (strlen)
c:/tools/gcc-arm-none-eabi-10.3-2021.10-win32/gcc-arm-none-eabi-10.3-2021.10/bin/../lib/gcc/arm-none-eabi/10.3.1/../../../../arm-none-eabi/lib/thumb/v7e-m+fp/hard\libnosys.a(_exit.o)
                              c:/tools/gcc-arm-none-eabi-10.3-2021.10-win32/gcc-arm-none-eabi-10.3-2021.10/bin/../lib/gcc/arm-none-eabi/10.3.1/../../../../arm-none-eabi/lib/thumb/v7e-m+fp/hard\libc_nano.a(lib_a-exit.o) (_exit)
c:/tools/gcc-arm-none-eabi-10.3-2021.10-win32/gcc-arm-none-eabi-10.3-2021.10/bin/../lib/gcc/arm-none-eabi/10.3.1/thumb/v7e-m+fp/hard\libgcc.a(_aeabi_uldivmod.o)
                              build/stm32l4xx_hal_uart.o (__aeabi_uldivmod)
c:/tools/gcc-arm-none-eabi-10.3-2021.10-win32/gcc-arm-none-eabi-10.3-2021.10/bin/../lib/gcc/arm-none-eabi/10.3.1/thumb/v7e-m+fp/hard\libgcc.a(_udivmoddi4.o)
                              c:/tools/gcc-arm-none-eabi-10.3-2021.10-win32/gcc-arm-none-eabi-10.3-2021.10/bin/../lib/gcc/arm-none-eabi/10.3.1/thumb/v7e-m+fp/hard\libgcc.a(_aeabi_uldivmod.o) (__udivmoddi4)
c:/tools/gcc-arm-none-eabi-10.3-2021.10-win32/gcc-arm-none-eabi-10.3-2021.10/bin/../lib/gcc/arm-none-eabi/10.3.1/thumb/v7e-m+fp/hard\libgcc.a(_dvmd_tls.o)
                              c:/tools/gcc-arm-none-eabi-10.3-2021.10-win32/gcc-arm-none-eabi-10.3-2021.10/bin/../lib/gcc/arm-none-eabi/10.3.1/thumb/v7e-m+fp/hard\libgcc.a(_aeabi_uldivmod.o) (__aeabi_ldiv0)

Discarded input sections

 .text          0x00000000        0x0 c:/tools/gcc-arm-none-eabi-10.3-2021.10-win32/gcc-arm-none-eabi-10.3-2021.10/bin/../lib/gcc/arm-none-eabi/10.3.1/thumb/v7e-m+fp/hard/crti.o
 .data          0x00000000        0x0 c:/tools/gcc-arm-none-eabi-10.3-2021.10-win32/gcc-arm-none-eabi-10.3-2021.10/bin/../lib/gcc/arm-none-eabi/10.3.1/thumb/v7e-m+fp/hard/crti.o
 .bss           0x00000000        0x0 c:/tools/gcc-arm-none-eabi-10.3-2021.10-win32/gcc-arm-none-eabi-10.3-2021.10/bin/../lib/gcc/arm-none-eabi/10.3.1/thumb/v7e-m+fp/hard/crti.o
 .data          0x00000000        0x4 c:/tools/gcc-arm-none-eabi-10.3-2021.10-win32/gcc-arm-none-eabi-10.3-2021.10/bin/../lib/gcc/arm-none-eabi/10.3.1/thumb/v7e-m+fp/hard/crtbegin.o
 .rodata        0x00000000       0x24 c:/tools/gcc-arm-none-eabi-10.3-2021.10-win32/gcc-arm-none-eabi-10.3-2021.10/bin/../lib/gcc/arm-none-eabi/10.3.1/thumb/v7e-m+fp/hard/crtbegin.o
 .text          0x00000000       0x7c c:/tools/gcc-arm-none-eabi-10.3-2021.10-win32/gcc-arm-none-eabi-10.3-2021.10/bin/../lib/gcc/arm-none-eabi/10.3.1/../../../../arm-none-eabi/lib/thumb/v7e-m+fp/hard/crt0.o
 .data          0x00000000        0x0 c:/tools/gcc-arm-none-eabi-10.3-2021.10-win32/gcc-arm-none-eabi-10.3-2021.10/bin/../lib/gcc/arm-none-eabi/10.3.1/../../../../arm-none-eabi/lib/thumb/v7e-m+fp/hard/crt0.o
 .bss           0x00000000        0x0 c:/tools/gcc-arm-none-eabi-10.3-2021.10-win32/gcc-arm-none-eabi-10.3-2021.10/bin/../lib/gcc/arm-none-eabi/10.3.1/../../../../arm-none-eabi/lib/thumb/v7e-m+fp/hard/crt0.o
[...]
Memory Configuration

Name             Origin             Length             Attributes
RAM              0x20000000         0x00018000         xrw
RAM2             0x10000000         0x00008000         xrw
FLASH            0x08000000         0x00100000         xr
*default*        0x00000000         0xffffffff

Linker script and memory map

LOAD c:/tools/gcc-arm-none-eabi-10.3-2021.10-win32/gcc-arm-none-eabi-10.3-2021.10/bin/../lib/gcc/arm-none-eabi/10.3.1/thumb/v7e-m+fp/hard/crti.o
LOAD c:/tools/gcc-arm-none-eabi-10.3-2021.10-win32/gcc-arm-none-eabi-10.3-2021.10/bin/../lib/gcc/arm-none-eabi/10.3.1/thumb/v7e-m+fp/hard/crtbegin.o
LOAD c:/tools/gcc-arm-none-eabi-10.3-2021.10-win32/gcc-arm-none-eabi-10.3-2021.10/bin/../lib/gcc/arm-none-eabi/10.3.1/../../../../arm-none-eabi/lib/thumb/v7e-m+fp/hard/crt0.o
LOAD build/main.o
LOAD build/gpio.o
LOAD build/dfsdm.o
LOAD build/dma.o
LOAD build/i2c.o
LOAD build/quadspi.o
LOAD build/spi.o
LOAD build/usart.o
LOAD build/usb_otg.o
LOAD build/stm32l4xx_it.o
LOAD build/stm32l4xx_hal_msp.o
LOAD build/ring_buffer.o
LOAD build/fonts.o
LOAD build/st7789.o
LOAD build/stm32l4xx_hal_dfsdm.o
LOAD build/stm32l4xx_hal.o
LOAD build/stm32l4xx_hal_i2c.o
LOAD build/stm32l4xx_hal_i2c_ex.o
LOAD build/stm32l4xx_hal_rcc.o
LOAD build/stm32l4xx_hal_rcc_ex.o
LOAD build/stm32l4xx_hal_flash.o
LOAD build/stm32l4xx_hal_flash_ex.o
LOAD build/stm32l4xx_hal_flash_ramfunc.o
LOAD build/stm32l4xx_hal_gpio.o
LOAD build/stm32l4xx_hal_dma.o
LOAD build/stm32l4xx_hal_dma_ex.o
LOAD build/stm32l4xx_hal_pwr.o
LOAD build/stm32l4xx_hal_pwr_ex.o
LOAD build/stm32l4xx_hal_cortex.o
LOAD build/stm32l4xx_hal_exti.o
LOAD build/stm32l4xx_hal_qspi.o
LOAD build/stm32l4xx_hal_spi.o
LOAD build/stm32l4xx_hal_spi_ex.o
LOAD build/stm32l4xx_hal_tim.o
LOAD build/stm32l4xx_hal_tim_ex.o
LOAD build/stm32l4xx_hal_uart.o
LOAD build/stm32l4xx_hal_uart_ex.o
LOAD build/stm32l4xx_hal_pcd.o
LOAD build/stm32l4xx_hal_pcd_ex.o
LOAD build/stm32l4xx_ll_usb.o
LOAD build/system_stm32l4xx.o
LOAD build/startup_stm32l475xx.o
LOAD c:/tools/gcc-arm-none-eabi-10.3-2021.10-win32/gcc-arm-none-eabi-10.3-2021.10/bin/../lib/gcc/arm-none-eabi/10.3.1/../../../../arm-none-eabi/lib/thumb/v7e-m+fp/hard\libc_nano.a
LOAD c:/tools/gcc-arm-none-eabi-10.3-2021.10-win32/gcc-arm-none-eabi-10.3-2021.10/bin/../lib/gcc/arm-none-eabi/10.3.1/../../../../arm-none-eabi/lib/thumb/v7e-m+fp/hard\libm.a
LOAD c:/tools/gcc-arm-none-eabi-10.3-2021.10-win32/gcc-arm-none-eabi-10.3-2021.10/bin/../lib/gcc/arm-none-eabi/10.3.1/../../../../arm-none-eabi/lib/thumb/v7e-m+fp/hard\libnosys.a
START GROUP
LOAD c:/tools/gcc-arm-none-eabi-10.3-2021.10-win32/gcc-arm-none-eabi-10.3-2021.10/bin/../lib/gcc/arm-none-eabi/10.3.1/thumb/v7e-m+fp/hard\libgcc.a
LOAD c:/tools/gcc-arm-none-eabi-10.3-2021.10-win32/gcc-arm-none-eabi-10.3-2021.10/bin/../lib/gcc/arm-none-eabi/10.3.1/../../../../arm-none-eabi/lib/thumb/v7e-m+fp/hard\libc_nano.a
END GROUP
START GROUP
LOAD c:/tools/gcc-arm-none-eabi-10.3-2021.10-win32/gcc-arm-none-eabi-10.3-2021.10/bin/../lib/gcc/arm-none-eabi/10.3.1/thumb/v7e-m+fp/hard\libgcc.a
LOAD c:/tools/gcc-arm-none-eabi-10.3-2021.10-win32/gcc-arm-none-eabi-10.3-2021.10/bin/../lib/gcc/arm-none-eabi/10.3.1/../../../../arm-none-eabi/lib/thumb/v7e-m+fp/hard\libc_nano.a
END GROUP
LOAD c:/tools/gcc-arm-none-eabi-10.3-2021.10-win32/gcc-arm-none-eabi-10.3-2021.10/bin/../lib/gcc/arm-none-eabi/10.3.1/thumb/v7e-m+fp/hard/crtend.o
LOAD c:/tools/gcc-arm-none-eabi-10.3-2021.10-win32/gcc-arm-none-eabi-10.3-2021.10/bin/../lib/gcc/arm-none-eabi/10.3.1/thumb/v7e-m+fp/hard/crtn.o
                0x20018000                _estack = (ORIGIN (RAM) + LENGTH (RAM))
                0x00000200                _Min_Heap_Size = 0x200
                0x00000400                _Min_Stack_Size = 0x400

.isr_vector     0x08000000      0x188
                0x08000000                . = ALIGN (0x8)
 *(.isr_vector)
 .isr_vector    0x08000000      0x188 build/startup_stm32l475xx.o
                0x08000000                g_pfnVectors
                0x08000188                . = ALIGN (0x8)

.text           0x08000188     0x4028
                0x08000188                . = ALIGN (0x8)
 *(.text)
 .text          0x08000188       0x40 c:/tools/gcc-arm-none-eabi-10.3-2021.10-win32/gcc-arm-none-eabi-10.3-2021.10/bin/../lib/gcc/arm-none-eabi/10.3.1/thumb/v7e-m+fp/hard/crtbegin.o
 .text          0x080001c8       0x10 c:/tools/gcc-arm-none-eabi-10.3-2021.10-win32/gcc-arm-none-eabi-10.3-2021.10/bin/../lib/gcc/arm-none-eabi/10.3.1/../../../../arm-none-eabi/lib/thumb/v7e-m+fp/hard\libc_nano.a(lib_a-strlen.o)
                0x080001c8                strlen
 .text          0x080001d8       0x30 c:/tools/gcc-arm-none-eabi-10.3-2021.10-win32/gcc-arm-none-eabi-10.3-2021.10/bin/../lib/gcc/arm-none-eabi/10.3.1/thumb/v7e-m+fp/hard\libgcc.a(_aeabi_uldivmod.o)
                0x080001d8                __aeabi_uldivmod
 .text          0x08000208      0x2d0 c:/tools/gcc-arm-none-eabi-10.3-2021.10-win32/gcc-arm-none-eabi-10.3-2021.10/bin/../lib/gcc/arm-none-eabi/10.3.1/thumb/v7e-m+fp/hard\libgcc.a(_udivmoddi4.o)
                0x08000208                __udivmoddi4
 .text          0x080004d8        0x4 c:/tools/gcc-arm-none-eabi-10.3-2021.10-win32/gcc-arm-none-eabi-10.3-2021.10/bin/../lib/gcc/arm-none-eabi/10.3.1/thumb/v7e-m+fp/hard\libgcc.a(_dvmd_tls.o)
                0x080004d8                __aeabi_idiv0
                0x080004d8                __aeabi_ldiv0
 *(.text*)
 .text.USART1_IRQHandler
                0x080004dc       0x50 build/main.o
                0x080004dc                USART1_IRQHandler
 .text.Error_Handler
                0x0800052c        0x4 build/main.o
                0x0800052c                Error_Handler
 .text.SystemClock_Config
                0x08000530       0x9c build/main.o
                0x08000530                SystemClock_Config
 .text.main     0x080005cc       0x50 build/main.o
                0x080005cc                main
 .text.MX_GPIO_Init
                0x0800061c      0x274 build/gpio.o
                0x0800061c                MX_GPIO_Init
 .text.MX_DFSDM1_Init
                0x08000890       0x44 build/dfsdm.o
                0x08000890                MX_DFSDM1_Init
 .text.HAL_DFSDM_ChannelMspInit
                0x080008d4       0x90 build/dfsdm.o
                0x080008d4                HAL_DFSDM_ChannelMspInit
 .text.MX_DMA_Init
                0x08000964       0x64 build/dma.o
                0x08000964                MX_DMA_Init
 .text.MX_I2C2_Init
                0x080009c8       0x58 build/i2c.o
                0x080009c8                MX_I2C2_Init
 .text.HAL_I2C_MspInit
                0x08000a20       0x8c build/i2c.o
                0x08000a20                HAL_I2C_MspInit
 .text.MX_QUADSPI_Init
                0x08000aac       0x34 build/quadspi.o
                0x08000aac                MX_QUADSPI_Init
 .text.HAL_QSPI_MspInit
                0x08000ae0       0x70 build/quadspi.o
                0x08000ae0                HAL_QSPI_MspInit
 .text.MX_SPI1_Init
                0x08000b50       0x4c build/spi.o
                0x08000b50                MX_SPI1_Init
 .text.MX_SPI2_Init
                0x08000b9c       0x50 build/spi.o
                0x08000b9c                MX_SPI2_Init
 .text.MX_SPI3_Init
                0x08000bec       0x4c build/spi.o
                0x08000bec                MX_SPI3_Init
 .text.HAL_SPI_MspInit
                0x08000c38      0x128 build/spi.o
                0x08000c38                HAL_SPI_MspInit
 .text.MX_USART1_UART_Init
                0x08000d60       0x38 build/usart.o
                0x08000d60                MX_USART1_UART_Init
 .text.MX_USART3_UART_Init
                0x08000d98       0x38 build/usart.o
                0x08000d98                MX_USART3_UART_Init
 .text.HAL_UART_MspInit
                0x08000dd0      0x1f0 build/usart.o
                0x08000dd0                HAL_UART_MspInit
 .text.MX_USB_OTG_FS_PCD_Init
                0x08000fc0       0x34 build/usb_otg.o
                0x08000fc0                MX_USB_OTG_FS_PCD_Init
 .text.HAL_PCD_MspInit
                0x08000ff4       0xe8 build/usb_otg.o
                0x08000ff4                HAL_PCD_MspInit
 .text.NMI_Handler
                0x080010dc        0x2 build/stm32l4xx_it.o
                0x080010dc                NMI_Handler
 .text.HardFault_Handler
                0x080010de        0x2 build/stm32l4xx_it.o
                0x080010de                HardFault_Handler
 .text.MemManage_Handler
                0x080010e0        0x2 build/stm32l4xx_it.o
                0x080010e0                MemManage_Handler
 .text.BusFault_Handler
                0x080010e2        0x2 build/stm32l4xx_it.o
                0x080010e2                BusFault_Handler
 .text.UsageFault_Handler
                0x080010e4        0x2 build/stm32l4xx_it.o
                0x080010e4                UsageFault_Handler
 .text.SVC_Handler
                0x080010e6        0x2 build/stm32l4xx_it.o
                0x080010e6                SVC_Handler
 .text.DebugMon_Handler
                0x080010e8        0x2 build/stm32l4xx_it.o
                0x080010e8                DebugMon_Handler
 .text.PendSV_Handler
                0x080010ea        0x2 build/stm32l4xx_it.o
                0x080010ea                PendSV_Handler
 .text.SysTick_Handler
                0x080010ec        0x8 build/stm32l4xx_it.o
                0x080010ec                SysTick_Handler
 .text.DMA1_Channel2_IRQHandler
                0x080010f4       0x10 build/stm32l4xx_it.o
                0x080010f4                DMA1_Channel2_IRQHandler
 .text.DMA1_Channel3_IRQHandler
                0x08001104       0x10 build/stm32l4xx_it.o
                0x08001104                DMA1_Channel3_IRQHandler
 .text.DMA1_Channel4_IRQHandler
                0x08001114       0x10 build/stm32l4xx_it.o
                0x08001114                DMA1_Channel4_IRQHandler
 .text.DMA1_Channel5_IRQHandler
                0x08001124       0x10 build/stm32l4xx_it.o
                0x08001124                DMA1_Channel5_IRQHandler
 .text.EXTI9_5_IRQHandler
                0x08001134       0x1e build/stm32l4xx_it.o
                0x08001134                EXTI9_5_IRQHandler
 *fill*         0x08001152        0x2 
 .text.SPI2_IRQHandler
                0x08001154       0x10 build/stm32l4xx_it.o
                0x08001154                SPI2_IRQHandler
 .text.USART3_IRQHandler
                0x08001164       0x10 build/stm32l4xx_it.o
                0x08001164                USART3_IRQHandler
 .text.EXTI15_10_IRQHandler
                0x08001174       0x2c build/stm32l4xx_it.o
                0x08001174                EXTI15_10_IRQHandler
 .text.SPI3_IRQHandler
                0x080011a0       0x10 build/stm32l4xx_it.o
                0x080011a0                SPI3_IRQHandler
 .text.HAL_MspInit
                0x080011b0       0x30 build/stm32l4xx_hal_msp.o
                0x080011b0                HAL_MspInit
 .text.my_spi_isr
                0x080011e0      0x194 build/ring_buffer.o
                0x080011e0                my_spi_isr
 .text.Ringbuf_init
                0x08001374       0x8c build/ring_buffer.o
                0x08001374                Ringbuf_init
 .text.store_char
                0x08001400       0x28 build/ring_buffer.o
                0x08001400                store_char
 .text.Look_for
                0x08001428       0x38 build/ring_buffer.o
                0x08001428                Look_for
 .text.Uart_read
                0x08001460       0x48 build/ring_buffer.o
                0x08001460                Uart_read
 .text.spi_write
                0x080014a8       0x50 build/ring_buffer.o
                0x080014a8                spi_write
 .text.IsUartDataAvailable
                0x080014f8       0x6c build/ring_buffer.o
                0x080014f8                IsUartDataAvailable
 .text.my_Uart_isr
                0x08001564       0xe4 build/ring_buffer.o
                0x08001564                my_Uart_isr
 .text.DFSDM_GetChannelFromInstance
                0x08001648       0x50 build/stm32l4xx_hal_dfsdm.o
 .text.HAL_DFSDM_ChannelInit
                0x08001698      0x108 build/stm32l4xx_hal_dfsdm.o
                0x08001698                HAL_DFSDM_ChannelInit
 .text.HAL_InitTick
                0x080017a0       0x50 build/stm32l4xx_hal.o
                0x080017a0                HAL_InitTick
 .text.HAL_Init
                0x080017f0       0x1e build/stm32l4xx_hal.o
                0x080017f0                HAL_Init
 *fill*         0x0800180e        0x2 
 .text.HAL_IncTick
                0x08001810       0x18 build/stm32l4xx_hal.o
                0x08001810                HAL_IncTick
 .text.HAL_GetTick
                0x08001828        0xc build/stm32l4xx_hal.o
                0x08001828                HAL_GetTick
 .text.HAL_Delay
                0x08001834       0x28 build/stm32l4xx_hal.o
                0x08001834                HAL_Delay
 .text.HAL_I2C_Init
                0x0800185c       0xbc build/stm32l4xx_hal_i2c.o
                0x0800185c                HAL_I2C_Init
 .text.HAL_I2CEx_ConfigAnalogFilter
                0x08001918       0x5c build/stm32l4xx_hal_i2c_ex.o
                0x08001918                HAL_I2CEx_ConfigAnalogFilter
 .text.HAL_I2CEx_ConfigDigitalFilter
                0x08001974       0x58 build/stm32l4xx_hal_i2c_ex.o
                0x08001974                HAL_I2CEx_ConfigDigitalFilter
 .text.RCC_SetFlashLatencyFromMSIRange
                0x080019cc       0x90 build/stm32l4xx_hal_rcc.o
 .text.HAL_RCC_GetSysClockFreq
                0x08001a5c       0xb4 build/stm32l4xx_hal_rcc.o
                0x08001a5c                HAL_RCC_GetSysClockFreq
 .text.HAL_RCC_OscConfig
                0x08001b10      0x62c build/stm32l4xx_hal_rcc.o
                0x08001b10                HAL_RCC_OscConfig
 .text.HAL_RCC_ClockConfig
                0x0800213c      0x15c build/stm32l4xx_hal_rcc.o
                0x0800213c                HAL_RCC_ClockConfig
 .text.HAL_RCC_GetHCLKFreq
                0x08002298        0xc build/stm32l4xx_hal_rcc.o
                0x08002298                HAL_RCC_GetHCLKFreq
 .text.HAL_RCC_GetPCLK1Freq
                0x080022a4       0x24 build/stm32l4xx_hal_rcc.o
                0x080022a4                HAL_RCC_GetPCLK1Freq
 .text.HAL_RCC_GetPCLK2Freq
                0x080022c8       0x24 build/stm32l4xx_hal_rcc.o
                0x080022c8                HAL_RCC_GetPCLK2Freq
 .text.RCCEx_PLLSAI1_Config
                0x080022ec      0x170 build/stm32l4xx_hal_rcc_ex.o
 .text.RCCEx_PLLSAI2_Config
                0x0800245c      0x14c build/stm32l4xx_hal_rcc_ex.o
 .text.HAL_RCCEx_PeriphCLKConfig
                0x080025a8      0x454 build/stm32l4xx_hal_rcc_ex.o
                0x080025a8                HAL_RCCEx_PeriphCLKConfig
 .text.HAL_RCCEx_EnableMSIPLLMode
                0x080029fc       0x10 build/stm32l4xx_hal_rcc_ex.o
                0x080029fc                HAL_RCCEx_EnableMSIPLLMode
 .text.HAL_GPIO_Init
                0x08002a0c      0x200 build/stm32l4xx_hal_gpio.o
                0x08002a0c                HAL_GPIO_Init
 .text.HAL_GPIO_WritePin
                0x08002c0c        0xa build/stm32l4xx_hal_gpio.o
                0x08002c0c                HAL_GPIO_WritePin
 .text.HAL_GPIO_EXTI_Callback
                0x08002c16        0x2 build/stm32l4xx_hal_gpio.o
                0x08002c16                HAL_GPIO_EXTI_Callback
 .text.HAL_GPIO_EXTI_IRQHandler
                0x08002c18       0x1c build/stm32l4xx_hal_gpio.o
                0x08002c18                HAL_GPIO_EXTI_IRQHandler
 .text.HAL_DMA_Init
                0x08002c34      0x108 build/stm32l4xx_hal_dma.o
                0x08002c34                HAL_DMA_Init
 .text.HAL_DMA_Abort
                0x08002d3c       0x4a build/stm32l4xx_hal_dma.o
                0x08002d3c                HAL_DMA_Abort
 .text.HAL_DMA_Abort_IT
                0x08002d86       0x50 build/stm32l4xx_hal_dma.o
                0x08002d86                HAL_DMA_Abort_IT
 .text.HAL_DMA_IRQHandler
                0x08002dd6       0xc4 build/stm32l4xx_hal_dma.o
                0x08002dd6                HAL_DMA_IRQHandler
 *fill*         0x08002e9a        0x2 
 .text.HAL_PWR_EnableBkUpAccess
                0x08002e9c       0x10 build/stm32l4xx_hal_pwr.o
                0x08002e9c                HAL_PWR_EnableBkUpAccess
 .text.HAL_PWREx_GetVoltageRange
                0x08002eac       0x10 build/stm32l4xx_hal_pwr_ex.o
                0x08002eac                HAL_PWREx_GetVoltageRange
 .text.HAL_PWREx_ControlVoltageScaling
                0x08002ebc       0x90 build/stm32l4xx_hal_pwr_ex.o
                0x08002ebc                HAL_PWREx_ControlVoltageScaling
 .text.HAL_PWREx_EnableVddUSB
                0x08002f4c       0x10 build/stm32l4xx_hal_pwr_ex.o
                0x08002f4c                HAL_PWREx_EnableVddUSB
 .text.HAL_NVIC_SetPriorityGrouping
                0x08002f5c       0x24 build/stm32l4xx_hal_cortex.o
                0x08002f5c                HAL_NVIC_SetPriorityGrouping
 .text.HAL_NVIC_SetPriority
                0x08002f80       0x70 build/stm32l4xx_hal_cortex.o
                0x08002f80                HAL_NVIC_SetPriority
 .text.HAL_NVIC_EnableIRQ
                0x08002ff0       0x1c build/stm32l4xx_hal_cortex.o
                0x08002ff0                HAL_NVIC_EnableIRQ
 .text.HAL_SYSTICK_Config
                0x0800300c       0x28 build/stm32l4xx_hal_cortex.o
                0x0800300c                HAL_SYSTICK_Config
 .text.QSPI_WaitFlagStateUntilTimeout
                0x08003034       0x54 build/stm32l4xx_hal_qspi.o
 .text.HAL_QSPI_SetTimeout
                0x08003088        0x4 build/stm32l4xx_hal_qspi.o
                0x08003088                HAL_QSPI_SetTimeout
 .text.HAL_QSPI_Init
                0x0800308c       0xa8 build/stm32l4xx_hal_qspi.o
                0x0800308c                HAL_QSPI_Init
 .text.HAL_SPI_Init
                0x08003134       0xde build/stm32l4xx_hal_spi.o
                0x08003134                HAL_SPI_Init
 .text.HAL_SPI_ErrorCallback
                0x08003212        0x2 build/stm32l4xx_hal_spi.o
                0x08003212                HAL_SPI_ErrorCallback
 .text.HAL_SPI_IRQHandler
                0x08003214      0x124 build/stm32l4xx_hal_spi.o
                0x08003214                HAL_SPI_IRQHandler
 .text.SPI_DMAAbortOnError
                0x08003338       0x12 build/stm32l4xx_hal_spi.o
 .text.UART_EndRxTransfer
                0x0800334a       0x50 build/stm32l4xx_hal_uart.o
 .text.HAL_UART_TxCpltCallback
                0x0800339a        0x2 build/stm32l4xx_hal_uart.o
                0x0800339a                HAL_UART_TxCpltCallback
 .text.UART_EndTransmit_IT
                0x0800339c       0x22 build/stm32l4xx_hal_uart.o
 .text.HAL_UART_ErrorCallback
                0x080033be        0x2 build/stm32l4xx_hal_uart.o
                0x080033be                HAL_UART_ErrorCallback
 .text.UART_DMAAbortOnError
                0x080033c0       0x14 build/stm32l4xx_hal_uart.o
 .text.HAL_UARTEx_RxEventCallback
                0x080033d4        0x2 build/stm32l4xx_hal_uart.o
                0x080033d4                HAL_UARTEx_RxEventCallback
 *fill*         0x080033d6        0x2 
 .text.HAL_UART_IRQHandler
                0x080033d8      0x2e4 build/stm32l4xx_hal_uart.o
                0x080033d8                HAL_UART_IRQHandler
 .text.UART_SetConfig
                0x080036bc      0x328 build/stm32l4xx_hal_uart.o
                0x080036bc                UART_SetConfig
 .text.UART_AdvFeatureConfig
                0x080039e4       0xca build/stm32l4xx_hal_uart.o
                0x080039e4                UART_AdvFeatureConfig
 .text.UART_WaitOnFlagUntilTimeout
                0x08003aae       0xd4 build/stm32l4xx_hal_uart.o
                0x08003aae                UART_WaitOnFlagUntilTimeout
 .text.UART_CheckIdleState
                0x08003b82       0x70 build/stm32l4xx_hal_uart.o
                0x08003b82                UART_CheckIdleState
 .text.HAL_UART_Init
                0x08003bf2       0x62 build/stm32l4xx_hal_uart.o
                0x08003bf2                HAL_UART_Init
 .text.HAL_UARTEx_WakeupCallback
                0x08003c54        0x2 build/stm32l4xx_hal_uart_ex.o
                0x08003c54                HAL_UARTEx_WakeupCallback
 .text.HAL_PCD_Init
                0x08003c56      0x13c build/stm32l4xx_hal_pcd.o
                0x08003c56                HAL_PCD_Init
 .text.HAL_PCDEx_ActivateLPM
                0x08003d92       0x26 build/stm32l4xx_hal_pcd_ex.o
                0x08003d92                HAL_PCDEx_ActivateLPM
 .text.USB_CoreReset
                0x08003db8       0x4c build/stm32l4xx_ll_usb.o
 .text.USB_CoreInit
                0x08003e04       0x38 build/stm32l4xx_ll_usb.o
                0x08003e04                USB_CoreInit
 .text.USB_DisableGlobalInt
                0x08003e3c        0xc build/stm32l4xx_ll_usb.o
                0x08003e3c                USB_DisableGlobalInt
 .text.USB_FlushTxFifo
                0x08003e48       0x4c build/stm32l4xx_ll_usb.o
                0x08003e48                USB_FlushTxFifo
 .text.USB_FlushRxFifo
                0x08003e94       0x48 build/stm32l4xx_ll_usb.o
                0x08003e94                USB_FlushRxFifo
 .text.USB_SetDevSpeed
                0x08003edc        0xe build/stm32l4xx_ll_usb.o
                0x08003edc                USB_SetDevSpeed
 *fill*         0x08003eea        0x2 
 .text.USB_DevInit
                0x08003eec      0x164 build/stm32l4xx_ll_usb.o
                0x08003eec                USB_DevInit
 .text.USB_DevDisconnect
                0x08004050       0x1c build/stm32l4xx_ll_usb.o
                0x08004050                USB_DevDisconnect
 .text.USB_GetMode
                0x0800406c        0x8 build/stm32l4xx_ll_usb.o
                0x0800406c                USB_GetMode
 .text.USB_SetCurrentMode
                0x08004074       0x62 build/stm32l4xx_ll_usb.o
                0x08004074                USB_SetCurrentMode
 *fill*         0x080040d6        0x2 
 .text.SystemInit
                0x080040d8       0x14 build/system_stm32l4xx.o
                0x080040d8                SystemInit
 .text.Reset_Handler
                0x080040ec       0x50 build/startup_stm32l475xx.o
                0x080040ec                Reset_Handler
 .text.Default_Handler
                0x0800413c        0x2 build/startup_stm32l475xx.o
                0x0800413c                RTC_Alarm_IRQHandler
                0x0800413c                EXTI2_IRQHandler
                0x0800413c                TIM8_TRG_COM_IRQHandler
                0x0800413c                TIM8_CC_IRQHandler
                0x0800413c                TIM1_CC_IRQHandler
                0x0800413c                TSC_IRQHandler
                0x0800413c                TAMP_STAMP_IRQHandler
                0x0800413c                EXTI3_IRQHandler
                0x0800413c                LPTIM2_IRQHandler
                0x0800413c                DFSDM1_FLT1_IRQHandler
                0x0800413c                I2C3_ER_IRQHandler
                0x0800413c                DFSDM1_FLT2_IRQHandler
                0x0800413c                EXTI0_IRQHandler
                0x0800413c                I2C2_EV_IRQHandler
                0x0800413c                CAN1_RX0_IRQHandler
                0x0800413c                FPU_IRQHandler
                0x0800413c                TIM1_UP_TIM16_IRQHandler
                0x0800413c                ADC1_2_IRQHandler
                0x0800413c                SPI1_IRQHandler
                0x0800413c                TIM6_DAC_IRQHandler
                0x0800413c                TIM8_UP_IRQHandler
                0x0800413c                DMA2_Channel2_IRQHandler
                0x0800413c                SAI2_IRQHandler
                0x0800413c                DFSDM1_FLT3_IRQHandler
                0x0800413c                DMA1_Channel7_IRQHandler
                0x0800413c                CAN1_RX1_IRQHandler
                0x0800413c                UART5_IRQHandler
                0x0800413c                ADC3_IRQHandler
                0x0800413c                TIM4_IRQHandler
                0x0800413c                DMA2_Channel1_IRQHandler
                0x0800413c                QUADSPI_IRQHandler
                0x0800413c                I2C1_EV_IRQHandler
                0x0800413c                DMA1_Channel6_IRQHandler
                0x0800413c                UART4_IRQHandler
                0x0800413c                DMA2_Channel4_IRQHandler
                0x0800413c                TIM3_IRQHandler
                0x0800413c                RCC_IRQHandler
                0x0800413c                DMA1_Channel1_IRQHandler
                0x0800413c                Default_Handler
                0x0800413c                DMA2_Channel7_IRQHandler
                0x0800413c                TIM7_IRQHandler
                0x0800413c                SDMMC1_IRQHandler
                0x0800413c                TIM5_IRQHandler
                0x0800413c                I2C3_EV_IRQHandler
                0x0800413c                RTC_WKUP_IRQHandler
                0x0800413c                PVD_PVM_IRQHandler
                0x0800413c                CAN1_TX_IRQHandler
                0x0800413c                DMA2_Channel5_IRQHandler
                0x0800413c                EXTI4_IRQHandler
                0x0800413c                RNG_IRQHandler
                0x0800413c                TIM1_TRG_COM_TIM17_IRQHandler
                0x0800413c                COMP_IRQHandler
                0x0800413c                WWDG_IRQHandler
                0x0800413c                LPUART1_IRQHandler
                0x0800413c                DMA2_Channel6_IRQHandler
                0x0800413c                TIM2_IRQHandler
                0x0800413c                EXTI1_IRQHandler
                0x0800413c                USART2_IRQHandler
                0x0800413c                DFSDM1_FLT0_IRQHandler
                0x0800413c                I2C2_ER_IRQHandler
                0x0800413c                TIM8_BRK_IRQHandler
                0x0800413c                CAN1_SCE_IRQHandler
                0x0800413c                FLASH_IRQHandler
                0x0800413c                OTG_FS_IRQHandler
                0x0800413c                I2C1_ER_IRQHandler
                0x0800413c                FMC_IRQHandler
                0x0800413c                SWPMI1_IRQHandler
                0x0800413c                LPTIM1_IRQHandler
                0x0800413c                SAI1_IRQHandler
                0x0800413c                DMA2_Channel3_IRQHandler
                0x0800413c                TIM1_BRK_TIM15_IRQHandler
 *fill*         0x0800413e        0x2 
 .text.__libc_init_array
                0x08004140       0x48 c:/tools/gcc-arm-none-eabi-10.3-2021.10-win32/gcc-arm-none-eabi-10.3-2021.10/bin/../lib/gcc/arm-none-eabi/10.3.1/../../../../arm-none-eabi/lib/thumb/v7e-m+fp/hard\libc_nano.a(lib_a-init.o)
                0x08004140                __libc_init_array
 .text.memset   0x08004188       0x10 c:/tools/gcc-arm-none-eabi-10.3-2021.10-win32/gcc-arm-none-eabi-10.3-2021.10/bin/../lib/gcc/arm-none-eabi/10.3.1/../../../../arm-none-eabi/lib/thumb/v7e-m+fp/hard\libc_nano.a(lib_a-memset.o)
                0x08004188                memset
 *(.glue_7)
 .glue_7        0x08004198        0x0 linker stubs
 *(.glue_7t)
 .glue_7t       0x08004198        0x0 linker stubs
 *(.eh_frame)
 .eh_frame      0x08004198        0x0 c:/tools/gcc-arm-none-eabi-10.3-2021.10-win32/gcc-arm-none-eabi-10.3-2021.10/bin/../lib/gcc/arm-none-eabi/10.3.1/thumb/v7e-m+fp/hard/crtbegin.o
 *(.init)
 .init          0x08004198        0x4 c:/tools/gcc-arm-none-eabi-10.3-2021.10-win32/gcc-arm-none-eabi-10.3-2021.10/bin/../lib/gcc/arm-none-eabi/10.3.1/thumb/v7e-m+fp/hard/crti.o
                0x08004198                _init
 .init          0x0800419c        0x8 c:/tools/gcc-arm-none-eabi-10.3-2021.10-win32/gcc-arm-none-eabi-10.3-2021.10/bin/../lib/gcc/arm-none-eabi/10.3.1/thumb/v7e-m+fp/hard/crtn.o
 *(.fini)
 .fini          0x080041a4        0x4 c:/tools/gcc-arm-none-eabi-10.3-2021.10-win32/gcc-arm-none-eabi-10.3-2021.10/bin/../lib/gcc/arm-none-eabi/10.3.1/thumb/v7e-m+fp/hard/crti.o
                0x080041a4                _fini
 .fini          0x080041a8        0x8 c:/tools/gcc-arm-none-eabi-10.3-2021.10-win32/gcc-arm-none-eabi-10.3-2021.10/bin/../lib/gcc/arm-none-eabi/10.3.1/thumb/v7e-m+fp/hard/crtn.o
                0x080041b0                . = ALIGN (0x8)
                0x080041b0                _etext = .

.vfp11_veneer   0x080041b0        0x0
 .vfp11_veneer  0x080041b0        0x0 linker stubs

.v4_bx          0x080041b0        0x0
 .v4_bx         0x080041b0        0x0 linker stubs

.iplt           0x080041b0        0x0
 .iplt          0x080041b0        0x0 c:/tools/gcc-arm-none-eabi-10.3-2021.10-win32/gcc-arm-none-eabi-10.3-2021.10/bin/../lib/gcc/arm-none-eabi/10.3.1/thumb/v7e-m+fp/hard/crtbegin.o

.rodata         0x080041b0       0x50
                0x080041b0                . = ALIGN (0x8)
 *(.rodata)
 .rodata        0x080041b0        0x5 build/main.o
 *(.rodata*)
 *fill*         0x080041b5        0x3 
 .rodata.AHBPrescTable
                0x080041b8       0x10 build/system_stm32l4xx.o
                0x080041b8                AHBPrescTable
 .rodata.APBPrescTable
                0x080041c8        0x8 build/system_stm32l4xx.o
                0x080041c8                APBPrescTable
 .rodata.MSIRangeTable
                0x080041d0       0x30 build/system_stm32l4xx.o
                0x080041d0                MSIRangeTable
                0x08004200                . = ALIGN (0x8)

.ARM.extab      0x08004200        0x0
                0x08004200                . = ALIGN (0x8)
 *(.ARM.extab* .gnu.linkonce.armextab.*)
                0x08004200                . = ALIGN (0x8)

.ARM            0x08004200        0x8
                0x08004200                . = ALIGN (0x8)
                0x08004200                __exidx_start = .
 *(.ARM.exidx*)
 .ARM.exidx     0x08004200        0x8 c:/tools/gcc-arm-none-eabi-10.3-2021.10-win32/gcc-arm-none-eabi-10.3-2021.10/bin/../lib/gcc/arm-none-eabi/10.3.1/thumb/v7e-m+fp/hard\libgcc.a(_udivmoddi4.o)
                0x08004208                __exidx_end = .
                0x08004208                . = ALIGN (0x8)

.rel.dyn        0x08004208        0x0
 .rel.iplt      0x08004208        0x0 c:/tools/gcc-arm-none-eabi-10.3-2021.10-win32/gcc-arm-none-eabi-10.3-2021.10/bin/../lib/gcc/arm-none-eabi/10.3.1/thumb/v7e-m+fp/hard/crtbegin.o

.preinit_array  0x08004208        0x0
                0x08004208                . = ALIGN (0x8)
                0x08004208                PROVIDE (__preinit_array_start = .)
 *(.preinit_array*)
                0x08004208                PROVIDE (__preinit_array_end = .)
                0x08004208                . = ALIGN (0x8)

.init_array     0x08004208        0x8
                0x08004208                . = ALIGN (0x8)
                0x08004208                PROVIDE (__init_array_start = .)
 *(SORT_BY_NAME(.init_array.*))
 *(.init_array*)
 .init_array    0x08004208        0x4 c:/tools/gcc-arm-none-eabi-10.3-2021.10-win32/gcc-arm-none-eabi-10.3-2021.10/bin/../lib/gcc/arm-none-eabi/10.3.1/thumb/v7e-m+fp/hard/crtbegin.o
                0x0800420c                PROVIDE (__init_array_end = .)
                0x08004210                . = ALIGN (0x8)
 *fill*         0x0800420c        0x4 

.fini_array     0x08004210        0x8
                0x08004210                . = ALIGN (0x8)
                [!provide]                PROVIDE (__fini_array_start = .)
 *(SORT_BY_NAME(.fini_array.*))
 *(.fini_array*)
 .fini_array    0x08004210        0x4 c:/tools/gcc-arm-none-eabi-10.3-2021.10-win32/gcc-arm-none-eabi-10.3-2021.10/bin/../lib/gcc/arm-none-eabi/10.3.1/thumb/v7e-m+fp/hard/crtbegin.o
                [!provide]                PROVIDE (__fini_array_end = .)
                0x08004218                . = ALIGN (0x8)
 *fill*         0x08004214        0x4 
                0x08004218                _sidata = LOADADDR (.data)

.data           0x20000000       0x10 load address 0x08004218
                0x20000000                . = ALIGN (0x8)
                0x20000000                _sdata = .
 *(.data)
 *(.data*)
 .data.uwTickFreq
                0x20000000        0x1 build/stm32l4xx_hal.o
                0x20000000                uwTickFreq
 *fill*         0x20000001        0x3 
 .data.uwTickPrio
                0x20000004        0x4 build/stm32l4xx_hal.o
                0x20000004                uwTickPrio
 .data.SystemCoreClock
                0x20000008        0x4 build/system_stm32l4xx.o
                0x20000008                SystemCoreClock
                0x20000010                . = ALIGN (0x8)
 *fill*         0x2000000c        0x4 
                0x20000010                _edata = .

.igot.plt       0x20000010        0x0 load address 0x08004228
 .igot.plt      0x20000010        0x0 c:/tools/gcc-arm-none-eabi-10.3-2021.10-win32/gcc-arm-none-eabi-10.3-2021.10/bin/../lib/gcc/arm-none-eabi/10.3.1/thumb/v7e-m+fp/hard/crtbegin.o
                0x20000010                . = ALIGN (0x4)

.bss            0x20000010      0xa30 load address 0x08004228
                0x20000010                _sbss = .
                0x20000010                __bss_start__ = _sbss
 *(.bss)
 .bss           0x20000010       0x1c c:/tools/gcc-arm-none-eabi-10.3-2021.10-win32/gcc-arm-none-eabi-10.3-2021.10/bin/../lib/gcc/arm-none-eabi/10.3.1/thumb/v7e-m+fp/hard/crtbegin.o
 *(.bss*)
 .bss._rx_buffer1
                0x2000002c        0x4 build/main.o
                0x2000002c                _rx_buffer1
 .bss._rx_buffer2
                0x20000030        0x4 build/main.o
                0x20000030                _rx_buffer2
 .bss.tx_buffer1
                0x20000034       0x6c build/main.o
                0x20000034                tx_buffer1
 .bss.DFSDM1_Init
                0x200000a0        0x4 build/dfsdm.o
 .bss.hdfsdm1_channel1
                0x200000a4       0x38 build/dfsdm.o
                0x200000a4                hdfsdm1_channel1
 .bss.hi2c2     0x200000dc       0x4c build/i2c.o
                0x200000dc                hi2c2
 .bss.hqspi     0x20000128       0x44 build/quadspi.o
                0x20000128                hqspi
 .bss.hspi1     0x2000016c       0x64 build/spi.o
                0x2000016c                hspi1
 .bss.hspi2     0x200001d0       0x64 build/spi.o
                0x200001d0                hspi2
 .bss.hspi3     0x20000234       0x64 build/spi.o
                0x20000234                hspi3
 .bss.hdma_usart1_rx
                0x20000298       0x48 build/usart.o
                0x20000298                hdma_usart1_rx
 .bss.hdma_usart1_tx
                0x200002e0       0x48 build/usart.o
                0x200002e0                hdma_usart1_tx
 .bss.hdma_usart3_rx
                0x20000328       0x48 build/usart.o
                0x20000328                hdma_usart3_rx
 .bss.hdma_usart3_tx
                0x20000370       0x48 build/usart.o
                0x20000370                hdma_usart3_tx
 .bss.huart1    0x200003b8       0x84 build/usart.o
                0x200003b8                huart1
 .bss.huart3    0x2000043c       0x84 build/usart.o
                0x2000043c                huart3
 .bss.hpcd_USB_OTG_FS
                0x200004c0      0x408 build/usb_otg.o
                0x200004c0                hpcd_USB_OTG_FS
 .bss._rx_buffer2
                0x200008c8        0x4 build/ring_buffer.o
 .bss._tx_buffer1
                0x200008cc        0x4 build/ring_buffer.o
 .bss._tx_buffer2
                0x200008d0        0x4 build/ring_buffer.o
 .bss.rx_buffer1
                0x200008d4       0x6c build/ring_buffer.o
 .bss.rx_buffer2
                0x20000940       0x6c build/ring_buffer.o
 .bss.tx_buffer2
                0x200009ac       0x6c build/ring_buffer.o
 .bss.a_dfsdm1ChannelHandle
                0x20000a18       0x20 build/stm32l4xx_hal_dfsdm.o
 .bss.v_dfsdm1ChannelCounter
                0x20000a38        0x4 build/stm32l4xx_hal_dfsdm.o
 .bss.uwTick    0x20000a3c        0x4 build/stm32l4xx_hal.o
                0x20000a3c                uwTick
 *(COMMON)
                0x20000a40                . = ALIGN (0x4)
                0x20000a40                _ebss = .
                0x20000a40                __bss_end__ = _ebss

._user_heap_stack
                0x20000a40      0x600 load address 0x08004228
                0x20000a40                . = ALIGN (0x8)
                [!provide]                PROVIDE (end = .)
                [!provide]                PROVIDE (_end = .)
                0x20000c40                . = (. + _Min_Heap_Size)
 *fill*         0x20000a40      0x200 
                0x20001040                . = (. + _Min_Stack_Size)
 *fill*         0x20000c40      0x400 
                0x20001040                . = ALIGN (0x8)

/DISCARD/
 libc.a(*)
 libm.a(*)
 libgcc.a(*)

.ARM.attributes
                0x00000000       0x30
 *(.ARM.attributes)
 .ARM.attributes
                0x00000000       0x1e c:/tools/gcc-arm-none-eabi-10.3-2021.10-win32/gcc-arm-none-eabi-10.3-2021.10/bin/../lib/gcc/arm-none-eabi/10.3.1/thumb/v7e-m+fp/hard/crti.o
 .ARM.attributes
                0x0000001e       0x34 c:/tools/gcc-arm-none-eabi-10.3-2021.10-win32/gcc-arm-none-eabi-10.3-2021.10/bin/../lib/gcc/arm-none-eabi/10.3.1/thumb/v7e-m+fp/hard/crtbegin.o
 .ARM.attributes
                0x00000052       0x34 build/main.o
 .ARM.attributes
                0x00000086       0x34 build/gpio.o
 .ARM.attributes
                0x000000ba       0x34 build/dfsdm.o
 .ARM.attributes
                0x000000ee       0x34 build/dma.o
 .ARM.attributes
                0x00000122       0x34 build/i2c.o
 .ARM.attributes
                0x00000156       0x34 build/quadspi.o
 .ARM.attributes
                0x0000018a       0x34 build/spi.o
 .ARM.attributes
                0x000001be       0x34 build/usart.o
 .ARM.attributes
                0x000001f2       0x34 build/usb_otg.o
 .ARM.attributes
                0x00000226       0x34 build/stm32l4xx_it.o
 .ARM.attributes
                0x0000025a       0x34 build/stm32l4xx_hal_msp.o
 .ARM.attributes
                0x0000028e       0x34 build/ring_buffer.o
 .ARM.attributes
                0x000002c2       0x34 build/stm32l4xx_hal_dfsdm.o
 .ARM.attributes
                0x000002f6       0x34 build/stm32l4xx_hal.o
 .ARM.attributes
                0x0000032a       0x34 build/stm32l4xx_hal_i2c.o
 .ARM.attributes
                0x0000035e       0x34 build/stm32l4xx_hal_i2c_ex.o
 .ARM.attributes
                0x00000392       0x34 build/stm32l4xx_hal_rcc.o
 .ARM.attributes
                0x000003c6       0x34 build/stm32l4xx_hal_rcc_ex.o
 .ARM.attributes
                0x000003fa       0x34 build/stm32l4xx_hal_gpio.o
 .ARM.attributes
                0x0000042e       0x34 build/stm32l4xx_hal_dma.o
 .ARM.attributes
                0x00000462       0x34 build/stm32l4xx_hal_pwr.o
 .ARM.attributes
                0x00000496       0x34 build/stm32l4xx_hal_pwr_ex.o
 .ARM.attributes
                0x000004ca       0x34 build/stm32l4xx_hal_cortex.o
 .ARM.attributes
                0x000004fe       0x34 build/stm32l4xx_hal_qspi.o
 .ARM.attributes
                0x00000532       0x34 build/stm32l4xx_hal_spi.o
 .ARM.attributes
                0x00000566       0x34 build/stm32l4xx_hal_uart.o
 .ARM.attributes
                0x0000059a       0x34 build/stm32l4xx_hal_uart_ex.o
 .ARM.attributes
                0x000005ce       0x34 build/stm32l4xx_hal_pcd.o
 .ARM.attributes
                0x00000602       0x34 build/stm32l4xx_hal_pcd_ex.o
 .ARM.attributes
                0x00000636       0x34 build/stm32l4xx_ll_usb.o
 .ARM.attributes
                0x0000066a       0x34 build/system_stm32l4xx.o
 .ARM.attributes
                0x0000069e       0x21 build/startup_stm32l475xx.o
 .ARM.attributes
                0x000006bf       0x34 c:/tools/gcc-arm-none-eabi-10.3-2021.10-win32/gcc-arm-none-eabi-10.3-2021.10/bin/../lib/gcc/arm-none-eabi/10.3.1/../../../../arm-none-eabi/lib/thumb/v7e-m+fp/hard\libc_nano.a(lib_a-init.o)
 .ARM.attributes
                0x000006f3       0x34 c:/tools/gcc-arm-none-eabi-10.3-2021.10-win32/gcc-arm-none-eabi-10.3-2021.10/bin/../lib/gcc/arm-none-eabi/10.3.1/../../../../arm-none-eabi/lib/thumb/v7e-m+fp/hard\libc_nano.a(lib_a-memset.o)
 .ARM.attributes
                0x00000727       0x17 c:/tools/gcc-arm-none-eabi-10.3-2021.10-win32/gcc-arm-none-eabi-10.3-2021.10/bin/../lib/gcc/arm-none-eabi/10.3.1/../../../../arm-none-eabi/lib/thumb/v7e-m+fp/hard\libc_nano.a(lib_a-strlen.o)
 .ARM.attributes
                0x0000073e       0x1e c:/tools/gcc-arm-none-eabi-10.3-2021.10-win32/gcc-arm-none-eabi-10.3-2021.10/bin/../lib/gcc/arm-none-eabi/10.3.1/thumb/v7e-m+fp/hard\libgcc.a(_aeabi_uldivmod.o)
 .ARM.attributes
                0x0000075c       0x34 c:/tools/gcc-arm-none-eabi-10.3-2021.10-win32/gcc-arm-none-eabi-10.3-2021.10/bin/../lib/gcc/arm-none-eabi/10.3.1/thumb/v7e-m+fp/hard\libgcc.a(_udivmoddi4.o)
 .ARM.attributes
                0x00000790       0x1e c:/tools/gcc-arm-none-eabi-10.3-2021.10-win32/gcc-arm-none-eabi-10.3-2021.10/bin/../lib/gcc/arm-none-eabi/10.3.1/thumb/v7e-m+fp/hard\libgcc.a(_dvmd_tls.o)
 .ARM.attributes
                0x000007ae       0x1e c:/tools/gcc-arm-none-eabi-10.3-2021.10-win32/gcc-arm-none-eabi-10.3-2021.10/bin/../lib/gcc/arm-none-eabi/10.3.1/thumb/v7e-m+fp/hard/crtn.o
OUTPUT(build/wifi_test.elf elf32-littlearm)
LOAD linker stubs
LOAD c:/tools/gcc-arm-none-eabi-10.3-2021.10-win32/gcc-arm-none-eabi-10.3-2021.10/bin/../lib/gcc/arm-none-eabi/10.3.1/../../../../arm-none-eabi/lib/thumb/v7e-m+fp/hard\libc.a
LOAD c:/tools/gcc-arm-none-eabi-10.3-2021.10-win32/gcc-arm-none-eabi-10.3-2021.10/bin/../lib/gcc/arm-none-eabi/10.3.1/../../../../arm-none-eabi/lib/thumb/v7e-m+fp/hard\libm.a
LOAD c:/tools/gcc-arm-none-eabi-10.3-2021.10-win32/gcc-arm-none-eabi-10.3-2021.10/bin/../lib/gcc/arm-none-eabi/10.3.1/thumb/v7e-m+fp/hard\libgcc.a

.debug_info     0x00000000    0x27062
 .debug_info    0x00000000     0x13cc build/main.o
 .debug_info    0x000013cc      0xac2 build/gpio.o
 .debug_info    0x00001e8e      0xb7a build/dfsdm.o
 .debug_info    0x00002a08      0x649 build/dma.o
 .debug_info    0x00003051      0xf10 build/i2c.o
 .debug_info    0x00003f61      0xb26 build/quadspi.o
 .debug_info    0x00004a87      0xfe5 build/spi.o
 .debug_info    0x00005a6c     0x1413 build/usart.o
 .debug_info    0x00006e7f      0xf24 build/usb_otg.o
 .debug_info    0x00007da3      0xd59 build/stm32l4xx_it.o
 .debug_info    0x00008afc      0x35f build/stm32l4xx_hal_msp.o
 .debug_info    0x00008e5b     0x15c8 build/ring_buffer.o
 .debug_info    0x0000a423     0x237b build/stm32l4xx_hal_dfsdm.o
 .debug_info    0x0000c79e      0xcda build/stm32l4xx_hal.o
 .debug_info    0x0000d478     0x4234 build/stm32l4xx_hal_i2c.o
 .debug_info    0x000116ac      0xb40 build/stm32l4xx_hal_i2c_ex.o
 .debug_info    0x000121ec     0x108c build/stm32l4xx_hal_rcc.o
 .debug_info    0x00013278     0x13d5 build/stm32l4xx_hal_rcc_ex.o
 .debug_info    0x0001464d      0x91b build/stm32l4xx_hal_gpio.o
 .debug_info    0x00014f68      0x8ea build/stm32l4xx_hal_dma.o
 .debug_info    0x00015852      0xaa6 build/stm32l4xx_hal_pwr.o
 .debug_info    0x000162f8      0xb9e build/stm32l4xx_hal_pwr_ex.o
 .debug_info    0x00016e96     0x1174 build/stm32l4xx_hal_cortex.o
 .debug_info    0x0001800a     0x19e5 build/stm32l4xx_hal_qspi.o
 .debug_info    0x000199ef     0x230f build/stm32l4xx_hal_spi.o
 .debug_info    0x0001bcfe     0x53d2 build/stm32l4xx_hal_uart.o
 .debug_info    0x000210d0     0x1120 build/stm32l4xx_hal_uart_ex.o
 .debug_info    0x000221f0     0x1be7 build/stm32l4xx_hal_pcd.o
 .debug_info    0x00023dd7      0xad6 build/stm32l4xx_hal_pcd_ex.o
 .debug_info    0x000248ad     0x2122 build/stm32l4xx_ll_usb.o
 .debug_info    0x000269cf      0x671 build/system_stm32l4xx.o
 .debug_info    0x00027040       0x22 build/startup_stm32l475xx.o

.debug_abbrev   0x00000000     0x452a
 .debug_abbrev  0x00000000      0x2c6 build/main.o
 .debug_abbrev  0x000002c6      0x15a build/gpio.o
 .debug_abbrev  0x00000420      0x1c1 build/dfsdm.o
 .debug_abbrev  0x000005e1      0x117 build/dma.o
 .debug_abbrev  0x000006f8      0x1f4 build/i2c.o
 .debug_abbrev  0x000008ec      0x1d7 build/quadspi.o
 .debug_abbrev  0x00000ac3      0x1e0 build/spi.o
 .debug_abbrev  0x00000ca3      0x20c build/usart.o
 .debug_abbrev  0x00000eaf      0x1db build/usb_otg.o
 .debug_abbrev  0x0000108a      0x1af build/stm32l4xx_it.o
 .debug_abbrev  0x00001239       0xc1 build/stm32l4xx_hal_msp.o
 .debug_abbrev  0x000012fa      0x3ed build/ring_buffer.o
 .debug_abbrev  0x000016e7      0x292 build/stm32l4xx_hal_dfsdm.o
 .debug_abbrev  0x00001979      0x249 build/stm32l4xx_hal.o
 .debug_abbrev  0x00001bc2      0x2a9 build/stm32l4xx_hal_i2c.o
 .debug_abbrev  0x00001e6b      0x1b5 build/stm32l4xx_hal_i2c_ex.o
 .debug_abbrev  0x00002020      0x28e build/stm32l4xx_hal_rcc.o
 .debug_abbrev  0x000022ae      0x2b0 build/stm32l4xx_hal_rcc_ex.o
 .debug_abbrev  0x0000255e      0x222 build/stm32l4xx_hal_gpio.o
 .debug_abbrev  0x00002780      0x23b build/stm32l4xx_hal_dma.o
 .debug_abbrev  0x000029bb      0x1a6 build/stm32l4xx_hal_pwr.o
 .debug_abbrev  0x00002b61      0x234 build/stm32l4xx_hal_pwr_ex.o
 .debug_abbrev  0x00002d95      0x382 build/stm32l4xx_hal_cortex.o
 .debug_abbrev  0x00003117      0x25d build/stm32l4xx_hal_qspi.o
 .debug_abbrev  0x00003374      0x278 build/stm32l4xx_hal_spi.o
 .debug_abbrev  0x000035ec      0x316 build/stm32l4xx_hal_uart.o
 .debug_abbrev  0x00003902      0x2d4 build/stm32l4xx_hal_uart_ex.o
 .debug_abbrev  0x00003bd6      0x2c2 build/stm32l4xx_hal_pcd.o
 .debug_abbrev  0x00003e98      0x26c build/stm32l4xx_hal_pcd_ex.o
 .debug_abbrev  0x00004104      0x2f9 build/stm32l4xx_ll_usb.o
 .debug_abbrev  0x000043fd      0x11b build/system_stm32l4xx.o
 .debug_abbrev  0x00004518       0x12 build/startup_stm32l475xx.o

.debug_loc      0x00000000    0x1c0eb
 .debug_loc     0x00000000      0x184 build/main.o
 .debug_loc     0x00000184       0x39 build/gpio.o
 .debug_loc     0x000001bd       0xed build/dfsdm.o
 .debug_loc     0x000002aa       0x38 build/dma.o
 .debug_loc     0x000002e2      0x107 build/i2c.o
 .debug_loc     0x000003e9      0x108 build/quadspi.o
 .debug_loc     0x000004f1      0x1bc build/spi.o
 .debug_loc     0x000006ad      0x11e build/usart.o
 .debug_loc     0x000007cb      0x13b build/usb_otg.o
 .debug_loc     0x00000906      0x140 build/stm32l4xx_it.o
 .debug_loc     0x00000a46       0x2c build/stm32l4xx_hal_msp.o
 .debug_loc     0x00000a72      0xe23 build/ring_buffer.o
 .debug_loc     0x00001895     0x25e5 build/stm32l4xx_hal_dfsdm.o
 .debug_loc     0x00003e7a      0x2af build/stm32l4xx_hal.o
 .debug_loc     0x00004129     0x52b1 build/stm32l4xx_hal_i2c.o
 .debug_loc     0x000093da      0x25a build/stm32l4xx_hal_i2c_ex.o
 .debug_loc     0x00009634      0x9c6 build/stm32l4xx_hal_rcc.o
 .debug_loc     0x00009ffa     0x1cf1 build/stm32l4xx_hal_rcc_ex.o
 .debug_loc     0x0000bceb      0x496 build/stm32l4xx_hal_gpio.o
 .debug_loc     0x0000c181      0x94e build/stm32l4xx_hal_dma.o
 .debug_loc     0x0000cacf      0x1f1 build/stm32l4xx_hal_pwr.o
 .debug_loc     0x0000ccc0      0xb66 build/stm32l4xx_hal_pwr_ex.o
 .debug_loc     0x0000d826      0x7a4 build/stm32l4xx_hal_cortex.o
 .debug_loc     0x0000dfca     0x191d build/stm32l4xx_hal_qspi.o
 .debug_loc     0x0000f8e7     0x279d build/stm32l4xx_hal_spi.o
 .debug_loc     0x00012084     0x52ef build/stm32l4xx_hal_uart.o
 .debug_loc     0x00017373      0xd66 build/stm32l4xx_hal_uart_ex.o
 .debug_loc     0x000180d9     0x1504 build/stm32l4xx_hal_pcd.o
 .debug_loc     0x000195dd      0x28e build/stm32l4xx_hal_pcd_ex.o
 .debug_loc     0x0001986b     0x2759 build/stm32l4xx_ll_usb.o
 .debug_loc     0x0001bfc4      0x127 build/system_stm32l4xx.o

.debug_aranges  0x00000000     0x1798
 .debug_aranges
                0x00000000       0x40 build/main.o
 .debug_aranges
                0x00000040       0x20 build/gpio.o
 .debug_aranges
                0x00000060       0x30 build/dfsdm.o
 .debug_aranges
                0x00000090       0x20 build/dma.o
 .debug_aranges
                0x000000b0       0x30 build/i2c.o
 .debug_aranges
                0x000000e0       0x30 build/quadspi.o
 .debug_aranges
                0x00000110       0x40 build/spi.o
 .debug_aranges
                0x00000150       0x38 build/usart.o
 .debug_aranges
                0x00000188       0x30 build/usb_otg.o
 .debug_aranges
                0x000001b8       0xa8 build/stm32l4xx_it.o
 .debug_aranges
                0x00000260       0x20 build/stm32l4xx_hal_msp.o
 .debug_aranges
                0x00000280       0xb0 build/ring_buffer.o
 .debug_aranges
                0x00000330      0x248 build/stm32l4xx_hal_dfsdm.o
 .debug_aranges
                0x00000578      0x130 build/stm32l4xx_hal.o
 .debug_aranges
                0x000006a8      0x290 build/stm32l4xx_hal_i2c.o
 .debug_aranges
                0x00000938       0x48 build/stm32l4xx_hal_i2c_ex.o
 .debug_aranges
                0x00000980       0x90 build/stm32l4xx_hal_rcc.o
 .debug_aranges
                0x00000a10       0xc0 build/stm32l4xx_hal_rcc_ex.o
 .debug_aranges
                0x00000ad0       0x58 build/stm32l4xx_hal_gpio.o
 .debug_aranges
                0x00000b28       0x80 build/stm32l4xx_hal_dma.o
 .debug_aranges
                0x00000ba8       0x98 build/stm32l4xx_hal_pwr.o
 .debug_aranges
                0x00000c40      0x150 build/stm32l4xx_hal_pwr_ex.o
 .debug_aranges
                0x00000d90       0xa8 build/stm32l4xx_hal_cortex.o
 .debug_aranges
                0x00000e38      0x160 build/stm32l4xx_hal_qspi.o
 .debug_aranges
                0x00000f98      0x1d8 build/stm32l4xx_hal_spi.o
 .debug_aranges
                0x00001170      0x228 build/stm32l4xx_hal_uart.o
 .debug_aranges
                0x00001398       0x78 build/stm32l4xx_hal_uart_ex.o
 .debug_aranges
                0x00001410      0x138 build/stm32l4xx_hal_pcd.o
 .debug_aranges
                0x00001548       0x60 build/stm32l4xx_hal_pcd_ex.o
 .debug_aranges
                0x000015a8      0x1a0 build/stm32l4xx_ll_usb.o
 .debug_aranges
                0x00001748       0x28 build/system_stm32l4xx.o
 .debug_aranges
                0x00001770       0x28 build/startup_stm32l475xx.o

.debug_ranges   0x00000000     0x16b0
 .debug_ranges  0x00000000       0x30 build/main.o
 .debug_ranges  0x00000030       0x10 build/gpio.o
 .debug_ranges  0x00000040       0x20 build/dfsdm.o
 .debug_ranges  0x00000060       0x10 build/dma.o
 .debug_ranges  0x00000070       0x20 build/i2c.o
 .debug_ranges  0x00000090       0x20 build/quadspi.o
 .debug_ranges  0x000000b0       0x30 build/spi.o
 .debug_ranges  0x000000e0       0x28 build/usart.o
 .debug_ranges  0x00000108       0x20 build/usb_otg.o
 .debug_ranges  0x00000128       0x98 build/stm32l4xx_it.o
 .debug_ranges  0x000001c0       0x10 build/stm32l4xx_hal_msp.o
 .debug_ranges  0x000001d0       0xe8 build/ring_buffer.o
 .debug_ranges  0x000002b8      0x258 build/stm32l4xx_hal_dfsdm.o
 .debug_ranges  0x00000510      0x120 build/stm32l4xx_hal.o
 .debug_ranges  0x00000630      0x280 build/stm32l4xx_hal_i2c.o
 .debug_ranges  0x000008b0       0x38 build/stm32l4xx_hal_i2c_ex.o
 .debug_ranges  0x000008e8       0x98 build/stm32l4xx_hal_rcc.o
 .debug_ranges  0x00000980       0xc8 build/stm32l4xx_hal_rcc_ex.o
 .debug_ranges  0x00000a48       0x48 build/stm32l4xx_hal_gpio.o
 .debug_ranges  0x00000a90       0x70 build/stm32l4xx_hal_dma.o
 .debug_ranges  0x00000b00       0x88 build/stm32l4xx_hal_pwr.o
 .debug_ranges  0x00000b88      0x140 build/stm32l4xx_hal_pwr_ex.o
 .debug_ranges  0x00000cc8       0xf8 build/stm32l4xx_hal_cortex.o
 .debug_ranges  0x00000dc0      0x150 build/stm32l4xx_hal_qspi.o
 .debug_ranges  0x00000f10      0x1c8 build/stm32l4xx_hal_spi.o
 .debug_ranges  0x000010d8      0x230 build/stm32l4xx_hal_uart.o
 .debug_ranges  0x00001308       0x68 build/stm32l4xx_hal_uart_ex.o
 .debug_ranges  0x00001370      0x128 build/stm32l4xx_hal_pcd.o
 .debug_ranges  0x00001498       0x50 build/stm32l4xx_hal_pcd_ex.o
 .debug_ranges  0x000014e8      0x190 build/stm32l4xx_ll_usb.o
 .debug_ranges  0x00001678       0x18 build/system_stm32l4xx.o
 .debug_ranges  0x00001690       0x20 build/startup_stm32l475xx.o

.debug_line     0x00000000    0x1ccfe
 .debug_line    0x00000000      0x58d build/main.o
 .debug_line    0x0000058d      0x3f2 build/gpio.o
 .debug_line    0x0000097f      0x377 build/dfsdm.o
 .debug_line    0x00000cf6      0x1bd build/dma.o
 .debug_line    0x00000eb3      0x37f build/i2c.o
 .debug_line    0x00001232      0x2f9 build/quadspi.o
 .debug_line    0x0000152b      0x51c build/spi.o
 .debug_line    0x00001a47      0x5d4 build/usart.o
 .debug_line    0x0000201b      0x40e build/usb_otg.o
 .debug_line    0x00002429      0x402 build/stm32l4xx_it.o
 .debug_line    0x0000282b      0x18e build/stm32l4xx_hal_msp.o
 .debug_line    0x000029b9      0xf10 build/ring_buffer.o
 .debug_line    0x000038c9     0x1f08 build/stm32l4xx_hal_dfsdm.o
 .debug_line    0x000057d1      0x6c6 build/stm32l4xx_hal.o
 .debug_line    0x00005e97     0x49e4 build/stm32l4xx_hal_i2c.o
 .debug_line    0x0000a87b      0x4e9 build/stm32l4xx_hal_i2c_ex.o
 .debug_line    0x0000ad64      0xf05 build/stm32l4xx_hal_rcc.o
 .debug_line    0x0000bc69     0x1557 build/stm32l4xx_hal_rcc_ex.o
 .debug_line    0x0000d1c0      0x6fa build/stm32l4xx_hal_gpio.o
 .debug_line    0x0000d8ba      0xa51 build/stm32l4xx_hal_dma.o
 .debug_line    0x0000e30b      0x448 build/stm32l4xx_hal_pwr.o
 .debug_line    0x0000e753      0xad8 build/stm32l4xx_hal_pwr_ex.o
 .debug_line    0x0000f22b      0x7a1 build/stm32l4xx_hal_cortex.o
 .debug_line    0x0000f9cc     0x15c1 build/stm32l4xx_hal_qspi.o
 .debug_line    0x00010f8d     0x293a build/stm32l4xx_hal_spi.o
 .debug_line    0x000138c7     0x5299 build/stm32l4xx_hal_uart.o
 .debug_line    0x00018b60      0xbb5 build/stm32l4xx_hal_uart_ex.o
 .debug_line    0x00019715     0x1261 build/stm32l4xx_hal_pcd.o
 .debug_line    0x0001a976      0x4c6 build/stm32l4xx_hal_pcd_ex.o
 .debug_line    0x0001ae3c     0x1b86 build/stm32l4xx_ll_usb.o
 .debug_line    0x0001c9c2      0x2c6 build/system_stm32l4xx.o
 .debug_line    0x0001cc88       0x76 build/startup_stm32l475xx.o

.debug_str      0x00000000     0x7178
 .debug_str     0x00000000      0xb1e build/main.o
                                0xc70 (size before relaxing)
 .debug_str     0x00000b1e      0x5b0 build/gpio.o
                                0x8c2 (size before relaxing)
 .debug_str     0x000010ce      0x523 build/dfsdm.o
                                0x963 (size before relaxing)
 .debug_str     0x000015f1        0xf build/dma.o
                                0x7ec (size before relaxing)
 .debug_str     0x00001600      0x2f2 build/i2c.o
                                0xb9e (size before relaxing)
 .debug_str     0x000018f2      0x1e3 build/quadspi.o
                                0x7e2 (size before relaxing)
 .debug_str     0x00001ad5       0x5e build/spi.o
                                0xd13 (size before relaxing)
 .debug_str     0x00001b33       0xad build/usart.o
                               0x104c (size before relaxing)
 .debug_str     0x00001be0      0x3f9 build/usb_otg.o
                                0xafc (size before relaxing)
 .debug_str     0x00001fd9      0x1c5 build/stm32l4xx_it.o
                                0x94e (size before relaxing)
 .debug_str     0x0000219e       0x29 build/stm32l4xx_hal_msp.o
                                0x2fa (size before relaxing)
 .debug_str     0x000021c7      0x1c6 build/ring_buffer.o
                                0xa29 (size before relaxing)
 .debug_str     0x0000238d      0xbc3 build/stm32l4xx_hal_dfsdm.o
                               0x1251 (size before relaxing)
 .debug_str     0x00002f50      0x47f build/stm32l4xx_hal.o
                                0xcd7 (size before relaxing)
 .debug_str     0x000033cf      0x893 build/stm32l4xx_hal_i2c.o
                                0xf8f (size before relaxing)
 .debug_str     0x00003c62       0xb5 build/stm32l4xx_hal_i2c_ex.o
                                0x8ec (size before relaxing)
 .debug_str     0x00003d17      0x30c build/stm32l4xx_hal_rcc.o
                                0x88e (size before relaxing)
 .debug_str     0x00004023      0x307 build/stm32l4xx_hal_rcc_ex.o
                                0xaad (size before relaxing)
 .debug_str     0x0000432a       0xb3 build/stm32l4xx_hal_gpio.o
                                0x532 (size before relaxing)
 .debug_str     0x000043dd      0x1f4 build/stm32l4xx_hal_dma.o
                                0x635 (size before relaxing)
 .debug_str     0x000045d1      0x292 build/stm32l4xx_hal_pwr.o
                                0x6a0 (size before relaxing)
 .debug_str     0x00004863      0x3e8 build/stm32l4xx_hal_pwr_ex.o
                                0x806 (size before relaxing)
 .debug_str     0x00004c4b      0x41a build/stm32l4xx_hal_cortex.o
                                0xc09 (size before relaxing)
 .debug_str     0x00005065      0x4c7 build/stm32l4xx_hal_qspi.o
                                0xb2b (size before relaxing)
 .debug_str     0x0000552c      0x503 build/stm32l4xx_hal_spi.o
                                0xbd3 (size before relaxing)
 .debug_str     0x00005a2f      0x765 build/stm32l4xx_hal_uart.o
                                0xfde (size before relaxing)
 .debug_str     0x00006194      0x1da build/stm32l4xx_hal_uart_ex.o
                                0x902 (size before relaxing)
 .debug_str     0x0000636e      0x7ac build/stm32l4xx_hal_pcd.o
                                0xda5 (size before relaxing)
 .debug_str     0x00006b1a      0x1ac build/stm32l4xx_hal_pcd_ex.o
                                0x7d5 (size before relaxing)
 .debug_str     0x00006cc6      0x451 build/stm32l4xx_ll_usb.o
                                0xcc8 (size before relaxing)
 .debug_str     0x00007117       0x3d build/system_stm32l4xx.o
                                0x3cb (size before relaxing)
 .debug_str     0x00007154       0x24 build/startup_stm32l475xx.o
                                 0x5c (size before relaxing)

.comment        0x00000000       0x49
 .comment       0x00000000       0x49 build/main.o
                                 0x4a (size before relaxing)
 .comment       0x00000049       0x4a build/gpio.o
 .comment       0x00000049       0x4a build/dfsdm.o
 .comment       0x00000049       0x4a build/dma.o
 .comment       0x00000049       0x4a build/i2c.o
 .comment       0x00000049       0x4a build/quadspi.o
 .comment       0x00000049       0x4a build/spi.o
 .comment       0x00000049       0x4a build/usart.o
 .comment       0x00000049       0x4a build/usb_otg.o
 .comment       0x00000049       0x4a build/stm32l4xx_it.o
 .comment       0x00000049       0x4a build/stm32l4xx_hal_msp.o
 .comment       0x00000049       0x4a build/ring_buffer.o
 .comment       0x00000049       0x4a build/stm32l4xx_hal_dfsdm.o
 .comment       0x00000049       0x4a build/stm32l4xx_hal.o
 .comment       0x00000049       0x4a build/stm32l4xx_hal_i2c.o
 .comment       0x00000049       0x4a build/stm32l4xx_hal_i2c_ex.o
 .comment       0x00000049       0x4a build/stm32l4xx_hal_rcc.o
 .comment       0x00000049       0x4a build/stm32l4xx_hal_rcc_ex.o
 .comment       0x00000049       0x4a build/stm32l4xx_hal_gpio.o
 .comment       0x00000049       0x4a build/stm32l4xx_hal_dma.o
 .comment       0x00000049       0x4a build/stm32l4xx_hal_pwr.o
 .comment       0x00000049       0x4a build/stm32l4xx_hal_pwr_ex.o
 .comment       0x00000049       0x4a build/stm32l4xx_hal_cortex.o
 .comment       0x00000049       0x4a build/stm32l4xx_hal_qspi.o
 .comment       0x00000049       0x4a build/stm32l4xx_hal_spi.o
 .comment       0x00000049       0x4a build/stm32l4xx_hal_uart.o
 .comment       0x00000049       0x4a build/stm32l4xx_hal_uart_ex.o
 .comment       0x00000049       0x4a build/stm32l4xx_hal_pcd.o
 .comment       0x00000049       0x4a build/stm32l4xx_hal_pcd_ex.o
 .comment       0x00000049       0x4a build/stm32l4xx_ll_usb.o
 .comment       0x00000049       0x4a build/system_stm32l4xx.o

.debug_frame    0x00000000     0x3ec8
 .debug_frame   0x00000000       0x88 build/main.o
 .debug_frame   0x00000088       0x40 build/gpio.o
 .debug_frame   0x000000c8       0x60 build/dfsdm.o
 .debug_frame   0x00000128       0x2c build/dma.o
 .debug_frame   0x00000154       0x64 build/i2c.o
 .debug_frame   0x000001b8       0x60 build/quadspi.o
 .debug_frame   0x00000218       0x90 build/spi.o
 .debug_frame   0x000002a8       0x80 build/usart.o
 .debug_frame   0x00000328       0x6c build/usb_otg.o
 .debug_frame   0x00000394      0x180 build/stm32l4xx_it.o
 .debug_frame   0x00000514       0x28 build/stm32l4xx_hal_msp.o
 .debug_frame   0x0000053c      0x1e0 build/ring_buffer.o
 .debug_frame   0x0000071c      0x620 build/stm32l4xx_hal_dfsdm.o
 .debug_frame   0x00000d3c      0x274 build/stm32l4xx_hal.o
 .debug_frame   0x00000fb0      0x934 build/stm32l4xx_hal_i2c.o
 .debug_frame   0x000018e4       0x80 build/stm32l4xx_hal_i2c_ex.o
 .debug_frame   0x00001964      0x19c build/stm32l4xx_hal_rcc.o
 .debug_frame   0x00001b00      0x204 build/stm32l4xx_hal_rcc_ex.o
 .debug_frame   0x00001d04       0xd0 build/stm32l4xx_hal_gpio.o
 .debug_frame   0x00001dd4      0x150 build/stm32l4xx_hal_dma.o
 .debug_frame   0x00001f24      0x120 build/stm32l4xx_hal_pwr.o
 .debug_frame   0x00002044      0x298 build/stm32l4xx_hal_pwr_ex.o
 .debug_frame   0x000022dc      0x148 build/stm32l4xx_hal_cortex.o
 .debug_frame   0x00002424      0x40c build/stm32l4xx_hal_qspi.o
 .debug_frame   0x00002830      0x5d8 build/stm32l4xx_hal_spi.o
 .debug_frame   0x00002e08      0x600 build/stm32l4xx_hal_uart.o
 .debug_frame   0x00003408      0x148 build/stm32l4xx_hal_uart_ex.o
 .debug_frame   0x00003550      0x354 build/stm32l4xx_hal_pcd.o
 .debug_frame   0x000038a4       0xb8 build/stm32l4xx_hal_pcd_ex.o
 .debug_frame   0x0000395c      0x490 build/stm32l4xx_ll_usb.o
 .debug_frame   0x00003dec       0x30 build/system_stm32l4xx.o
 .debug_frame   0x00003e1c       0x2c c:/tools/gcc-arm-none-eabi-10.3-2021.10-win32/gcc-arm-none-eabi-10.3-2021.10/bin/../lib/gcc/arm-none-eabi/10.3.1/../../../../arm-none-eabi/lib/thumb/v7e-m+fp/hard\libc_nano.a(lib_a-init.o)
 .debug_frame   0x00003e48       0x20 c:/tools/gcc-arm-none-eabi-10.3-2021.10-win32/gcc-arm-none-eabi-10.3-2021.10/bin/../lib/gcc/arm-none-eabi/10.3.1/../../../../arm-none-eabi/lib/thumb/v7e-m+fp/hard\libc_nano.a(lib_a-memset.o)
 .debug_frame   0x00003e68       0x2c c:/tools/gcc-arm-none-eabi-10.3-2021.10-win32/gcc-arm-none-eabi-10.3-2021.10/bin/../lib/gcc/arm-none-eabi/10.3.1/thumb/v7e-m+fp/hard\libgcc.a(_aeabi_uldivmod.o)
 .debug_frame   0x00003e94       0x34 c:/tools/gcc-arm-none-eabi-10.3-2021.10-win32/gcc-arm-none-eabi-10.3-2021.10/bin/../lib/gcc/arm-none-eabi/10.3.1/thumb/v7e-m+fp/hard\libgcc.a(_udivmoddi4.o)

Cross Reference Table

Symbol                                            File
ADC1_2_IRQHandler                                 build/startup_stm32l475xx.o
ADC3_IRQHandler                                   build/startup_stm32l475xx.o
AHBPrescTable                                     build/system_stm32l4xx.o
                                                  build/stm32l4xx_hal_rcc.o
APBPrescTable                                     build/system_stm32l4xx.o
                                                  build/stm32l4xx_hal_rcc.o
BusFault_Handler                                  build/stm32l4xx_it.o
CAN1_RX0_IRQHandler                               build/startup_stm32l475xx.o
CAN1_RX1_IRQHandler                               build/startup_stm32l475xx.o
CAN1_SCE_IRQHandler                               build/startup_stm32l475xx.o
CAN1_TX_IRQHandler                                build/startup_stm32l475xx.o
COMP_IRQHandler                                   build/startup_stm32l475xx.o
Copy_upto                                         build/ring_buffer.o
DFSDM1_FLT0_IRQHandler                            build/startup_stm32l475xx.o
DFSDM1_FLT1_IRQHandler                            build/startup_stm32l475xx.o
DFSDM1_FLT2_IRQHandler                            build/startup_stm32l475xx.o
DFSDM1_FLT3_IRQHandler                            build/startup_stm32l475xx.o
DMA1_Channel1_IRQHandler                          build/startup_stm32l475xx.o
DMA1_Channel2_IRQHandler                          build/stm32l4xx_it.o
DMA1_Channel3_IRQHandler                          build/stm32l4xx_it.o
DMA1_Channel4_IRQHandler                          build/stm32l4xx_it.o
DMA1_Channel5_IRQHandler                          build/stm32l4xx_it.o
DMA1_Channel6_IRQHandler                          build/startup_stm32l475xx.o
DMA1_Channel7_IRQHandler                          build/startup_stm32l475xx.o
DMA2_Channel1_IRQHandler                          build/startup_stm32l475xx.o
DMA2_Channel2_IRQHandler                          build/startup_stm32l475xx.o
DMA2_Channel3_IRQHandler                          build/startup_stm32l475xx.o
DMA2_Channel4_IRQHandler                          build/startup_stm32l475xx.o
DMA2_Channel5_IRQHandler                          build/startup_stm32l475xx.o
DMA2_Channel6_IRQHandler                          build/startup_stm32l475xx.o
DMA2_Channel7_IRQHandler                          build/startup_stm32l475xx.o
DMA_MIN_SIZE                                      build/st7789.o
DebugMon_Handler                                  build/stm32l4xx_it.o
Default_Handler                                   build/startup_stm32l475xx.o
EXTI0_IRQHandler                                  build/startup_stm32l475xx.o
EXTI15_10_IRQHandler                              build/stm32l4xx_it.o
EXTI1_IRQHandler                                  build/startup_stm32l475xx.o
EXTI2_IRQHandler                                  build/startup_stm32l475xx.o
EXTI3_IRQHandler                                  build/startup_stm32l475xx.o
EXTI4_IRQHandler                                  build/startup_stm32l475xx.o
EXTI9_5_IRQHandler                                build/stm32l4xx_it.o
Error_Handler                                     build/main.o
                                                  build/usb_otg.o
                                                  build/usart.o
                                                  build/spi.o
                                                  build/quadspi.o
                                                  build/i2c.o
                                                  build/dfsdm.o
FLASH_FlushCaches                                 build/stm32l4xx_hal_flash_ex.o
                                                  build/stm32l4xx_hal_flash.o
FLASH_IRQHandler                                  build/startup_stm32l475xx.o
FLASH_PageErase                                   build/stm32l4xx_hal_flash_ex.o
                                                  build/stm32l4xx_hal_flash.o
FLASH_WaitForLastOperation                        build/stm32l4xx_hal_flash.o
                                                  build/stm32l4xx_hal_flash_ex.o
FMC_IRQHandler                                    build/startup_stm32l475xx.o
FPU_IRQHandler                                    build/startup_stm32l475xx.o
Font_11x18                                        build/fonts.o
                                                  build/st7789.o
Font_16x26                                        build/fonts.o
                                                  build/st7789.o
Font_7x10                                         build/fonts.o
                                                  build/st7789.o
GetDataFromBuffer                                 build/ring_buffer.o
Get_after                                         build/ring_buffer.o
HAL_DBGMCU_DisableDBGSleepMode                    build/stm32l4xx_hal.o
HAL_DBGMCU_DisableDBGStandbyMode                  build/stm32l4xx_hal.o
HAL_DBGMCU_DisableDBGStopMode                     build/stm32l4xx_hal.o
HAL_DBGMCU_EnableDBGSleepMode                     build/stm32l4xx_hal.o
HAL_DBGMCU_EnableDBGStandbyMode                   build/stm32l4xx_hal.o
HAL_DBGMCU_EnableDBGStopMode                      build/stm32l4xx_hal.o
HAL_DFSDM_ChannelCkabCallback                     build/stm32l4xx_hal_dfsdm.o
HAL_DFSDM_ChannelCkabStart                        build/stm32l4xx_hal_dfsdm.o
HAL_DFSDM_ChannelCkabStart_IT                     build/stm32l4xx_hal_dfsdm.o
HAL_DFSDM_ChannelCkabStop                         build/stm32l4xx_hal_dfsdm.o
HAL_DFSDM_ChannelCkabStop_IT                      build/stm32l4xx_hal_dfsdm.o
HAL_DFSDM_ChannelDeInit                           build/stm32l4xx_hal_dfsdm.o
HAL_DFSDM_ChannelGetAwdValue                      build/stm32l4xx_hal_dfsdm.o
HAL_DFSDM_ChannelGetState                         build/stm32l4xx_hal_dfsdm.o
HAL_DFSDM_ChannelInit                             build/stm32l4xx_hal_dfsdm.o
                                                  build/dfsdm.o
HAL_DFSDM_ChannelModifyOffset                     build/stm32l4xx_hal_dfsdm.o
HAL_DFSDM_ChannelMspDeInit                        build/dfsdm.o
HAL_DFSDM_ChannelMspInit                          build/dfsdm.o
HAL_DFSDM_ChannelPollForCkab                      build/stm32l4xx_hal_dfsdm.o
HAL_DFSDM_ChannelPollForScd                       build/stm32l4xx_hal_dfsdm.o
HAL_DFSDM_ChannelScdCallback                      build/stm32l4xx_hal_dfsdm.o
HAL_DFSDM_ChannelScdStart                         build/stm32l4xx_hal_dfsdm.o
HAL_DFSDM_ChannelScdStart_IT                      build/stm32l4xx_hal_dfsdm.o
HAL_DFSDM_ChannelScdStop                          build/stm32l4xx_hal_dfsdm.o
HAL_DFSDM_ChannelScdStop_IT                       build/stm32l4xx_hal_dfsdm.o
HAL_DFSDM_FilterAwdCallback                       build/stm32l4xx_hal_dfsdm.o
HAL_DFSDM_FilterAwdStart_IT                       build/stm32l4xx_hal_dfsdm.o
HAL_DFSDM_FilterAwdStop_IT                        build/stm32l4xx_hal_dfsdm.o
HAL_DFSDM_FilterConfigInjChannel                  build/stm32l4xx_hal_dfsdm.o
HAL_DFSDM_FilterConfigRegChannel                  build/stm32l4xx_hal_dfsdm.o
HAL_DFSDM_FilterDeInit                            build/stm32l4xx_hal_dfsdm.o
HAL_DFSDM_FilterErrorCallback                     build/stm32l4xx_hal_dfsdm.o
HAL_DFSDM_FilterExdStart                          build/stm32l4xx_hal_dfsdm.o
HAL_DFSDM_FilterExdStop                           build/stm32l4xx_hal_dfsdm.o
HAL_DFSDM_FilterGetConvTimeValue                  build/stm32l4xx_hal_dfsdm.o
HAL_DFSDM_FilterGetError                          build/stm32l4xx_hal_dfsdm.o
HAL_DFSDM_FilterGetExdMaxValue                    build/stm32l4xx_hal_dfsdm.o
HAL_DFSDM_FilterGetExdMinValue                    build/stm32l4xx_hal_dfsdm.o
HAL_DFSDM_FilterGetInjectedValue                  build/stm32l4xx_hal_dfsdm.o
HAL_DFSDM_FilterGetRegularValue                   build/stm32l4xx_hal_dfsdm.o
HAL_DFSDM_FilterGetState                          build/stm32l4xx_hal_dfsdm.o
HAL_DFSDM_FilterInit                              build/stm32l4xx_hal_dfsdm.o
HAL_DFSDM_FilterInjConvCpltCallback               build/stm32l4xx_hal_dfsdm.o
HAL_DFSDM_FilterInjConvHalfCpltCallback           build/stm32l4xx_hal_dfsdm.o
HAL_DFSDM_FilterInjectedMsbStart_DMA              build/stm32l4xx_hal_dfsdm.o
HAL_DFSDM_FilterInjectedStart                     build/stm32l4xx_hal_dfsdm.o
HAL_DFSDM_FilterInjectedStart_DMA                 build/stm32l4xx_hal_dfsdm.o
HAL_DFSDM_FilterInjectedStart_IT                  build/stm32l4xx_hal_dfsdm.o
HAL_DFSDM_FilterInjectedStop                      build/stm32l4xx_hal_dfsdm.o
HAL_DFSDM_FilterInjectedStop_DMA                  build/stm32l4xx_hal_dfsdm.o
HAL_DFSDM_FilterInjectedStop_IT                   build/stm32l4xx_hal_dfsdm.o
HAL_DFSDM_FilterMspDeInit                         build/stm32l4xx_hal_dfsdm.o
HAL_DFSDM_FilterMspInit                           build/stm32l4xx_hal_dfsdm.o
HAL_DFSDM_FilterPollForInjConversion              build/stm32l4xx_hal_dfsdm.o
HAL_DFSDM_FilterPollForRegConversion              build/stm32l4xx_hal_dfsdm.o
HAL_DFSDM_FilterRegConvCpltCallback               build/stm32l4xx_hal_dfsdm.o
HAL_DFSDM_FilterRegConvHalfCpltCallback           build/stm32l4xx_hal_dfsdm.o
HAL_DFSDM_FilterRegularMsbStart_DMA               build/stm32l4xx_hal_dfsdm.o
HAL_DFSDM_FilterRegularStart                      build/stm32l4xx_hal_dfsdm.o
HAL_DFSDM_FilterRegularStart_DMA                  build/stm32l4xx_hal_dfsdm.o
HAL_DFSDM_FilterRegularStart_IT                   build/stm32l4xx_hal_dfsdm.o
HAL_DFSDM_FilterRegularStop                       build/stm32l4xx_hal_dfsdm.o
HAL_DFSDM_FilterRegularStop_DMA                   build/stm32l4xx_hal_dfsdm.o
HAL_DFSDM_FilterRegularStop_IT                    build/stm32l4xx_hal_dfsdm.o
HAL_DFSDM_IRQHandler                              build/stm32l4xx_hal_dfsdm.o
HAL_DMA_Abort                                     build/stm32l4xx_hal_dma.o
                                                  build/stm32l4xx_hal_uart.o
                                                  build/stm32l4xx_hal_spi.o
                                                  build/stm32l4xx_hal_qspi.o
                                                  build/stm32l4xx_hal_dfsdm.o
HAL_DMA_Abort_IT                                  build/stm32l4xx_hal_dma.o
                                                  build/stm32l4xx_hal_uart.o
                                                  build/stm32l4xx_hal_spi.o
                                                  build/stm32l4xx_hal_qspi.o
                                                  build/stm32l4xx_hal_i2c.o
HAL_DMA_DeInit                                    build/stm32l4xx_hal_dma.o
                                                  build/usart.o
HAL_DMA_GetError                                  build/stm32l4xx_hal_dma.o
                                                  build/stm32l4xx_hal_uart.o
HAL_DMA_GetState                                  build/stm32l4xx_hal_dma.o
                                                  build/stm32l4xx_hal_i2c.o
HAL_DMA_IRQHandler                                build/stm32l4xx_hal_dma.o
                                                  build/stm32l4xx_it.o
HAL_DMA_Init                                      build/stm32l4xx_hal_dma.o
                                                  build/usart.o
HAL_DMA_PollForTransfer                           build/stm32l4xx_hal_dma.o
HAL_DMA_RegisterCallback                          build/stm32l4xx_hal_dma.o
HAL_DMA_Start                                     build/stm32l4xx_hal_dma.o
HAL_DMA_Start_IT                                  build/stm32l4xx_hal_dma.o
                                                  build/stm32l4xx_hal_uart.o
                                                  build/stm32l4xx_hal_spi.o
                                                  build/stm32l4xx_hal_qspi.o
                                                  build/stm32l4xx_hal_i2c.o
                                                  build/stm32l4xx_hal_dfsdm.o
HAL_DMA_UnRegisterCallback                        build/stm32l4xx_hal_dma.o
HAL_DeInit                                        build/stm32l4xx_hal.o
HAL_Delay                                         build/stm32l4xx_hal.o
                                                  build/stm32l4xx_ll_usb.o
                                                  build/stm32l4xx_hal_pcd_ex.o
                                                  build/st7789.o
HAL_EXTI_ClearConfigLine                          build/stm32l4xx_hal_exti.o
HAL_EXTI_ClearPending                             build/stm32l4xx_hal_exti.o
HAL_EXTI_GenerateSWI                              build/stm32l4xx_hal_exti.o
HAL_EXTI_GetConfigLine                            build/stm32l4xx_hal_exti.o
HAL_EXTI_GetHandle                                build/stm32l4xx_hal_exti.o
HAL_EXTI_GetPending                               build/stm32l4xx_hal_exti.o
HAL_EXTI_IRQHandler                               build/stm32l4xx_hal_exti.o
HAL_EXTI_RegisterCallback                         build/stm32l4xx_hal_exti.o
HAL_EXTI_SetConfigLine                            build/stm32l4xx_hal_exti.o
HAL_FLASHEx_DisableRunPowerDown                   build/stm32l4xx_hal_flash_ramfunc.o
HAL_FLASHEx_EnableRunPowerDown                    build/stm32l4xx_hal_flash_ramfunc.o
HAL_FLASHEx_Erase                                 build/stm32l4xx_hal_flash_ex.o
HAL_FLASHEx_Erase_IT                              build/stm32l4xx_hal_flash_ex.o
HAL_FLASHEx_OBGetConfig                           build/stm32l4xx_hal_flash_ex.o
HAL_FLASHEx_OBProgram                             build/stm32l4xx_hal_flash_ex.o
HAL_FLASH_EndOfOperationCallback                  build/stm32l4xx_hal_flash.o
HAL_FLASH_GetError                                build/stm32l4xx_hal_flash.o
HAL_FLASH_IRQHandler                              build/stm32l4xx_hal_flash.o
HAL_FLASH_Lock                                    build/stm32l4xx_hal_flash.o
HAL_FLASH_OB_Launch                               build/stm32l4xx_hal_flash.o
HAL_FLASH_OB_Lock                                 build/stm32l4xx_hal_flash.o
HAL_FLASH_OB_Unlock                               build/stm32l4xx_hal_flash.o
HAL_FLASH_OperationErrorCallback                  build/stm32l4xx_hal_flash.o
HAL_FLASH_Program                                 build/stm32l4xx_hal_flash.o
HAL_FLASH_Program_IT                              build/stm32l4xx_hal_flash.o
HAL_FLASH_Unlock                                  build/stm32l4xx_hal_flash.o
HAL_GPIO_DeInit                                   build/stm32l4xx_hal_gpio.o
                                                  build/usb_otg.o
                                                  build/usart.o
                                                  build/spi.o
                                                  build/quadspi.o
                                                  build/i2c.o
                                                  build/dfsdm.o
HAL_GPIO_EXTI_Callback                            build/stm32l4xx_hal_gpio.o
HAL_GPIO_EXTI_IRQHandler                          build/stm32l4xx_hal_gpio.o
                                                  build/stm32l4xx_it.o
HAL_GPIO_Init                                     build/stm32l4xx_hal_gpio.o
                                                  build/stm32l4xx_hal_rcc_ex.o
                                                  build/stm32l4xx_hal_rcc.o
                                                  build/usb_otg.o
                                                  build/usart.o
                                                  build/spi.o
                                                  build/quadspi.o
                                                  build/i2c.o
                                                  build/dfsdm.o
                                                  build/gpio.o
HAL_GPIO_LockPin                                  build/stm32l4xx_hal_gpio.o
HAL_GPIO_ReadPin                                  build/stm32l4xx_hal_gpio.o
HAL_GPIO_TogglePin                                build/stm32l4xx_hal_gpio.o
HAL_GPIO_WritePin                                 build/stm32l4xx_hal_gpio.o
                                                  build/st7789.o
                                                  build/gpio.o
HAL_GetDEVID                                      build/stm32l4xx_hal.o
HAL_GetHalVersion                                 build/stm32l4xx_hal.o
HAL_GetREVID                                      build/stm32l4xx_hal.o
HAL_GetTick                                       build/stm32l4xx_hal.o
                                                  build/stm32l4xx_hal_pcd_ex.o
                                                  build/stm32l4xx_hal_uart_ex.o
                                                  build/stm32l4xx_hal_uart.o
                                                  build/stm32l4xx_hal_spi.o
                                                  build/stm32l4xx_hal_qspi.o
                                                  build/stm32l4xx_hal_dma.o
                                                  build/stm32l4xx_hal_flash.o
                                                  build/stm32l4xx_hal_rcc_ex.o
                                                  build/stm32l4xx_hal_rcc.o
                                                  build/stm32l4xx_hal_i2c.o
                                                  build/stm32l4xx_hal_dfsdm.o
HAL_GetTickFreq                                   build/stm32l4xx_hal.o
HAL_GetTickPrio                                   build/stm32l4xx_hal.o
HAL_GetUIDw0                                      build/stm32l4xx_hal.o
HAL_GetUIDw1                                      build/stm32l4xx_hal.o
HAL_GetUIDw2                                      build/stm32l4xx_hal.o
HAL_HalfDuplex_EnableReceiver                     build/stm32l4xx_hal_uart.o
HAL_HalfDuplex_EnableTransmitter                  build/stm32l4xx_hal_uart.o
HAL_HalfDuplex_Init                               build/stm32l4xx_hal_uart.o
HAL_I2CEx_ConfigAnalogFilter                      build/stm32l4xx_hal_i2c_ex.o
                                                  build/i2c.o
HAL_I2CEx_ConfigDigitalFilter                     build/stm32l4xx_hal_i2c_ex.o
                                                  build/i2c.o
HAL_I2CEx_DisableFastModePlus                     build/stm32l4xx_hal_i2c_ex.o
HAL_I2CEx_DisableWakeUp                           build/stm32l4xx_hal_i2c_ex.o
HAL_I2CEx_EnableFastModePlus                      build/stm32l4xx_hal_i2c_ex.o
HAL_I2CEx_EnableWakeUp                            build/stm32l4xx_hal_i2c_ex.o
HAL_I2C_AbortCpltCallback                         build/stm32l4xx_hal_i2c.o
HAL_I2C_AddrCallback                              build/stm32l4xx_hal_i2c.o
HAL_I2C_DeInit                                    build/stm32l4xx_hal_i2c.o
HAL_I2C_DisableListen_IT                          build/stm32l4xx_hal_i2c.o
HAL_I2C_ER_IRQHandler                             build/stm32l4xx_hal_i2c.o
HAL_I2C_EV_IRQHandler                             build/stm32l4xx_hal_i2c.o
HAL_I2C_EnableListen_IT                           build/stm32l4xx_hal_i2c.o
HAL_I2C_ErrorCallback                             build/stm32l4xx_hal_i2c.o
HAL_I2C_GetError                                  build/stm32l4xx_hal_i2c.o
HAL_I2C_GetMode                                   build/stm32l4xx_hal_i2c.o
HAL_I2C_GetState                                  build/stm32l4xx_hal_i2c.o
HAL_I2C_Init                                      build/stm32l4xx_hal_i2c.o
                                                  build/i2c.o
HAL_I2C_IsDeviceReady                             build/stm32l4xx_hal_i2c.o
HAL_I2C_ListenCpltCallback                        build/stm32l4xx_hal_i2c.o
HAL_I2C_MasterRxCpltCallback                      build/stm32l4xx_hal_i2c.o
HAL_I2C_MasterTxCpltCallback                      build/stm32l4xx_hal_i2c.o
HAL_I2C_Master_Abort_IT                           build/stm32l4xx_hal_i2c.o
HAL_I2C_Master_Receive                            build/stm32l4xx_hal_i2c.o
HAL_I2C_Master_Receive_DMA                        build/stm32l4xx_hal_i2c.o
HAL_I2C_Master_Receive_IT                         build/stm32l4xx_hal_i2c.o
HAL_I2C_Master_Seq_Receive_DMA                    build/stm32l4xx_hal_i2c.o
HAL_I2C_Master_Seq_Receive_IT                     build/stm32l4xx_hal_i2c.o
HAL_I2C_Master_Seq_Transmit_DMA                   build/stm32l4xx_hal_i2c.o
HAL_I2C_Master_Seq_Transmit_IT                    build/stm32l4xx_hal_i2c.o
HAL_I2C_Master_Transmit                           build/stm32l4xx_hal_i2c.o
HAL_I2C_Master_Transmit_DMA                       build/stm32l4xx_hal_i2c.o
HAL_I2C_Master_Transmit_IT                        build/stm32l4xx_hal_i2c.o
HAL_I2C_MemRxCpltCallback                         build/stm32l4xx_hal_i2c.o
HAL_I2C_MemTxCpltCallback                         build/stm32l4xx_hal_i2c.o
HAL_I2C_Mem_Read                                  build/stm32l4xx_hal_i2c.o
HAL_I2C_Mem_Read_DMA                              build/stm32l4xx_hal_i2c.o
HAL_I2C_Mem_Read_IT                               build/stm32l4xx_hal_i2c.o
HAL_I2C_Mem_Write                                 build/stm32l4xx_hal_i2c.o
HAL_I2C_Mem_Write_DMA                             build/stm32l4xx_hal_i2c.o
HAL_I2C_Mem_Write_IT                              build/stm32l4xx_hal_i2c.o
HAL_I2C_MspDeInit                                 build/i2c.o
HAL_I2C_MspInit                                   build/i2c.o
HAL_I2C_SlaveRxCpltCallback                       build/stm32l4xx_hal_i2c.o
HAL_I2C_SlaveTxCpltCallback                       build/stm32l4xx_hal_i2c.o
HAL_I2C_Slave_Receive                             build/stm32l4xx_hal_i2c.o
HAL_I2C_Slave_Receive_DMA                         build/stm32l4xx_hal_i2c.o
HAL_I2C_Slave_Receive_IT                          build/stm32l4xx_hal_i2c.o
HAL_I2C_Slave_Seq_Receive_DMA                     build/stm32l4xx_hal_i2c.o
HAL_I2C_Slave_Seq_Receive_IT                      build/stm32l4xx_hal_i2c.o
HAL_I2C_Slave_Seq_Transmit_DMA                    build/stm32l4xx_hal_i2c.o
HAL_I2C_Slave_Seq_Transmit_IT                     build/stm32l4xx_hal_i2c.o
HAL_I2C_Slave_Transmit                            build/stm32l4xx_hal_i2c.o
HAL_I2C_Slave_Transmit_DMA                        build/stm32l4xx_hal_i2c.o
HAL_I2C_Slave_Transmit_IT                         build/stm32l4xx_hal_i2c.o
HAL_IncTick                                       build/stm32l4xx_hal.o
                                                  build/stm32l4xx_it.o
HAL_Init                                          build/stm32l4xx_hal.o
                                                  build/main.o
HAL_InitTick                                      build/stm32l4xx_hal.o
                                                  build/stm32l4xx_hal_rcc.o
HAL_LIN_Init                                      build/stm32l4xx_hal_uart.o
HAL_LIN_SendBreak                                 build/stm32l4xx_hal_uart.o
HAL_MPU_ConfigRegion                              build/stm32l4xx_hal_cortex.o
HAL_MPU_Disable                                   build/stm32l4xx_hal_cortex.o
HAL_MPU_Enable                                    build/stm32l4xx_hal_cortex.o
HAL_MspDeInit                                     build/stm32l4xx_hal.o
HAL_MspInit                                       build/stm32l4xx_hal_msp.o
HAL_MultiProcessorEx_AddressLength_Set            build/stm32l4xx_hal_uart_ex.o
HAL_MultiProcessor_DisableMuteMode                build/stm32l4xx_hal_uart.o
HAL_MultiProcessor_EnableMuteMode                 build/stm32l4xx_hal_uart.o
HAL_MultiProcessor_EnterMuteMode                  build/stm32l4xx_hal_uart.o
HAL_MultiProcessor_Init                           build/stm32l4xx_hal_uart.o
HAL_NVIC_ClearPendingIRQ                          build/stm32l4xx_hal_cortex.o
HAL_NVIC_DisableIRQ                               build/stm32l4xx_hal_cortex.o
                                                  build/usart.o
                                                  build/spi.o
HAL_NVIC_EnableIRQ                                build/stm32l4xx_hal_cortex.o
                                                  build/usart.o
                                                  build/spi.o
                                                  build/dma.o
                                                  build/gpio.o
HAL_NVIC_GetActive                                build/stm32l4xx_hal_cortex.o
HAL_NVIC_GetPendingIRQ                            build/stm32l4xx_hal_cortex.o
HAL_NVIC_GetPriority                              build/stm32l4xx_hal_cortex.o
HAL_NVIC_GetPriorityGrouping                      build/stm32l4xx_hal_cortex.o
HAL_NVIC_SetPendingIRQ                            build/stm32l4xx_hal_cortex.o
HAL_NVIC_SetPriority                              build/stm32l4xx_hal_cortex.o
                                                  build/stm32l4xx_hal.o
                                                  build/usart.o
                                                  build/spi.o
                                                  build/dma.o
                                                  build/gpio.o
HAL_NVIC_SetPriorityGrouping                      build/stm32l4xx_hal_cortex.o
                                                  build/stm32l4xx_hal.o
HAL_NVIC_SystemReset                              build/stm32l4xx_hal_cortex.o
HAL_PCDEx_ActivateBCD                             build/stm32l4xx_hal_pcd_ex.o
HAL_PCDEx_ActivateLPM                             build/stm32l4xx_hal_pcd_ex.o
                                                  build/stm32l4xx_hal_pcd.o
HAL_PCDEx_BCD_Callback                            build/stm32l4xx_hal_pcd_ex.o
HAL_PCDEx_BCD_VBUSDetect                          build/stm32l4xx_hal_pcd_ex.o
HAL_PCDEx_DeActivateBCD                           build/stm32l4xx_hal_pcd_ex.o
HAL_PCDEx_DeActivateLPM                           build/stm32l4xx_hal_pcd_ex.o
HAL_PCDEx_LPM_Callback                            build/stm32l4xx_hal_pcd_ex.o
                                                  build/stm32l4xx_hal_pcd.o
HAL_PCDEx_SetRxFiFo                               build/stm32l4xx_hal_pcd_ex.o
HAL_PCDEx_SetTxFiFo                               build/stm32l4xx_hal_pcd_ex.o
HAL_PCD_ActivateRemoteWakeup                      build/stm32l4xx_hal_pcd.o
HAL_PCD_ConnectCallback                           build/stm32l4xx_hal_pcd.o
HAL_PCD_DataInStageCallback                       build/stm32l4xx_hal_pcd.o
HAL_PCD_DataOutStageCallback                      build/stm32l4xx_hal_pcd.o
HAL_PCD_DeActivateRemoteWakeup                    build/stm32l4xx_hal_pcd.o
HAL_PCD_DeInit                                    build/stm32l4xx_hal_pcd.o
HAL_PCD_DevConnect                                build/stm32l4xx_hal_pcd.o
HAL_PCD_DevDisconnect                             build/stm32l4xx_hal_pcd.o
HAL_PCD_DisconnectCallback                        build/stm32l4xx_hal_pcd.o
HAL_PCD_EP_Abort                                  build/stm32l4xx_hal_pcd.o
HAL_PCD_EP_Close                                  build/stm32l4xx_hal_pcd.o
HAL_PCD_EP_ClrStall                               build/stm32l4xx_hal_pcd.o
HAL_PCD_EP_Flush                                  build/stm32l4xx_hal_pcd.o
HAL_PCD_EP_GetRxCount                             build/stm32l4xx_hal_pcd.o
HAL_PCD_EP_Open                                   build/stm32l4xx_hal_pcd.o
HAL_PCD_EP_Receive                                build/stm32l4xx_hal_pcd.o
HAL_PCD_EP_SetStall                               build/stm32l4xx_hal_pcd.o
HAL_PCD_EP_Transmit                               build/stm32l4xx_hal_pcd.o
HAL_PCD_GetState                                  build/stm32l4xx_hal_pcd.o
HAL_PCD_IRQHandler                                build/stm32l4xx_hal_pcd.o
HAL_PCD_ISOINIncompleteCallback                   build/stm32l4xx_hal_pcd.o
HAL_PCD_ISOOUTIncompleteCallback                  build/stm32l4xx_hal_pcd.o
HAL_PCD_Init                                      build/stm32l4xx_hal_pcd.o
                                                  build/usb_otg.o
HAL_PCD_MspDeInit                                 build/usb_otg.o
HAL_PCD_MspInit                                   build/usb_otg.o
HAL_PCD_ResetCallback                             build/stm32l4xx_hal_pcd.o
HAL_PCD_ResumeCallback                            build/stm32l4xx_hal_pcd.o
HAL_PCD_SOFCallback                               build/stm32l4xx_hal_pcd.o
HAL_PCD_SetAddress                                build/stm32l4xx_hal_pcd.o
HAL_PCD_SetupStageCallback                        build/stm32l4xx_hal_pcd.o
HAL_PCD_Start                                     build/stm32l4xx_hal_pcd.o
HAL_PCD_Stop                                      build/stm32l4xx_hal_pcd.o
HAL_PCD_SuspendCallback                           build/stm32l4xx_hal_pcd.o
HAL_PWREx_ConfigPVM                               build/stm32l4xx_hal_pwr_ex.o
HAL_PWREx_ControlVoltageScaling                   build/stm32l4xx_hal_pwr_ex.o
                                                  build/main.o
HAL_PWREx_DisableBatteryCharging                  build/stm32l4xx_hal_pwr_ex.o
HAL_PWREx_DisableGPIOPullDown                     build/stm32l4xx_hal_pwr_ex.o
HAL_PWREx_DisableGPIOPullUp                       build/stm32l4xx_hal_pwr_ex.o
HAL_PWREx_DisableInternalWakeUpLine               build/stm32l4xx_hal_pwr_ex.o
HAL_PWREx_DisableLowPowerRunMode                  build/stm32l4xx_hal_pwr_ex.o
                                                  build/stm32l4xx_hal_pwr.o
HAL_PWREx_DisablePVM1                             build/stm32l4xx_hal_pwr_ex.o
HAL_PWREx_DisablePVM2                             build/stm32l4xx_hal_pwr_ex.o
HAL_PWREx_DisablePVM3                             build/stm32l4xx_hal_pwr_ex.o
HAL_PWREx_DisablePVM4                             build/stm32l4xx_hal_pwr_ex.o
HAL_PWREx_DisablePullUpPullDownConfig             build/stm32l4xx_hal_pwr_ex.o
HAL_PWREx_DisableSRAM2ContentRetention            build/stm32l4xx_hal_pwr_ex.o
HAL_PWREx_DisableVddIO2                           build/stm32l4xx_hal_pwr_ex.o
HAL_PWREx_DisableVddUSB                           build/stm32l4xx_hal_pwr_ex.o
                                                  build/usb_otg.o
HAL_PWREx_EnableBatteryCharging                   build/stm32l4xx_hal_pwr_ex.o
HAL_PWREx_EnableGPIOPullDown                      build/stm32l4xx_hal_pwr_ex.o
HAL_PWREx_EnableGPIOPullUp                        build/stm32l4xx_hal_pwr_ex.o
HAL_PWREx_EnableInternalWakeUpLine                build/stm32l4xx_hal_pwr_ex.o
HAL_PWREx_EnableLowPowerRunMode                   build/stm32l4xx_hal_pwr_ex.o
                                                  build/stm32l4xx_hal_pwr.o
HAL_PWREx_EnablePVM1                              build/stm32l4xx_hal_pwr_ex.o
HAL_PWREx_EnablePVM2                              build/stm32l4xx_hal_pwr_ex.o
HAL_PWREx_EnablePVM3                              build/stm32l4xx_hal_pwr_ex.o
HAL_PWREx_EnablePVM4                              build/stm32l4xx_hal_pwr_ex.o
HAL_PWREx_EnablePullUpPullDownConfig              build/stm32l4xx_hal_pwr_ex.o
HAL_PWREx_EnableSRAM2ContentRetention             build/stm32l4xx_hal_pwr_ex.o
HAL_PWREx_EnableVddIO2                            build/stm32l4xx_hal_pwr_ex.o
HAL_PWREx_EnableVddUSB                            build/stm32l4xx_hal_pwr_ex.o
                                                  build/usb_otg.o
HAL_PWREx_EnterSHUTDOWNMode                       build/stm32l4xx_hal_pwr_ex.o
HAL_PWREx_EnterSTOP0Mode                          build/stm32l4xx_hal_pwr_ex.o