Archive member included to satisfy reference by file (symbol)

c:/tools/gcc-arm-none-eabi-10.3-2021.10-win32/gcc-arm-none-eabi-10.3-2021.10/bin/../lib/gcc/arm-none-eabi/10.3.1/../../../../arm-none-eabi/lib/thumb/v7e-m+fp/hard\libc_nano.a(lib_a-exit.o)
                              c:/tools/gcc-arm-none-eabi-10.3-2021.10-win32/gcc-arm-none-eabi-10.3-2021.10/bin/../lib/gcc/arm-none-eabi/10.3.1/../../../../arm-none-eabi/lib/thumb/v7e-m+fp/hard/crt0.o (exit)
c:/tools/gcc-arm-none-eabi-10.3-2021.10-win32/gcc-arm-none-eabi-10.3-2021.10/bin/../lib/gcc/arm-none-eabi/10.3.1/../../../../arm-none-eabi/lib/thumb/v7e-m+fp/hard\libc_nano.a(lib_a-impure.o)
                              c:/tools/gcc-arm-none-eabi-10.3-2021.10-win32/gcc-arm-none-eabi-10.3-2021.10/bin/../lib/gcc/arm-none-eabi/10.3.1/../../../../arm-none-eabi/lib/thumb/v7e-m+fp/hard\libc_nano.a(lib_a-exit.o) (_global_impure_ptr)
c:/tools/gcc-arm-none-eabi-10.3-2021.10-win32/gcc-arm-none-eabi-10.3-2021.10/bin/../lib/gcc/arm-none-eabi/10.3.1/../../../../arm-none-eabi/lib/thumb/v7e-m+fp/hard\libc_nano.a(lib_a-init.o)
                              c:/tools/gcc-arm-none-eabi-10.3-2021.10-win32/gcc-arm-none-eabi-10.3-2021.10/bin/../lib/gcc/arm-none-eabi/10.3.1/../../../../arm-none-eabi/lib/thumb/v7e-m+fp/hard/crt0.o (__libc_init_array)
c:/tools/gcc-arm-none-eabi-10.3-2021.10-win32/gcc-arm-none-eabi-10.3-2021.10/bin/../lib/gcc/arm-none-eabi/10.3.1/../../../../arm-none-eabi/lib/thumb/v7e-m+fp/hard\libc_nano.a(lib_a-memset.o)
                              c:/tools/gcc-arm-none-eabi-10.3-2021.10-win32/gcc-arm-none-eabi-10.3-2021.10/bin/../lib/gcc/arm-none-eabi/10.3.1/../../../../arm-none-eabi/lib/thumb/v7e-m+fp/hard/crt0.o (memset)
c:/tools/gcc-arm-none-eabi-10.3-2021.10-win32/gcc-arm-none-eabi-10.3-2021.10/bin/../lib/gcc/arm-none-eabi/10.3.1/../../../../arm-none-eabi/lib/thumb/v7e-m+fp/hard\libc_nano.a(lib_a-strlen.o)
                              build/ring_buffer.o (strlen)
c:/tools/gcc-arm-none-eabi-10.3-2021.10-win32/gcc-arm-none-eabi-10.3-2021.10/bin/../lib/gcc/arm-none-eabi/10.3.1/../../../../arm-none-eabi/lib/thumb/v7e-m+fp/hard\libnosys.a(_exit.o)
                              c:/tools/gcc-arm-none-eabi-10.3-2021.10-win32/gcc-arm-none-eabi-10.3-2021.10/bin/../lib/gcc/arm-none-eabi/10.3.1/../../../../arm-none-eabi/lib/thumb/v7e-m+fp/hard\libc_nano.a(lib_a-exit.o) (_exit)
c:/tools/gcc-arm-none-eabi-10.3-2021.10-win32/gcc-arm-none-eabi-10.3-2021.10/bin/../lib/gcc/arm-none-eabi/10.3.1/thumb/v7e-m+fp/hard\libgcc.a(_aeabi_uldivmod.o)
                              build/stm32l4xx_hal_uart.o (__aeabi_uldivmod)
c:/tools/gcc-arm-none-eabi-10.3-2021.10-win32/gcc-arm-none-eabi-10.3-2021.10/bin/../lib/gcc/arm-none-eabi/10.3.1/thumb/v7e-m+fp/hard\libgcc.a(_udivmoddi4.o)
                              c:/tools/gcc-arm-none-eabi-10.3-2021.10-win32/gcc-arm-none-eabi-10.3-2021.10/bin/../lib/gcc/arm-none-eabi/10.3.1/thumb/v7e-m+fp/hard\libgcc.a(_aeabi_uldivmod.o) (__udivmoddi4)
c:/tools/gcc-arm-none-eabi-10.3-2021.10-win32/gcc-arm-none-eabi-10.3-2021.10/bin/../lib/gcc/arm-none-eabi/10.3.1/thumb/v7e-m+fp/hard\libgcc.a(_dvmd_tls.o)
                              c:/tools/gcc-arm-none-eabi-10.3-2021.10-win32/gcc-arm-none-eabi-10.3-2021.10/bin/../lib/gcc/arm-none-eabi/10.3.1/thumb/v7e-m+fp/hard\libgcc.a(_aeabi_uldivmod.o) (__aeabi_ldiv0)

Discarded input sections

 .text          0x00000000        0x0 c:/tools/gcc-arm-none-eabi-10.3-2021.10-win32/gcc-arm-none-eabi-10.3-2021.10/bin/../lib/gcc/arm-none-eabi/10.3.1/thumb/v7e-m+fp/hard/crti.o
 .data          0x00000000        0x0 c:/tools/gcc-arm-none-eabi-10.3-2021.10-win32/gcc-arm-none-eabi-10.3-2021.10/bin/../lib/gcc/arm-none-eabi/10.3.1/thumb/v7e-m+fp/hard/crti.o
 .bss           0x00000000        0x0 c:/tools/gcc-arm-none-eabi-10.3-2021.10-win32/gcc-arm-none-eabi-10.3-2021.10/bin/../lib/gcc/arm-none-eabi/10.3.1/thumb/v7e-m+fp/hard/crti.o
 .data          0x00000000        0x4 c:/tools/gcc-arm-none-eabi-10.3-2021.10-win32/gcc-arm-none-eabi-10.3-2021.10/bin/../lib/gcc/arm-none-eabi/10.3.1/thumb/v7e-m+fp/hard/crtbegin.o
 .rodata        0x00000000       0x24 c:/tools/gcc-arm-none-eabi-10.3-2021.10-win32/gcc-arm-none-eabi-10.3-2021.10/bin/../lib/gcc/arm-none-eabi/10.3.1/thumb/v7e-m+fp/hard/crtbegin.o
 .text          0x00000000       0x7c c:/tools/gcc-arm-none-eabi-10.3-2021.10-win32/gcc-arm-none-eabi-10.3-2021.10/bin/../lib/gcc/arm-none-eabi/10.3.1/../../../../arm-none-eabi/lib/thumb/v7e-m+fp/hard/crt0.o
 .data          0x00000000        0x0 c:/tools/gcc-arm-none-eabi-10.3-2021.10-win32/gcc-arm-none-eabi-10.3-2021.10/bin/../lib/gcc/arm-none-eabi/10.3.1/../../../../arm-none-eabi/lib/thumb/v7e-m+fp/hard/crt0.o
 .bss           0x00000000        0x0 c:/tools/gcc-arm-none-eabi-10.3-2021.10-win32/gcc-arm-none-eabi-10.3-2021.10/bin/../lib/gcc/arm-none-eabi/10.3.1/../../../../arm-none-eabi/lib/thumb/v7e-m+fp/hard/crt0.o
[...]
Memory Configuration

Name             Origin             Length             Attributes
RAM              0x20000000         0x00018000         xrw
RAM2             0x10000000         0x00008000         xrw
FLASH            0x08000000         0x00100000         xr
*default*        0x00000000         0xffffffff

Linker script and memory map

LOAD c:/tools/gcc-arm-none-eabi-10.3-2021.10-win32/gcc-arm-none-eabi-10.3-2021.10/bin/../lib/gcc/arm-none-eabi/10.3.1/thumb/v7e-m+fp/hard/crti.o
LOAD c:/tools/gcc-arm-none-eabi-10.3-2021.10-win32/gcc-arm-none-eabi-10.3-2021.10/bin/../lib/gcc/arm-none-eabi/10.3.1/thumb/v7e-m+fp/hard/crtbegin.o
LOAD c:/tools/gcc-arm-none-eabi-10.3-2021.10-win32/gcc-arm-none-eabi-10.3-2021.10/bin/../lib/gcc/arm-none-eabi/10.3.1/../../../../arm-none-eabi/lib/thumb/v7e-m+fp/hard/crt0.o
LOAD build/main.o
LOAD build/gpio.o
LOAD build/dfsdm.o
LOAD build/dma.o
LOAD build/i2c.o
LOAD build/quadspi.o
LOAD build/spi.o
LOAD build/usart.o
LOAD build/usb_otg.o
LOAD build/stm32l4xx_it.o
LOAD build/stm32l4xx_hal_msp.o
LOAD build/ring_buffer.o
LOAD build/fonts.o
LOAD build/st7789.o
LOAD build/stm32l4xx_hal_dfsdm.o
LOAD build/stm32l4xx_hal.o
LOAD build/stm32l4xx_hal_i2c.o
LOAD build/stm32l4xx_hal_i2c_ex.o
LOAD build/stm32l4xx_hal_rcc.o
LOAD build/stm32l4xx_hal_rcc_ex.o
LOAD build/stm32l4xx_hal_flash.o
LOAD build/stm32l4xx_hal_flash_ex.o
LOAD build/stm32l4xx_hal_flash_ramfunc.o
LOAD build/stm32l4xx_hal_gpio.o
LOAD build/stm32l4xx_hal_dma.o
LOAD build/stm32l4xx_hal_dma_ex.o
LOAD build/stm32l4xx_hal_pwr.o
LOAD build/stm32l4xx_hal_pwr_ex.o
LOAD build/stm32l4xx_hal_cortex.o
LOAD build/stm32l4xx_hal_exti.o
LOAD build/stm32l4xx_hal_qspi.o
LOAD build/stm32l4xx_hal_spi.o
LOAD build/stm32l4xx_hal_spi_ex.o
LOAD build/stm32l4xx_hal_tim.o
LOAD build/stm32l4xx_hal_tim_ex.o
LOAD build/stm32l4xx_hal_uart.o
LOAD build/stm32l4xx_hal_uart_ex.o
LOAD build/stm32l4xx_hal_pcd.o
LOAD build/stm32l4xx_hal_pcd_ex.o
LOAD build/stm32l4xx_ll_usb.o
LOAD build/system_stm32l4xx.o
LOAD build/startup_stm32l475xx.o
LOAD c:/tools/gcc-arm-none-eabi-10.3-2021.10-win32/gcc-arm-none-eabi-10.3-2021.10/bin/../lib/gcc/arm-none-eabi/10.3.1/../../../../arm-none-eabi/lib/thumb/v7e-m+fp/hard\libc_nano.a
LOAD c:/tools/gcc-arm-none-eabi-10.3-2021.10-win32/gcc-arm-none-eabi-10.3-2021.10/bin/../lib/gcc/arm-none-eabi/10.3.1/../../../../arm-none-eabi/lib/thumb/v7e-m+fp/hard\libm.a
LOAD c:/tools/gcc-arm-none-eabi-10.3-2021.10-win32/gcc-arm-none-eabi-10.3-2021.10/bin/../lib/gcc/arm-none-eabi/10.3.1/../../../../arm-none-eabi/lib/thumb/v7e-m+fp/hard\libnosys.a
START GROUP
LOAD c:/tools/gcc-arm-none-eabi-10.3-2021.10-win32/gcc-arm-none-eabi-10.3-2021.10/bin/../lib/gcc/arm-none-eabi/10.3.1/thumb/v7e-m+fp/hard\libgcc.a
LOAD c:/tools/gcc-arm-none-eabi-10.3-2021.10-win32/gcc-arm-none-eabi-10.3-2021.10/bin/../lib/gcc/arm-none-eabi/10.3.1/../../../../arm-none-eabi/lib/thumb/v7e-m+fp/hard\libc_nano.a
END GROUP
START GROUP
LOAD c:/tools/gcc-arm-none-eabi-10.3-2021.10-win32/gcc-arm-none-eabi-10.3-2021.10/bin/../lib/gcc/arm-none-eabi/10.3.1/thumb/v7e-m+fp/hard\libgcc.a
LOAD c:/tools/gcc-arm-none-eabi-10.3-2021.10-win32/gcc-arm-none-eabi-10.3-2021.10/bin/../lib/gcc/arm-none-eabi/10.3.1/../../../../arm-none-eabi/lib/thumb/v7e-m+fp/hard\libc_nano.a
END GROUP
LOAD c:/tools/gcc-arm-none-eabi-10.3-2021.10-win32/gcc-arm-none-eabi-10.3-2021.10/bin/../lib/gcc/arm-none-eabi/10.3.1/thumb/v7e-m+fp/hard/crtend.o
LOAD c:/tools/gcc-arm-none-eabi-10.3-2021.10-win32/gcc-arm-none-eabi-10.3-2021.10/bin/../lib/gcc/arm-none-eabi/10.3.1/thumb/v7e-m+fp/hard/crtn.o
                0x20018000                _estack = (ORIGIN (RAM) + LENGTH (RAM))
                0x00000200                _Min_Heap_Size = 0x200
                0x00000400                _Min_Stack_Size = 0x400

.isr_vector     0x08000000      0x188
                0x08000000                . = ALIGN (0x8)
 *(.isr_vector)
 .isr_vector    0x08000000      0x188 build/startup_stm32l475xx.o
                0x08000000                g_pfnVectors
                0x08000188                . = ALIGN (0x8)

.text           0x08000188     0x3f88
                0x08000188                . = ALIGN (0x8)
 *(.text)
 .text          0x08000188       0x40 c:/tools/gcc-arm-none-eabi-10.3-2021.10-win32/gcc-arm-none-eabi-10.3-2021.10/bin/../lib/gcc/arm-none-eabi/10.3.1/thumb/v7e-m+fp/hard/crtbegin.o
 .text          0x080001c8       0x30 c:/tools/gcc-arm-none-eabi-10.3-2021.10-win32/gcc-arm-none-eabi-10.3-2021.10/bin/../lib/gcc/arm-none-eabi/10.3.1/thumb/v7e-m+fp/hard\libgcc.a(_aeabi_uldivmod.o)
                0x080001c8                __aeabi_uldivmod
 .text          0x080001f8      0x2d0 c:/tools/gcc-arm-none-eabi-10.3-2021.10-win32/gcc-arm-none-eabi-10.3-2021.10/bin/../lib/gcc/arm-none-eabi/10.3.1/thumb/v7e-m+fp/hard\libgcc.a(_udivmoddi4.o)
                0x080001f8                __udivmoddi4
 .text          0x080004c8        0x4 c:/tools/gcc-arm-none-eabi-10.3-2021.10-win32/gcc-arm-none-eabi-10.3-2021.10/bin/../lib/gcc/arm-none-eabi/10.3.1/thumb/v7e-m+fp/hard\libgcc.a(_dvmd_tls.o)
                0x080004c8                __aeabi_idiv0
                0x080004c8                __aeabi_ldiv0
 *(.text*)
 .text.USART1_IRQHandler
                0x080004cc       0x30 build/main.o
                0x080004cc                USART1_IRQHandler
 .text.Error_Handler
                0x080004fc        0x4 build/main.o
                0x080004fc                Error_Handler
 .text.SystemClock_Config
                0x08000500       0x9c build/main.o
                0x08000500                SystemClock_Config
 .text.main     0x0800059c       0x50 build/main.o
                0x0800059c                main
 .text.MX_GPIO_Init
                0x080005ec      0x274 build/gpio.o
                0x080005ec                MX_GPIO_Init
 .text.MX_DFSDM1_Init
                0x08000860       0x44 build/dfsdm.o
                0x08000860                MX_DFSDM1_Init
 .text.HAL_DFSDM_ChannelMspInit
                0x080008a4       0x90 build/dfsdm.o
                0x080008a4                HAL_DFSDM_ChannelMspInit
 .text.MX_DMA_Init
                0x08000934       0x64 build/dma.o
                0x08000934                MX_DMA_Init
 .text.MX_I2C2_Init
                0x08000998       0x58 build/i2c.o
                0x08000998                MX_I2C2_Init
 .text.HAL_I2C_MspInit
                0x080009f0       0x8c build/i2c.o
                0x080009f0                HAL_I2C_MspInit
 .text.MX_QUADSPI_Init
                0x08000a7c       0x34 build/quadspi.o
                0x08000a7c                MX_QUADSPI_Init
 .text.HAL_QSPI_MspInit
                0x08000ab0       0x70 build/quadspi.o
                0x08000ab0                HAL_QSPI_MspInit
 .text.MX_SPI1_Init
                0x08000b20       0x4c build/spi.o
                0x08000b20                MX_SPI1_Init
 .text.MX_SPI2_Init
                0x08000b6c       0x50 build/spi.o
                0x08000b6c                MX_SPI2_Init
 .text.MX_SPI3_Init
                0x08000bbc       0x4c build/spi.o
                0x08000bbc                MX_SPI3_Init
 .text.HAL_SPI_MspInit
                0x08000c08      0x128 build/spi.o
                0x08000c08                HAL_SPI_MspInit
 .text.MX_USART1_UART_Init
                0x08000d30       0x38 build/usart.o
                0x08000d30                MX_USART1_UART_Init
 .text.MX_USART3_UART_Init
                0x08000d68       0x38 build/usart.o
                0x08000d68                MX_USART3_UART_Init
 .text.HAL_UART_MspInit
                0x08000da0      0x1f0 build/usart.o
                0x08000da0                HAL_UART_MspInit
 .text.MX_USB_OTG_FS_PCD_Init
                0x08000f90       0x34 build/usb_otg.o
                0x08000f90                MX_USB_OTG_FS_PCD_Init
 .text.HAL_PCD_MspInit
                0x08000fc4       0xe8 build/usb_otg.o
                0x08000fc4                HAL_PCD_MspInit
 .text.NMI_Handler
                0x080010ac        0x2 build/stm32l4xx_it.o
                0x080010ac                NMI_Handler
 .text.HardFault_Handler
                0x080010ae        0x2 build/stm32l4xx_it.o
                0x080010ae                HardFault_Handler
 .text.MemManage_Handler
                0x080010b0        0x2 build/stm32l4xx_it.o
                0x080010b0                MemManage_Handler
 .text.BusFault_Handler
                0x080010b2        0x2 build/stm32l4xx_it.o
                0x080010b2                BusFault_Handler
 .text.UsageFault_Handler
                0x080010b4        0x2 build/stm32l4xx_it.o
                0x080010b4                UsageFault_Handler
 .text.SVC_Handler
                0x080010b6        0x2 build/stm32l4xx_it.o
                0x080010b6                SVC_Handler
 .text.DebugMon_Handler
                0x080010b8        0x2 build/stm32l4xx_it.o
                0x080010b8                DebugMon_Handler
 .text.PendSV_Handler
                0x080010ba        0x2 build/stm32l4xx_it.o
                0x080010ba                PendSV_Handler
 .text.SysTick_Handler
                0x080010bc        0x8 build/stm32l4xx_it.o
                0x080010bc                SysTick_Handler
 .text.DMA1_Channel2_IRQHandler
                0x080010c4       0x10 build/stm32l4xx_it.o
                0x080010c4                DMA1_Channel2_IRQHandler
 .text.DMA1_Channel3_IRQHandler
                0x080010d4       0x10 build/stm32l4xx_it.o
                0x080010d4                DMA1_Channel3_IRQHandler
 .text.DMA1_Channel4_IRQHandler
                0x080010e4       0x10 build/stm32l4xx_it.o
                0x080010e4                DMA1_Channel4_IRQHandler
 .text.DMA1_Channel5_IRQHandler
                0x080010f4       0x10 build/stm32l4xx_it.o
                0x080010f4                DMA1_Channel5_IRQHandler
 .text.EXTI9_5_IRQHandler
                0x08001104       0x1e build/stm32l4xx_it.o
                0x08001104                EXTI9_5_IRQHandler
 *fill*         0x08001122        0x2 
 .text.SPI2_IRQHandler
                0x08001124       0x10 build/stm32l4xx_it.o
                0x08001124                SPI2_IRQHandler
 .text.USART3_IRQHandler
                0x08001134       0x10 build/stm32l4xx_it.o
                0x08001134                USART3_IRQHandler
 .text.EXTI15_10_IRQHandler
                0x08001144       0x2c build/stm32l4xx_it.o
                0x08001144                EXTI15_10_IRQHandler
 .text.SPI3_IRQHandler
                0x08001170       0x10 build/stm32l4xx_it.o
                0x08001170                SPI3_IRQHandler
 .text.HAL_MspInit
                0x08001180       0x30 build/stm32l4xx_hal_msp.o
                0x08001180                HAL_MspInit
 .text.my_spi_isr
                0x080011b0      0x194 build/ring_buffer.o
                0x080011b0                my_spi_isr
 .text.Ringbuf_init
                0x08001344       0x54 build/ring_buffer.o
                0x08001344                Ringbuf_init
 .text.store_char
                0x08001398       0x28 build/ring_buffer.o
                0x08001398                store_char
 .text.Uart_read
                0x080013c0       0x48 build/ring_buffer.o
                0x080013c0                Uart_read
 .text.spi_write
                0x08001408       0x50 build/ring_buffer.o
                0x08001408                spi_write
 .text.IsUartDataAvailable
                0x08001458       0x6c build/ring_buffer.o
                0x08001458                IsUartDataAvailable
 .text.my_Uart_isr
                0x080014c4       0xe4 build/ring_buffer.o
                0x080014c4                my_Uart_isr
 .text.DFSDM_GetChannelFromInstance
                0x080015a8       0x50 build/stm32l4xx_hal_dfsdm.o
 .text.HAL_DFSDM_ChannelInit
                0x080015f8      0x108 build/stm32l4xx_hal_dfsdm.o
                0x080015f8                HAL_DFSDM_ChannelInit
 .text.HAL_InitTick
                0x08001700       0x50 build/stm32l4xx_hal.o
                0x08001700                HAL_InitTick
 .text.HAL_Init
                0x08001750       0x1e build/stm32l4xx_hal.o
                0x08001750                HAL_Init
 *fill*         0x0800176e        0x2 
 .text.HAL_IncTick
                0x08001770       0x18 build/stm32l4xx_hal.o
                0x08001770                HAL_IncTick
 .text.HAL_GetTick
                0x08001788        0xc build/stm32l4xx_hal.o
                0x08001788                HAL_GetTick
 .text.HAL_Delay
                0x08001794       0x28 build/stm32l4xx_hal.o
                0x08001794                HAL_Delay
 .text.HAL_I2C_Init
                0x080017bc       0xbc build/stm32l4xx_hal_i2c.o
                0x080017bc                HAL_I2C_Init
 .text.HAL_I2CEx_ConfigAnalogFilter
                0x08001878       0x5c build/stm32l4xx_hal_i2c_ex.o
                0x08001878                HAL_I2CEx_ConfigAnalogFilter
 .text.HAL_I2CEx_ConfigDigitalFilter
                0x080018d4       0x58 build/stm32l4xx_hal_i2c_ex.o
                0x080018d4                HAL_I2CEx_ConfigDigitalFilter
 .text.RCC_SetFlashLatencyFromMSIRange
                0x0800192c       0x90 build/stm32l4xx_hal_rcc.o
 .text.HAL_RCC_GetSysClockFreq
                0x080019bc       0xb4 build/stm32l4xx_hal_rcc.o
                0x080019bc                HAL_RCC_GetSysClockFreq
 .text.HAL_RCC_OscConfig
                0x08001a70      0x62c build/stm32l4xx_hal_rcc.o
                0x08001a70                HAL_RCC_OscConfig
 .text.HAL_RCC_ClockConfig
                0x0800209c      0x15c build/stm32l4xx_hal_rcc.o
                0x0800209c                HAL_RCC_ClockConfig
 .text.HAL_RCC_GetHCLKFreq
                0x080021f8        0xc build/stm32l4xx_hal_rcc.o
                0x080021f8                HAL_RCC_GetHCLKFreq
 .text.HAL_RCC_GetPCLK1Freq
                0x08002204       0x24 build/stm32l4xx_hal_rcc.o
                0x08002204                HAL_RCC_GetPCLK1Freq
 .text.HAL_RCC_GetPCLK2Freq
                0x08002228       0x24 build/stm32l4xx_hal_rcc.o
                0x08002228                HAL_RCC_GetPCLK2Freq
 .text.RCCEx_PLLSAI1_Config
                0x0800224c      0x170 build/stm32l4xx_hal_rcc_ex.o
 .text.RCCEx_PLLSAI2_Config
                0x080023bc      0x14c build/stm32l4xx_hal_rcc_ex.o
 .text.HAL_RCCEx_PeriphCLKConfig
                0x08002508      0x454 build/stm32l4xx_hal_rcc_ex.o
                0x08002508                HAL_RCCEx_PeriphCLKConfig
 .text.HAL_RCCEx_EnableMSIPLLMode
                0x0800295c       0x10 build/stm32l4xx_hal_rcc_ex.o
                0x0800295c                HAL_RCCEx_EnableMSIPLLMode
 .text.HAL_GPIO_Init
                0x0800296c      0x200 build/stm32l4xx_hal_gpio.o
                0x0800296c                HAL_GPIO_Init
 .text.HAL_GPIO_WritePin
                0x08002b6c        0xa build/stm32l4xx_hal_gpio.o
                0x08002b6c                HAL_GPIO_WritePin
 .text.HAL_GPIO_EXTI_Callback
                0x08002b76        0x2 build/stm32l4xx_hal_gpio.o
                0x08002b76                HAL_GPIO_EXTI_Callback
 .text.HAL_GPIO_EXTI_IRQHandler
                0x08002b78       0x1c build/stm32l4xx_hal_gpio.o
                0x08002b78                HAL_GPIO_EXTI_IRQHandler
 .text.HAL_DMA_Init
                0x08002b94      0x108 build/stm32l4xx_hal_dma.o
                0x08002b94                HAL_DMA_Init
 .text.HAL_DMA_Abort
                0x08002c9c       0x4a build/stm32l4xx_hal_dma.o
                0x08002c9c                HAL_DMA_Abort
 .text.HAL_DMA_Abort_IT
                0x08002ce6       0x50 build/stm32l4xx_hal_dma.o
                0x08002ce6                HAL_DMA_Abort_IT
 .text.HAL_DMA_IRQHandler
                0x08002d36       0xc4 build/stm32l4xx_hal_dma.o
                0x08002d36                HAL_DMA_IRQHandler
 *fill*         0x08002dfa        0x2 
 .text.HAL_PWR_EnableBkUpAccess
                0x08002dfc       0x10 build/stm32l4xx_hal_pwr.o
                0x08002dfc                HAL_PWR_EnableBkUpAccess
 .text.HAL_PWREx_GetVoltageRange
                0x08002e0c       0x10 build/stm32l4xx_hal_pwr_ex.o
                0x08002e0c                HAL_PWREx_GetVoltageRange
 .text.HAL_PWREx_ControlVoltageScaling
                0x08002e1c       0x90 build/stm32l4xx_hal_pwr_ex.o
                0x08002e1c                HAL_PWREx_ControlVoltageScaling
 .text.HAL_PWREx_EnableVddUSB
                0x08002eac       0x10 build/stm32l4xx_hal_pwr_ex.o
                0x08002eac                HAL_PWREx_EnableVddUSB
 .text.HAL_NVIC_SetPriorityGrouping
                0x08002ebc       0x24 build/stm32l4xx_hal_cortex.o
                0x08002ebc                HAL_NVIC_SetPriorityGrouping
 .text.HAL_NVIC_SetPriority
                0x08002ee0       0x70 build/stm32l4xx_hal_cortex.o
                0x08002ee0                HAL_NVIC_SetPriority
 .text.HAL_NVIC_EnableIRQ
                0x08002f50       0x1c build/stm32l4xx_hal_cortex.o
                0x08002f50                HAL_NVIC_EnableIRQ
 .text.HAL_SYSTICK_Config
                0x08002f6c       0x28 build/stm32l4xx_hal_cortex.o
                0x08002f6c                HAL_SYSTICK_Config
 .text.QSPI_WaitFlagStateUntilTimeout
                0x08002f94       0x54 build/stm32l4xx_hal_qspi.o
 .text.HAL_QSPI_SetTimeout
                0x08002fe8        0x4 build/stm32l4xx_hal_qspi.o
                0x08002fe8                HAL_QSPI_SetTimeout
 .text.HAL_QSPI_Init
                0x08002fec       0xa8 build/stm32l4xx_hal_qspi.o
                0x08002fec                HAL_QSPI_Init
 .text.HAL_SPI_Init
                0x08003094       0xde build/stm32l4xx_hal_spi.o
                0x08003094                HAL_SPI_Init
 .text.HAL_SPI_ErrorCallback
                0x08003172        0x2 build/stm32l4xx_hal_spi.o
                0x08003172                HAL_SPI_ErrorCallback
 .text.HAL_SPI_IRQHandler
                0x08003174      0x124 build/stm32l4xx_hal_spi.o
                0x08003174                HAL_SPI_IRQHandler
 .text.SPI_DMAAbortOnError
                0x08003298       0x12 build/stm32l4xx_hal_spi.o
 .text.UART_EndRxTransfer
                0x080032aa       0x50 build/stm32l4xx_hal_uart.o
 .text.HAL_UART_TxCpltCallback
                0x080032fa        0x2 build/stm32l4xx_hal_uart.o
                0x080032fa                HAL_UART_TxCpltCallback
 .text.UART_EndTransmit_IT
                0x080032fc       0x22 build/stm32l4xx_hal_uart.o
 .text.HAL_UART_ErrorCallback
                0x0800331e        0x2 build/stm32l4xx_hal_uart.o
                0x0800331e                HAL_UART_ErrorCallback
 .text.UART_DMAAbortOnError
                0x08003320       0x14 build/stm32l4xx_hal_uart.o
 .text.HAL_UARTEx_RxEventCallback
                0x08003334        0x2 build/stm32l4xx_hal_uart.o
                0x08003334                HAL_UARTEx_RxEventCallback
 *fill*         0x08003336        0x2 
 .text.HAL_UART_IRQHandler
                0x08003338      0x2e4 build/stm32l4xx_hal_uart.o
                0x08003338                HAL_UART_IRQHandler
 .text.UART_SetConfig
                0x0800361c      0x328 build/stm32l4xx_hal_uart.o
                0x0800361c                UART_SetConfig
 .text.UART_AdvFeatureConfig
                0x08003944       0xca build/stm32l4xx_hal_uart.o
                0x08003944                UART_AdvFeatureConfig
 .text.UART_WaitOnFlagUntilTimeout
                0x08003a0e       0xd4 build/stm32l4xx_hal_uart.o
                0x08003a0e                UART_WaitOnFlagUntilTimeout
 .text.UART_CheckIdleState
                0x08003ae2       0x70 build/stm32l4xx_hal_uart.o
                0x08003ae2                UART_CheckIdleState
 .text.HAL_UART_Init
                0x08003b52       0x62 build/stm32l4xx_hal_uart.o
                0x08003b52                HAL_UART_Init
 .text.HAL_UARTEx_WakeupCallback
                0x08003bb4        0x2 build/stm32l4xx_hal_uart_ex.o
                0x08003bb4                HAL_UARTEx_WakeupCallback
 .text.HAL_PCD_Init
                0x08003bb6      0x13c build/stm32l4xx_hal_pcd.o
                0x08003bb6                HAL_PCD_Init
 .text.HAL_PCDEx_ActivateLPM
                0x08003cf2       0x26 build/stm32l4xx_hal_pcd_ex.o
                0x08003cf2                HAL_PCDEx_ActivateLPM
 .text.USB_CoreReset
                0x08003d18       0x4c build/stm32l4xx_ll_usb.o
 .text.USB_CoreInit
                0x08003d64       0x38 build/stm32l4xx_ll_usb.o
                0x08003d64                USB_CoreInit
 .text.USB_DisableGlobalInt
                0x08003d9c        0xc build/stm32l4xx_ll_usb.o
                0x08003d9c                USB_DisableGlobalInt
 .text.USB_FlushTxFifo
                0x08003da8       0x4c build/stm32l4xx_ll_usb.o
                0x08003da8                USB_FlushTxFifo
 .text.USB_FlushRxFifo
                0x08003df4       0x48 build/stm32l4xx_ll_usb.o
                0x08003df4                USB_FlushRxFifo
 .text.USB_SetDevSpeed
                0x08003e3c        0xe build/stm32l4xx_ll_usb.o
                0x08003e3c                USB_SetDevSpeed
 *fill*         0x08003e4a        0x2 
 .text.USB_DevInit
                0x08003e4c      0x164 build/stm32l4xx_ll_usb.o
                0x08003e4c                USB_DevInit
 .text.USB_DevDisconnect
                0x08003fb0       0x1c build/stm32l4xx_ll_usb.o
                0x08003fb0                USB_DevDisconnect
 .text.USB_GetMode
                0x08003fcc        0x8 build/stm32l4xx_ll_usb.o
                0x08003fcc                USB_GetMode
 .text.USB_SetCurrentMode
                0x08003fd4       0x62 build/stm32l4xx_ll_usb.o
                0x08003fd4                USB_SetCurrentMode
 *fill*         0x08004036        0x2 
 .text.SystemInit
                0x08004038       0x14 build/system_stm32l4xx.o
                0x08004038                SystemInit
 .text.Reset_Handler
                0x0800404c       0x50 build/startup_stm32l475xx.o
                0x0800404c                Reset_Handler
 .text.Default_Handler
                0x0800409c        0x2 build/startup_stm32l475xx.o
                0x0800409c                RTC_Alarm_IRQHandler
                0x0800409c                EXTI2_IRQHandler
                0x0800409c                TIM8_TRG_COM_IRQHandler
                0x0800409c                TIM8_CC_IRQHandler
                0x0800409c                TIM1_CC_IRQHandler
                0x0800409c                TSC_IRQHandler
                0x0800409c                TAMP_STAMP_IRQHandler
                0x0800409c                EXTI3_IRQHandler
                0x0800409c                LPTIM2_IRQHandler
                0x0800409c                DFSDM1_FLT1_IRQHandler
                0x0800409c                I2C3_ER_IRQHandler
                0x0800409c                DFSDM1_FLT2_IRQHandler
                0x0800409c                EXTI0_IRQHandler
                0x0800409c                I2C2_EV_IRQHandler
                0x0800409c                CAN1_RX0_IRQHandler
                0x0800409c                FPU_IRQHandler
                0x0800409c                TIM1_UP_TIM16_IRQHandler
                0x0800409c                ADC1_2_IRQHandler
                0x0800409c                SPI1_IRQHandler
                0x0800409c                TIM6_DAC_IRQHandler
                0x0800409c                TIM8_UP_IRQHandler
                0x0800409c                DMA2_Channel2_IRQHandler
                0x0800409c                SAI2_IRQHandler
                0x0800409c                DFSDM1_FLT3_IRQHandler
                0x0800409c                DMA1_Channel7_IRQHandler
                0x0800409c                CAN1_RX1_IRQHandler
                0x0800409c                UART5_IRQHandler
                0x0800409c                ADC3_IRQHandler
                0x0800409c                TIM4_IRQHandler
                0x0800409c                DMA2_Channel1_IRQHandler
                0x0800409c                QUADSPI_IRQHandler
                0x0800409c                I2C1_EV_IRQHandler
                0x0800409c                DMA1_Channel6_IRQHandler
                0x0800409c                UART4_IRQHandler
                0x0800409c                DMA2_Channel4_IRQHandler
                0x0800409c                TIM3_IRQHandler
                0x0800409c                RCC_IRQHandler
                0x0800409c                DMA1_Channel1_IRQHandler
                0x0800409c                Default_Handler
                0x0800409c                DMA2_Channel7_IRQHandler
                0x0800409c                TIM7_IRQHandler
                0x0800409c                SDMMC1_IRQHandler
                0x0800409c                TIM5_IRQHandler
                0x0800409c                I2C3_EV_IRQHandler
                0x0800409c                RTC_WKUP_IRQHandler
                0x0800409c                PVD_PVM_IRQHandler
                0x0800409c                CAN1_TX_IRQHandler
                0x0800409c                DMA2_Channel5_IRQHandler
                0x0800409c                EXTI4_IRQHandler
                0x0800409c                RNG_IRQHandler
                0x0800409c                TIM1_TRG_COM_TIM17_IRQHandler
                0x0800409c                COMP_IRQHandler
                0x0800409c                WWDG_IRQHandler
                0x0800409c                LPUART1_IRQHandler
                0x0800409c                DMA2_Channel6_IRQHandler
                0x0800409c                TIM2_IRQHandler
                0x0800409c                EXTI1_IRQHandler
                0x0800409c                USART2_IRQHandler
                0x0800409c                DFSDM1_FLT0_IRQHandler
                0x0800409c                I2C2_ER_IRQHandler
                0x0800409c                TIM8_BRK_IRQHandler
                0x0800409c                CAN1_SCE_IRQHandler
                0x0800409c                FLASH_IRQHandler
                0x0800409c                OTG_FS_IRQHandler
                0x0800409c                I2C1_ER_IRQHandler
                0x0800409c                FMC_IRQHandler
                0x0800409c                SWPMI1_IRQHandler
                0x0800409c                LPTIM1_IRQHandler
                0x0800409c                SAI1_IRQHandler
                0x0800409c                DMA2_Channel3_IRQHandler
                0x0800409c                TIM1_BRK_TIM15_IRQHandler
 *fill*         0x0800409e        0x2 
 .text.__libc_init_array
                0x080040a0       0x48 c:/tools/gcc-arm-none-eabi-10.3-2021.10-win32/gcc-arm-none-eabi-10.3-2021.10/bin/../lib/gcc/arm-none-eabi/10.3.1/../../../../arm-none-eabi/lib/thumb/v7e-m+fp/hard\libc_nano.a(lib_a-init.o)
                0x080040a0                __libc_init_array
 .text.memset   0x080040e8       0x10 c:/tools/gcc-arm-none-eabi-10.3-2021.10-win32/gcc-arm-none-eabi-10.3-2021.10/bin/../lib/gcc/arm-none-eabi/10.3.1/../../../../arm-none-eabi/lib/thumb/v7e-m+fp/hard\libc_nano.a(lib_a-memset.o)
                0x080040e8                memset
 *(.glue_7)
 .glue_7        0x080040f8        0x0 linker stubs
 *(.glue_7t)
 .glue_7t       0x080040f8        0x0 linker stubs
 *(.eh_frame)
 .eh_frame      0x080040f8        0x0 c:/tools/gcc-arm-none-eabi-10.3-2021.10-win32/gcc-arm-none-eabi-10.3-2021.10/bin/../lib/gcc/arm-none-eabi/10.3.1/thumb/v7e-m+fp/hard/crtbegin.o
 *(.init)
 .init          0x080040f8        0x4 c:/tools/gcc-arm-none-eabi-10.3-2021.10-win32/gcc-arm-none-eabi-10.3-2021.10/bin/../lib/gcc/arm-none-eabi/10.3.1/thumb/v7e-m+fp/hard/crti.o
                0x080040f8                _init
 .init          0x080040fc        0x8 c:/tools/gcc-arm-none-eabi-10.3-2021.10-win32/gcc-arm-none-eabi-10.3-2021.10/bin/../lib/gcc/arm-none-eabi/10.3.1/thumb/v7e-m+fp/hard/crtn.o
 *(.fini)
 .fini          0x08004104        0x4 c:/tools/gcc-arm-none-eabi-10.3-2021.10-win32/gcc-arm-none-eabi-10.3-2021.10/bin/../lib/gcc/arm-none-eabi/10.3.1/thumb/v7e-m+fp/hard/crti.o
                0x08004104                _fini
 .fini          0x08004108        0x8 c:/tools/gcc-arm-none-eabi-10.3-2021.10-win32/gcc-arm-none-eabi-10.3-2021.10/bin/../lib/gcc/arm-none-eabi/10.3.1/thumb/v7e-m+fp/hard/crtn.o
                0x08004110                . = ALIGN (0x8)
                0x08004110                _etext = .

.vfp11_veneer   0x08004110        0x0
 .vfp11_veneer  0x08004110        0x0 linker stubs

.v4_bx          0x08004110        0x0
 .v4_bx         0x08004110        0x0 linker stubs

.iplt           0x08004110        0x0
 .iplt          0x08004110        0x0 c:/tools/gcc-arm-none-eabi-10.3-2021.10-win32/gcc-arm-none-eabi-10.3-2021.10/bin/../lib/gcc/arm-none-eabi/10.3.1/thumb/v7e-m+fp/hard/crtbegin.o

.rodata         0x08004110       0x50
                0x08004110                . = ALIGN (0x8)
 *(.rodata)
 .rodata        0x08004110        0x5 build/main.o
 *(.rodata*)
 *fill*         0x08004115        0x3 
 .rodata.AHBPrescTable
                0x08004118       0x10 build/system_stm32l4xx.o
                0x08004118                AHBPrescTable
 .rodata.APBPrescTable
                0x08004128        0x8 build/system_stm32l4xx.o
                0x08004128                APBPrescTable
 .rodata.MSIRangeTable
                0x08004130       0x30 build/system_stm32l4xx.o
                0x08004130                MSIRangeTable
                0x08004160                . = ALIGN (0x8)

.ARM.extab      0x08004160        0x0
                0x08004160                . = ALIGN (0x8)
 *(.ARM.extab* .gnu.linkonce.armextab.*)
                0x08004160                . = ALIGN (0x8)

.ARM            0x08004160        0x8
                0x08004160                . = ALIGN (0x8)
                0x08004160                __exidx_start = .
 *(.ARM.exidx*)
 .ARM.exidx     0x08004160        0x8 c:/tools/gcc-arm-none-eabi-10.3-2021.10-win32/gcc-arm-none-eabi-10.3-2021.10/bin/../lib/gcc/arm-none-eabi/10.3.1/thumb/v7e-m+fp/hard\libgcc.a(_udivmoddi4.o)
                0x08004168                __exidx_end = .
                0x08004168                . = ALIGN (0x8)

.rel.dyn        0x08004168        0x0
 .rel.iplt      0x08004168        0x0 c:/tools/gcc-arm-none-eabi-10.3-2021.10-win32/gcc-arm-none-eabi-10.3-2021.10/bin/../lib/gcc/arm-none-eabi/10.3.1/thumb/v7e-m+fp/hard/crtbegin.o

.preinit_array  0x08004168        0x0
                0x08004168                . = ALIGN (0x8)
                0x08004168                PROVIDE (__preinit_array_start = .)
 *(.preinit_array*)
                0x08004168                PROVIDE (__preinit_array_end = .)
                0x08004168                . = ALIGN (0x8)

.init_array     0x08004168        0x8
                0x08004168                . = ALIGN (0x8)
                0x08004168                PROVIDE (__init_array_start = .)
 *(SORT_BY_NAME(.init_array.*))
 *(.init_array*)
 .init_array    0x08004168        0x4 c:/tools/gcc-arm-none-eabi-10.3-2021.10-win32/gcc-arm-none-eabi-10.3-2021.10/bin/../lib/gcc/arm-none-eabi/10.3.1/thumb/v7e-m+fp/hard/crtbegin.o
                0x0800416c                PROVIDE (__init_array_end = .)
                0x08004170                . = ALIGN (0x8)
 *fill*         0x0800416c        0x4 

.fini_array     0x08004170        0x8
                0x08004170                . = ALIGN (0x8)
                [!provide]                PROVIDE (__fini_array_start = .)
 *(SORT_BY_NAME(.fini_array.*))
 *(.fini_array*)
 .fini_array    0x08004170        0x4 c:/tools/gcc-arm-none-eabi-10.3-2021.10-win32/gcc-arm-none-eabi-10.3-2021.10/bin/../lib/gcc/arm-none-eabi/10.3.1/thumb/v7e-m+fp/hard/crtbegin.o
                [!provide]                PROVIDE (__fini_array_end = .)
                0x08004178                . = ALIGN (0x8)
 *fill*         0x08004174        0x4 
                0x08004178                _sidata = LOADADDR (.data)

.data           0x20000000       0x18 load address 0x08004178
                0x20000000                . = ALIGN (0x8)
                0x20000000                _sdata = .
 *(.data)
 *(.data*)
 .data._rx_buffer1
                0x20000000        0x4 build/ring_buffer.o
                0x20000000                _rx_buffer1
 .data._rx_buffer2
                0x20000004        0x4 build/ring_buffer.o
                0x20000004                _rx_buffer2
 .data._tx_buffer1
                0x20000008        0x4 build/ring_buffer.o
                0x20000008                _tx_buffer1
 .data.uwTickFreq
                0x2000000c        0x1 build/stm32l4xx_hal.o
                0x2000000c                uwTickFreq
 *fill*         0x2000000d        0x3 
 .data.uwTickPrio
                0x20000010        0x4 build/stm32l4xx_hal.o
                0x20000010                uwTickPrio
 .data.SystemCoreClock
                0x20000014        0x4 build/system_stm32l4xx.o
                0x20000014                SystemCoreClock
                0x20000018                . = ALIGN (0x8)
                0x20000018                _edata = .

.igot.plt       0x20000018        0x0 load address 0x08004190
 .igot.plt      0x20000018        0x0 c:/tools/gcc-arm-none-eabi-10.3-2021.10-win32/gcc-arm-none-eabi-10.3-2021.10/bin/../lib/gcc/arm-none-eabi/10.3.1/thumb/v7e-m+fp/hard/crtbegin.o
                0x20000018                . = ALIGN (0x4)

.bss            0x20000018      0xa1c load address 0x08004190
                0x20000018                _sbss = .
                0x20000018                __bss_start__ = _sbss
 *(.bss)
 .bss           0x20000018       0x1c c:/tools/gcc-arm-none-eabi-10.3-2021.10-win32/gcc-arm-none-eabi-10.3-2021.10/bin/../lib/gcc/arm-none-eabi/10.3.1/thumb/v7e-m+fp/hard/crtbegin.o
 *(.bss*)
 .bss.DFSDM1_Init
                0x20000034        0x4 build/dfsdm.o
 .bss.hdfsdm1_channel1
                0x20000038       0x38 build/dfsdm.o
                0x20000038                hdfsdm1_channel1
 .bss.hi2c2     0x20000070       0x4c build/i2c.o
                0x20000070                hi2c2
 .bss.hqspi     0x200000bc       0x44 build/quadspi.o
                0x200000bc                hqspi
 .bss.hspi1     0x20000100       0x64 build/spi.o
                0x20000100                hspi1
 .bss.hspi2     0x20000164       0x64 build/spi.o
                0x20000164                hspi2
 .bss.hspi3     0x200001c8       0x64 build/spi.o
                0x200001c8                hspi3
 .bss.hdma_usart1_rx
                0x2000022c       0x48 build/usart.o
                0x2000022c                hdma_usart1_rx
 .bss.hdma_usart1_tx
                0x20000274       0x48 build/usart.o
                0x20000274                hdma_usart1_tx
 .bss.hdma_usart3_rx
                0x200002bc       0x48 build/usart.o
                0x200002bc                hdma_usart3_rx
 .bss.hdma_usart3_tx
                0x20000304       0x48 build/usart.o
                0x20000304                hdma_usart3_tx
 .bss.huart1    0x2000034c       0x84 build/usart.o
                0x2000034c                huart1
 .bss.huart3    0x200003d0       0x84 build/usart.o
                0x200003d0                huart3
 .bss.hpcd_USB_OTG_FS
                0x20000454      0x408 build/usb_otg.o
                0x20000454                hpcd_USB_OTG_FS
 .bss.tx_buffer1
                0x2000085c       0x6c build/ring_buffer.o
                0x2000085c                tx_buffer1
 .bss.rx_buffer1
                0x200008c8       0x6c build/ring_buffer.o
                0x200008c8                rx_buffer1
 .bss.rx_buffer2
                0x20000934       0x6c build/ring_buffer.o
                0x20000934                rx_buffer2
 .bss.tx_buffer2
                0x200009a0       0x6c build/ring_buffer.o
                0x200009a0                tx_buffer2
 .bss.a_dfsdm1ChannelHandle
                0x20000a0c       0x20 build/stm32l4xx_hal_dfsdm.o
 .bss.v_dfsdm1ChannelCounter
                0x20000a2c        0x4 build/stm32l4xx_hal_dfsdm.o
 .bss.uwTick    0x20000a30        0x4 build/stm32l4xx_hal.o
                0x20000a30                uwTick
 *(COMMON)
                0x20000a34                . = ALIGN (0x4)
                0x20000a34                _ebss = .
                0x20000a34                __bss_end__ = _ebss

._user_heap_stack
                0x20000a34      0x604 load address 0x08004190
                0x20000a38                . = ALIGN (0x8)
 *fill*         0x20000a34        0x4 
                [!provide]                PROVIDE (end = .)
                [!provide]                PROVIDE (_end = .)
                0x20000c38                . = (. + _Min_Heap_Size)
 *fill*         0x20000a38      0x200 
                0x20001038                . = (. + _Min_Stack_Size)
 *fill*         0x20000c38      0x400 
                0x20001038                . = ALIGN (0x8)

/DISCARD/
 libc.a(*)
 libm.a(*)
 libgcc.a(*)

.ARM.attributes
                0x00000000       0x30
 *(.ARM.attributes)
 .ARM.attributes
                0x00000000       0x1e c:/tools/gcc-arm-none-eabi-10.3-2021.10-win32/gcc-arm-none-eabi-10.3-2021.10/bin/../lib/gcc/arm-none-eabi/10.3.1/thumb/v7e-m+fp/hard/crti.o
 .ARM.attributes
                0x0000001e       0x34 c:/tools/gcc-arm-none-eabi-10.3-2021.10-win32/gcc-arm-none-eabi-10.3-2021.10/bin/../lib/gcc/arm-none-eabi/10.3.1/thumb/v7e-m+fp/hard/crtbegin.o
 .ARM.attributes
                0x00000052       0x34 build/main.o
 .ARM.attributes
                0x00000086       0x34 build/gpio.o
 .ARM.attributes
                0x000000ba       0x34 build/dfsdm.o
 .ARM.attributes
                0x000000ee       0x34 build/dma.o
 .ARM.attributes
                0x00000122       0x34 build/i2c.o
 .ARM.attributes
                0x00000156       0x34 build/quadspi.o
 .ARM.attributes
                0x0000018a       0x34 build/spi.o
 .ARM.attributes
                0x000001be       0x34 build/usart.o
 .ARM.attributes
                0x000001f2       0x34 build/usb_otg.o
 .ARM.attributes
                0x00000226       0x34 build/stm32l4xx_it.o
 .ARM.attributes
                0x0000025a       0x34 build/stm32l4xx_hal_msp.o
 .ARM.attributes
                0x0000028e       0x34 build/ring_buffer.o
 .ARM.attributes
                0x000002c2       0x34 build/stm32l4xx_hal_dfsdm.o
 .ARM.attributes
                0x000002f6       0x34 build/stm32l4xx_hal.o
 .ARM.attributes
                0x0000032a       0x34 build/stm32l4xx_hal_i2c.o
 .ARM.attributes
                0x0000035e       0x34 build/stm32l4xx_hal_i2c_ex.o
 .ARM.attributes
                0x00000392       0x34 build/stm32l4xx_hal_rcc.o
 .ARM.attributes
                0x000003c6       0x34 build/stm32l4xx_hal_rcc_ex.o
 .ARM.attributes
                0x000003fa       0x34 build/stm32l4xx_hal_gpio.o
 .ARM.attributes
                0x0000042e       0x34 build/stm32l4xx_hal_dma.o
 .ARM.attributes
                0x00000462       0x34 build/stm32l4xx_hal_pwr.o
 .ARM.attributes
                0x00000496       0x34 build/stm32l4xx_hal_pwr_ex.o
 .ARM.attributes
                0x000004ca       0x34 build/stm32l4xx_hal_cortex.o
 .ARM.attributes
                0x000004fe       0x34 build/stm32l4xx_hal_qspi.o
 .ARM.attributes
                0x00000532       0x34 build/stm32l4xx_hal_spi.o
 .ARM.attributes
                0x00000566       0x34 build/stm32l4xx_hal_uart.o
 .ARM.attributes
                0x0000059a       0x34 build/stm32l4xx_hal_uart_ex.o
 .ARM.attributes
                0x000005ce       0x34 build/stm32l4xx_hal_pcd.o
 .ARM.attributes
                0x00000602       0x34 build/stm32l4xx_hal_pcd_ex.o
 .ARM.attributes
                0x00000636       0x34 build/stm32l4xx_ll_usb.o
 .ARM.attributes
                0x0000066a       0x34 build/system_stm32l4xx.o
 .ARM.attributes
                0x0000069e       0x21 build/startup_stm32l475xx.o
 .ARM.attributes
                0x000006bf       0x34 c:/tools/gcc-arm-none-eabi-10.3-2021.10-win32/gcc-arm-none-eabi-10.3-2021.10/bin/../lib/gcc/arm-none-eabi/10.3.1/../../../../arm-none-eabi/lib/thumb/v7e-m+fp/hard\libc_nano.a(lib_a-init.o)
 .ARM.attributes
                0x000006f3       0x34 c:/tools/gcc-arm-none-eabi-10.3-2021.10-win32/gcc-arm-none-eabi-10.3-2021.10/bin/../lib/gcc/arm-none-eabi/10.3.1/../../../../arm-none-eabi/lib/thumb/v7e-m+fp/hard\libc_nano.a(lib_a-memset.o)
 .ARM.attributes
                0x00000727       0x1e c:/tools/gcc-arm-none-eabi-10.3-2021.10-win32/gcc-arm-none-eabi-10.3-2021.10/bin/../lib/gcc/arm-none-eabi/10.3.1/thumb/v7e-m+fp/hard\libgcc.a(_aeabi_uldivmod.o)
 .ARM.attributes
                0x00000745       0x34 c:/tools/gcc-arm-none-eabi-10.3-2021.10-win32/gcc-arm-none-eabi-10.3-2021.10/bin/../lib/gcc/arm-none-eabi/10.3.1/thumb/v7e-m+fp/hard\libgcc.a(_udivmoddi4.o)
 .ARM.attributes
                0x00000779       0x1e c:/tools/gcc-arm-none-eabi-10.3-2021.10-win32/gcc-arm-none-eabi-10.3-2021.10/bin/../lib/gcc/arm-none-eabi/10.3.1/thumb/v7e-m+fp/hard\libgcc.a(_dvmd_tls.o)
 .ARM.attributes
                0x00000797       0x1e c:/tools/gcc-arm-none-eabi-10.3-2021.10-win32/gcc-arm-none-eabi-10.3-2021.10/bin/../lib/gcc/arm-none-eabi/10.3.1/thumb/v7e-m+fp/hard/crtn.o
OUTPUT(build/wifi_test.elf elf32-littlearm)
LOAD linker stubs
LOAD c:/tools/gcc-arm-none-eabi-10.3-2021.10-win32/gcc-arm-none-eabi-10.3-2021.10/bin/../lib/gcc/arm-none-eabi/10.3.1/../../../../arm-none-eabi/lib/thumb/v7e-m+fp/hard\libc.a
LOAD c:/tools/gcc-arm-none-eabi-10.3-2021.10-win32/gcc-arm-none-eabi-10.3-2021.10/bin/../lib/gcc/arm-none-eabi/10.3.1/../../../../arm-none-eabi/lib/thumb/v7e-m+fp/hard\libm.a
LOAD c:/tools/gcc-arm-none-eabi-10.3-2021.10-win32/gcc-arm-none-eabi-10.3-2021.10/bin/../lib/gcc/arm-none-eabi/10.3.1/thumb/v7e-m+fp/hard\libgcc.a

.debug_info     0x00000000    0x26fa0
 .debug_info    0x00000000     0x12c2 build/main.o
 .debug_info    0x000012c2      0xac2 build/gpio.o
 .debug_info    0x00001d84      0xb7a build/dfsdm.o
 .debug_info    0x000028fe      0x649 build/dma.o
 .debug_info    0x00002f47      0xf10 build/i2c.o
 .debug_info    0x00003e57      0xb26 build/quadspi.o
 .debug_info    0x0000497d      0xfe5 build/spi.o
 .debug_info    0x00005962     0x1413 build/usart.o
 .debug_info    0x00006d75      0xf24 build/usb_otg.o
 .debug_info    0x00007c99      0xd59 build/stm32l4xx_it.o
 .debug_info    0x000089f2      0x35f build/stm32l4xx_hal_msp.o
 .debug_info    0x00008d51     0x1610 build/ring_buffer.o
 .debug_info    0x0000a361     0x237b build/stm32l4xx_hal_dfsdm.o
 .debug_info    0x0000c6dc      0xcda build/stm32l4xx_hal.o
 .debug_info    0x0000d3b6     0x4234 build/stm32l4xx_hal_i2c.o
 .debug_info    0x000115ea      0xb40 build/stm32l4xx_hal_i2c_ex.o
 .debug_info    0x0001212a     0x108c build/stm32l4xx_hal_rcc.o
 .debug_info    0x000131b6     0x13d5 build/stm32l4xx_hal_rcc_ex.o
 .debug_info    0x0001458b      0x91b build/stm32l4xx_hal_gpio.o
 .debug_info    0x00014ea6      0x8ea build/stm32l4xx_hal_dma.o
 .debug_info    0x00015790      0xaa6 build/stm32l4xx_hal_pwr.o
 .debug_info    0x00016236      0xb9e build/stm32l4xx_hal_pwr_ex.o
 .debug_info    0x00016dd4     0x1174 build/stm32l4xx_hal_cortex.o
 .debug_info    0x00017f48     0x19e5 build/stm32l4xx_hal_qspi.o
 .debug_info    0x0001992d     0x230f build/stm32l4xx_hal_spi.o
 .debug_info    0x0001bc3c     0x53d2 build/stm32l4xx_hal_uart.o
 .debug_info    0x0002100e     0x1120 build/stm32l4xx_hal_uart_ex.o
 .debug_info    0x0002212e     0x1be7 build/stm32l4xx_hal_pcd.o
 .debug_info    0x00023d15      0xad6 build/stm32l4xx_hal_pcd_ex.o
 .debug_info    0x000247eb     0x2122 build/stm32l4xx_ll_usb.o
 .debug_info    0x0002690d      0x671 build/system_stm32l4xx.o
 .debug_info    0x00026f7e       0x22 build/startup_stm32l475xx.o

.debug_abbrev   0x00000000     0x452d
 .debug_abbrev  0x00000000      0x2ba build/main.o
 .debug_abbrev  0x000002ba      0x15a build/gpio.o
 .debug_abbrev  0x00000414      0x1c1 build/dfsdm.o
 .debug_abbrev  0x000005d5      0x117 build/dma.o
 .debug_abbrev  0x000006ec      0x1f4 build/i2c.o
 .debug_abbrev  0x000008e0      0x1d7 build/quadspi.o
 .debug_abbrev  0x00000ab7      0x1e0 build/spi.o
 .debug_abbrev  0x00000c97      0x20c build/usart.o
 .debug_abbrev  0x00000ea3      0x1db build/usb_otg.o
 .debug_abbrev  0x0000107e      0x1af build/stm32l4xx_it.o
 .debug_abbrev  0x0000122d       0xc1 build/stm32l4xx_hal_msp.o
 .debug_abbrev  0x000012ee      0x3fc build/ring_buffer.o
 .debug_abbrev  0x000016ea      0x292 build/stm32l4xx_hal_dfsdm.o
 .debug_abbrev  0x0000197c      0x249 build/stm32l4xx_hal.o
 .debug_abbrev  0x00001bc5      0x2a9 build/stm32l4xx_hal_i2c.o
 .debug_abbrev  0x00001e6e      0x1b5 build/stm32l4xx_hal_i2c_ex.o
 .debug_abbrev  0x00002023      0x28e build/stm32l4xx_hal_rcc.o
 .debug_abbrev  0x000022b1      0x2b0 build/stm32l4xx_hal_rcc_ex.o
 .debug_abbrev  0x00002561      0x222 build/stm32l4xx_hal_gpio.o
 .debug_abbrev  0x00002783      0x23b build/stm32l4xx_hal_dma.o
 .debug_abbrev  0x000029be      0x1a6 build/stm32l4xx_hal_pwr.o
 .debug_abbrev  0x00002b64      0x234 build/stm32l4xx_hal_pwr_ex.o
 .debug_abbrev  0x00002d98      0x382 build/stm32l4xx_hal_cortex.o
 .debug_abbrev  0x0000311a      0x25d build/stm32l4xx_hal_qspi.o
 .debug_abbrev  0x00003377      0x278 build/stm32l4xx_hal_spi.o
 .debug_abbrev  0x000035ef      0x316 build/stm32l4xx_hal_uart.o
 .debug_abbrev  0x00003905      0x2d4 build/stm32l4xx_hal_uart_ex.o
 .debug_abbrev  0x00003bd9      0x2c2 build/stm32l4xx_hal_pcd.o
 .debug_abbrev  0x00003e9b      0x26c build/stm32l4xx_hal_pcd_ex.o
 .debug_abbrev  0x00004107      0x2f9 build/stm32l4xx_ll_usb.o
 .debug_abbrev  0x00004400      0x11b build/system_stm32l4xx.o
 .debug_abbrev  0x0000451b       0x12 build/startup_stm32l475xx.o

.debug_loc      0x00000000    0x1c100
 .debug_loc     0x00000000      0x199 build/main.o
 .debug_loc     0x00000199       0x39 build/gpio.o
 .debug_loc     0x000001d2       0xed build/dfsdm.o
 .debug_loc     0x000002bf       0x38 build/dma.o
 .debug_loc     0x000002f7      0x107 build/i2c.o
 .debug_loc     0x000003fe      0x108 build/quadspi.o
 .debug_loc     0x00000506      0x1bc build/spi.o
 .debug_loc     0x000006c2      0x11e build/usart.o
 .debug_loc     0x000007e0      0x13b build/usb_otg.o
 .debug_loc     0x0000091b      0x140 build/stm32l4xx_it.o
 .debug_loc     0x00000a5b       0x2c build/stm32l4xx_hal_msp.o
 .debug_loc     0x00000a87      0xe23 build/ring_buffer.o
 .debug_loc     0x000018aa     0x25e5 build/stm32l4xx_hal_dfsdm.o
 .debug_loc     0x00003e8f      0x2af build/stm32l4xx_hal.o
 .debug_loc     0x0000413e     0x52b1 build/stm32l4xx_hal_i2c.o
 .debug_loc     0x000093ef      0x25a build/stm32l4xx_hal_i2c_ex.o
 .debug_loc     0x00009649      0x9c6 build/stm32l4xx_hal_rcc.o
 .debug_loc     0x0000a00f     0x1cf1 build/stm32l4xx_hal_rcc_ex.o
 .debug_loc     0x0000bd00      0x496 build/stm32l4xx_hal_gpio.o
 .debug_loc     0x0000c196      0x94e build/stm32l4xx_hal_dma.o
 .debug_loc     0x0000cae4      0x1f1 build/stm32l4xx_hal_pwr.o
 .debug_loc     0x0000ccd5      0xb66 build/stm32l4xx_hal_pwr_ex.o
 .debug_loc     0x0000d83b      0x7a4 build/stm32l4xx_hal_cortex.o
 .debug_loc     0x0000dfdf     0x191d build/stm32l4xx_hal_qspi.o
 .debug_loc     0x0000f8fc     0x279d build/stm32l4xx_hal_spi.o
 .debug_loc     0x00012099     0x52ef build/stm32l4xx_hal_uart.o
 .debug_loc     0x00017388      0xd66 build/stm32l4xx_hal_uart_ex.o
 .debug_loc     0x000180ee     0x1504 build/stm32l4xx_hal_pcd.o
 .debug_loc     0x000195f2      0x28e build/stm32l4xx_hal_pcd_ex.o
 .debug_loc     0x00019880     0x2759 build/stm32l4xx_ll_usb.o
 .debug_loc     0x0001bfd9      0x127 build/system_stm32l4xx.o

.debug_aranges  0x00000000     0x1798
 .debug_aranges
                0x00000000       0x40 build/main.o
 .debug_aranges
                0x00000040       0x20 build/gpio.o
 .debug_aranges
                0x00000060       0x30 build/dfsdm.o
 .debug_aranges
                0x00000090       0x20 build/dma.o
 .debug_aranges
                0x000000b0       0x30 build/i2c.o
 .debug_aranges
                0x000000e0       0x30 build/quadspi.o
 .debug_aranges
                0x00000110       0x40 build/spi.o
 .debug_aranges
                0x00000150       0x38 build/usart.o
 .debug_aranges
                0x00000188       0x30 build/usb_otg.o
 .debug_aranges
                0x000001b8       0xa8 build/stm32l4xx_it.o
 .debug_aranges
                0x00000260       0x20 build/stm32l4xx_hal_msp.o
 .debug_aranges
                0x00000280       0xb0 build/ring_buffer.o
 .debug_aranges
                0x00000330      0x248 build/stm32l4xx_hal_dfsdm.o
 .debug_aranges
                0x00000578      0x130 build/stm32l4xx_hal.o
 .debug_aranges
                0x000006a8      0x290 build/stm32l4xx_hal_i2c.o
 .debug_aranges
                0x00000938       0x48 build/stm32l4xx_hal_i2c_ex.o
 .debug_aranges
                0x00000980       0x90 build/stm32l4xx_hal_rcc.o
 .debug_aranges
                0x00000a10       0xc0 build/stm32l4xx_hal_rcc_ex.o
 .debug_aranges
                0x00000ad0       0x58 build/stm32l4xx_hal_gpio.o
 .debug_aranges
                0x00000b28       0x80 build/stm32l4xx_hal_dma.o
 .debug_aranges
                0x00000ba8       0x98 build/stm32l4xx_hal_pwr.o
 .debug_aranges
                0x00000c40      0x150 build/stm32l4xx_hal_pwr_ex.o
 .debug_aranges
                0x00000d90       0xa8 build/stm32l4xx_hal_cortex.o
 .debug_aranges
                0x00000e38      0x160 build/stm32l4xx_hal_qspi.o
 .debug_aranges
                0x00000f98      0x1d8 build/stm32l4xx_hal_spi.o
 .debug_aranges
                0x00001170      0x228 build/stm32l4xx_hal_uart.o
 .debug_aranges
                0x00001398       0x78 build/stm32l4xx_hal_uart_ex.o
 .debug_aranges
                0x00001410      0x138 build/stm32l4xx_hal_pcd.o
 .debug_aranges
                0x00001548       0x60 build/stm32l4xx_hal_pcd_ex.o
 .debug_aranges
                0x000015a8      0x1a0 build/stm32l4xx_ll_usb.o
 .debug_aranges
                0x00001748       0x28 build/system_stm32l4xx.o
 .debug_aranges
                0x00001770       0x28 build/startup_stm32l475xx.o

.debug_ranges   0x00000000     0x16b0
 .debug_ranges  0x00000000       0x30 build/main.o
 .debug_ranges  0x00000030       0x10 build/gpio.o
 .debug_ranges  0x00000040       0x20 build/dfsdm.o
 .debug_ranges  0x00000060       0x10 build/dma.o
 .debug_ranges  0x00000070       0x20 build/i2c.o
 .debug_ranges  0x00000090       0x20 build/quadspi.o
 .debug_ranges  0x000000b0       0x30 build/spi.o
 .debug_ranges  0x000000e0       0x28 build/usart.o
 .debug_ranges  0x00000108       0x20 build/usb_otg.o
 .debug_ranges  0x00000128       0x98 build/stm32l4xx_it.o
 .debug_ranges  0x000001c0       0x10 build/stm32l4xx_hal_msp.o
 .debug_ranges  0x000001d0       0xe8 build/ring_buffer.o
 .debug_ranges  0x000002b8      0x258 build/stm32l4xx_hal_dfsdm.o
 .debug_ranges  0x00000510      0x120 build/stm32l4xx_hal.o
 .debug_ranges  0x00000630      0x280 build/stm32l4xx_hal_i2c.o
 .debug_ranges  0x000008b0       0x38 build/stm32l4xx_hal_i2c_ex.o
 .debug_ranges  0x000008e8       0x98 build/stm32l4xx_hal_rcc.o
 .debug_ranges  0x00000980       0xc8 build/stm32l4xx_hal_rcc_ex.o
 .debug_ranges  0x00000a48       0x48 build/stm32l4xx_hal_gpio.o
 .debug_ranges  0x00000a90       0x70 build/stm32l4xx_hal_dma.o
 .debug_ranges  0x00000b00       0x88 build/stm32l4xx_hal_pwr.o
 .debug_ranges  0x00000b88      0x140 build/stm32l4xx_hal_pwr_ex.o
 .debug_ranges  0x00000cc8       0xf8 build/stm32l4xx_hal_cortex.o
 .debug_ranges  0x00000dc0      0x150 build/stm32l4xx_hal_qspi.o
 .debug_ranges  0x00000f10      0x1c8 build/stm32l4xx_hal_spi.o
 .debug_ranges  0x000010d8      0x230 build/stm32l4xx_hal_uart.o
 .debug_ranges  0x00001308       0x68 build/stm32l4xx_hal_uart_ex.o
 .debug_ranges  0x00001370      0x128 build/stm32l4xx_hal_pcd.o
 .debug_ranges  0x00001498       0x50 build/stm32l4xx_hal_pcd_ex.o
 .debug_ranges  0x000014e8      0x190 build/stm32l4xx_ll_usb.o
 .debug_ranges  0x00001678       0x18 build/system_stm32l4xx.o
 .debug_ranges  0x00001690       0x20 build/startup_stm32l475xx.o

.debug_line     0x00000000    0x1cccf
 .debug_line    0x00000000      0x57e build/main.o
 .debug_line    0x0000057e      0x3f2 build/gpio.o
 .debug_line    0x00000970      0x377 build/dfsdm.o
 .debug_line    0x00000ce7      0x1bd build/dma.o
 .debug_line    0x00000ea4      0x37f build/i2c.o
 .debug_line    0x00001223      0x2f9 build/quadspi.o
 .debug_line    0x0000151c      0x51c build/spi.o
 .debug_line    0x00001a38      0x5d4 build/usart.o
 .debug_line    0x0000200c      0x40e build/usb_otg.o
 .debug_line    0x0000241a      0x402 build/stm32l4xx_it.o
 .debug_line    0x0000281c      0x18e build/stm32l4xx_hal_msp.o
 .debug_line    0x000029aa      0xef0 build/ring_buffer.o
 .debug_line    0x0000389a     0x1f08 build/stm32l4xx_hal_dfsdm.o
 .debug_line    0x000057a2      0x6c6 build/stm32l4xx_hal.o
 .debug_line    0x00005e68     0x49e4 build/stm32l4xx_hal_i2c.o
 .debug_line    0x0000a84c      0x4e9 build/stm32l4xx_hal_i2c_ex.o
 .debug_line    0x0000ad35      0xf05 build/stm32l4xx_hal_rcc.o
 .debug_line    0x0000bc3a     0x1557 build/stm32l4xx_hal_rcc_ex.o
 .debug_line    0x0000d191      0x6fa build/stm32l4xx_hal_gpio.o
 .debug_line    0x0000d88b      0xa51 build/stm32l4xx_hal_dma.o
 .debug_line    0x0000e2dc      0x448 build/stm32l4xx_hal_pwr.o
 .debug_line    0x0000e724      0xad8 build/stm32l4xx_hal_pwr_ex.o
 .debug_line    0x0000f1fc      0x7a1 build/stm32l4xx_hal_cortex.o
 .debug_line    0x0000f99d     0x15c1 build/stm32l4xx_hal_qspi.o
 .debug_line    0x00010f5e     0x293a build/stm32l4xx_hal_spi.o
 .debug_line    0x00013898     0x5299 build/stm32l4xx_hal_uart.o
 .debug_line    0x00018b31      0xbb5 build/stm32l4xx_hal_uart_ex.o
 .debug_line    0x000196e6     0x1261 build/stm32l4xx_hal_pcd.o
 .debug_line    0x0001a947      0x4c6 build/stm32l4xx_hal_pcd_ex.o
 .debug_line    0x0001ae0d     0x1b86 build/stm32l4xx_ll_usb.o
 .debug_line    0x0001c993      0x2c6 build/system_stm32l4xx.o
 .debug_line    0x0001cc59       0x76 build/startup_stm32l475xx.o

.debug_str      0x00000000     0x7179
 .debug_str     0x00000000      0xad0 build/main.o
                                0xbf7 (size before relaxing)
 .debug_str     0x00000ad0      0x5b0 build/gpio.o
                                0x8c2 (size before relaxing)
 .debug_str     0x00001080      0x523 build/dfsdm.o
                                0x963 (size before relaxing)
 .debug_str     0x000015a3        0xf build/dma.o
                                0x7ec (size before relaxing)
 .debug_str     0x000015b2      0x2f2 build/i2c.o
                                0xb9e (size before relaxing)
 .debug_str     0x000018a4      0x1e3 build/quadspi.o
                                0x7e2 (size before relaxing)
 .debug_str     0x00001a87       0x5e build/spi.o
                                0xd13 (size before relaxing)
 .debug_str     0x00001ae5       0xad build/usart.o
                               0x104c (size before relaxing)
 .debug_str     0x00001b92      0x3f9 build/usb_otg.o
                                0xafc (size before relaxing)
 .debug_str     0x00001f8b      0x1c5 build/stm32l4xx_it.o
                                0x94e (size before relaxing)
 .debug_str     0x00002150       0x29 build/stm32l4xx_hal_msp.o
                                0x2fa (size before relaxing)
 .debug_str     0x00002179      0x215 build/ring_buffer.o
                                0xa29 (size before relaxing)
 .debug_str     0x0000238e      0xbc3 build/stm32l4xx_hal_dfsdm.o
                               0x1251 (size before relaxing)
 .debug_str     0x00002f51      0x47f build/stm32l4xx_hal.o
                                0xcd7 (size before relaxing)
 .debug_str     0x000033d0      0x893 build/stm32l4xx_hal_i2c.o
                                0xf8f (size before relaxing)
 .debug_str     0x00003c63       0xb5 build/stm32l4xx_hal_i2c_ex.o
                                0x8ec (size before relaxing)
 .debug_str     0x00003d18      0x30c build/stm32l4xx_hal_rcc.o
                                0x88e (size before relaxing)
 .debug_str     0x00004024      0x307 build/stm32l4xx_hal_rcc_ex.o
                                0xaad (size before relaxing)
 .debug_str     0x0000432b       0xb3 build/stm32l4xx_hal_gpio.o
                                0x532 (size before relaxing)
 .debug_str     0x000043de      0x1f4 build/stm32l4xx_hal_dma.o
                                0x635 (size before relaxing)
 .debug_str     0x000045d2      0x292 build/stm32l4xx_hal_pwr.o
                                0x6a0 (size before relaxing)
 .debug_str     0x00004864      0x3e8 build/stm32l4xx_hal_pwr_ex.o
                                0x806 (size before relaxing)
 .debug_str     0x00004c4c      0x41a build/stm32l4xx_hal_cortex.o
                                0xc09 (size before relaxing)
 .debug_str     0x00005066      0x4c7 build/stm32l4xx_hal_qspi.o
                                0xb2b (size before relaxing)
 .debug_str     0x0000552d      0x503 build/stm32l4xx_hal_spi.o
                                0xbd3 (size before relaxing)
 .debug_str     0x00005a30      0x765 build/stm32l4xx_hal_uart.o
                                0xfde (size before relaxing)
 .debug_str     0x00006195      0x1da build/stm32l4xx_hal_uart_ex.o
                                0x902 (size before relaxing)
 .debug_str     0x0000636f      0x7ac build/stm32l4xx_hal_pcd.o
                                0xda5 (size before relaxing)
 .debug_str     0x00006b1b      0x1ac build/stm32l4xx_hal_pcd_ex.o
                                0x7d5 (size before relaxing)
 .debug_str     0x00006cc7      0x451 build/stm32l4xx_ll_usb.o
                                0xcc8 (size before relaxing)
 .debug_str     0x00007118       0x3d build/system_stm32l4xx.o
                                0x3cb (size before relaxing)
 .debug_str     0x00007155       0x24 build/startup_stm32l475xx.o
                                 0x5c (size before relaxing)

.comment        0x00000000       0x49
 .comment       0x00000000       0x49 build/main.o
                                 0x4a (size before relaxing)
 .comment       0x00000049       0x4a build/gpio.o
 .comment       0x00000049       0x4a build/dfsdm.o
 .comment       0x00000049       0x4a build/dma.o
 .comment       0x00000049       0x4a build/i2c.o
 .comment       0x00000049       0x4a build/quadspi.o
 .comment       0x00000049       0x4a build/spi.o
 .comment       0x00000049       0x4a build/usart.o
 .comment       0x00000049       0x4a build/usb_otg.o
 .comment       0x00000049       0x4a build/stm32l4xx_it.o
 .comment       0x00000049       0x4a build/stm32l4xx_hal_msp.o
 .comment       0x00000049       0x4a build/ring_buffer.o
 .comment       0x00000049       0x4a build/stm32l4xx_hal_dfsdm.o
 .comment       0x00000049       0x4a build/stm32l4xx_hal.o
 .comment       0x00000049       0x4a build/stm32l4xx_hal_i2c.o
 .comment       0x00000049       0x4a build/stm32l4xx_hal_i2c_ex.o
 .comment       0x00000049       0x4a build/stm32l4xx_hal_rcc.o
 .comment       0x00000049       0x4a build/stm32l4xx_hal_rcc_ex.o
 .comment       0x00000049       0x4a build/stm32l4xx_hal_gpio.o
 .comment       0x00000049       0x4a build/stm32l4xx_hal_dma.o
 .comment       0x00000049       0x4a build/stm32l4xx_hal_pwr.o
 .comment       0x00000049       0x4a build/stm32l4xx_hal_pwr_ex.o
 .comment       0x00000049       0x4a build/stm32l4xx_hal_cortex.o
 .comment       0x00000049       0x4a build/stm32l4xx_hal_qspi.o
 .comment       0x00000049       0x4a build/stm32l4xx_hal_spi.o
 .comment       0x00000049       0x4a build/stm32l4xx_hal_uart.o
 .comment       0x00000049       0x4a build/stm32l4xx_hal_uart_ex.o
 .comment       0x00000049       0x4a build/stm32l4xx_hal_pcd.o
 .comment       0x00000049       0x4a build/stm32l4xx_hal_pcd_ex.o
 .comment       0x00000049       0x4a build/stm32l4xx_ll_usb.o
 .comment       0x00000049       0x4a build/system_stm32l4xx.o

.debug_frame    0x00000000     0x3ec0
 .debug_frame   0x00000000       0x80 build/main.o
 .debug_frame   0x00000080       0x40 build/gpio.o
 .debug_frame   0x000000c0       0x60 build/dfsdm.o
 .debug_frame   0x00000120       0x2c build/dma.o
 .debug_frame   0x0000014c       0x64 build/i2c.o
 .debug_frame   0x000001b0       0x60 build/quadspi.o
 .debug_frame   0x00000210       0x90 build/spi.o
 .debug_frame   0x000002a0       0x80 build/usart.o
 .debug_frame   0x00000320       0x6c build/usb_otg.o
 .debug_frame   0x0000038c      0x180 build/stm32l4xx_it.o
 .debug_frame   0x0000050c       0x28 build/stm32l4xx_hal_msp.o
 .debug_frame   0x00000534      0x1e0 build/ring_buffer.o
 .debug_frame   0x00000714      0x620 build/stm32l4xx_hal_dfsdm.o
 .debug_frame   0x00000d34      0x274 build/stm32l4xx_hal.o
 .debug_frame   0x00000fa8      0x934 build/stm32l4xx_hal_i2c.o
 .debug_frame   0x000018dc       0x80 build/stm32l4xx_hal_i2c_ex.o
 .debug_frame   0x0000195c      0x19c build/stm32l4xx_hal_rcc.o
 .debug_frame   0x00001af8      0x204 build/stm32l4xx_hal_rcc_ex.o
 .debug_frame   0x00001cfc       0xd0 build/stm32l4xx_hal_gpio.o
 .debug_frame   0x00001dcc      0x150 build/stm32l4xx_hal_dma.o
 .debug_frame   0x00001f1c      0x120 build/stm32l4xx_hal_pwr.o
 .debug_frame   0x0000203c      0x298 build/stm32l4xx_hal_pwr_ex.o
 .debug_frame   0x000022d4      0x148 build/stm32l4xx_hal_cortex.o
 .debug_frame   0x0000241c      0x40c build/stm32l4xx_hal_qspi.o
 .debug_frame   0x00002828      0x5d8 build/stm32l4xx_hal_spi.o
 .debug_frame   0x00002e00      0x600 build/stm32l4xx_hal_uart.o
 .debug_frame   0x00003400      0x148 build/stm32l4xx_hal_uart_ex.o
 .debug_frame   0x00003548      0x354 build/stm32l4xx_hal_pcd.o
 .debug_frame   0x0000389c       0xb8 build/stm32l4xx_hal_pcd_ex.o
 .debug_frame   0x00003954      0x490 build/stm32l4xx_ll_usb.o
 .debug_frame   0x00003de4       0x30 build/system_stm32l4xx.o
 .debug_frame   0x00003e14       0x2c c:/tools/gcc-arm-none-eabi-10.3-2021.10-win32/gcc-arm-none-eabi-10.3-2021.10/bin/../lib/gcc/arm-none-eabi/10.3.1/../../../../arm-none-eabi/lib/thumb/v7e-m+fp/hard\libc_nano.a(lib_a-init.o)
 .debug_frame   0x00003e40       0x20 c:/tools/gcc-arm-none-eabi-10.3-2021.10-win32/gcc-arm-none-eabi-10.3-2021.10/bin/../lib/gcc/arm-none-eabi/10.3.1/../../../../arm-none-eabi/lib/thumb/v7e-m+fp/hard\libc_nano.a(lib_a-memset.o)
 .debug_frame   0x00003e60       0x2c c:/tools/gcc-arm-none-eabi-10.3-2021.10-win32/gcc-arm-none-eabi-10.3-2021.10/bin/../lib/gcc/arm-none-eabi/10.3.1/thumb/v7e-m+fp/hard\libgcc.a(_aeabi_uldivmod.o)
 .debug_frame   0x00003e8c       0x34 c:/tools/gcc-arm-none-eabi-10.3-2021.10-win32/gcc-arm-none-eabi-10.3-2021.10/bin/../lib/gcc/arm-none-eabi/10.3.1/thumb/v7e-m+fp/hard\libgcc.a(_udivmoddi4.o)

Cross Reference Table

Symbol                                            File
ADC1_2_IRQHandler                                 build/startup_stm32l475xx.o
ADC3_IRQHandler                                   build/startup_stm32l475xx.o
AHBPrescTable                                     build/system_stm32l4xx.o
                                                  build/stm32l4xx_hal_rcc.o
APBPrescTable                                     build/system_stm32l4xx.o
                                                  build/stm32l4xx_hal_rcc.o
BusFault_Handler                                  build/stm32l4xx_it.o
CAN1_RX0_IRQHandler                               build/startup_stm32l475xx.o
CAN1_RX1_IRQHandler                               build/startup_stm32l475xx.o
CAN1_SCE_IRQHandler                               build/startup_stm32l475xx.o
CAN1_TX_IRQHandler                                build/startup_stm32l475xx.o
COMP_IRQHandler                                   build/startup_stm32l475xx.o
Copy_upto                                         build/ring_buffer.o
DFSDM1_FLT0_IRQHandler                            build/startup_stm32l475xx.o
DFSDM1_FLT1_IRQHandler                            build/startup_stm32l475xx.o
DFSDM1_FLT2_IRQHandler                            build/startup_stm32l475xx.o
DFSDM1_FLT3_IRQHandler                            build/startup_stm32l475xx.o
DMA1_Channel1_IRQHandler                          build/startup_stm32l475xx.o
DMA1_Channel2_IRQHandler                          build/stm32l4xx_it.o
DMA1_Channel3_IRQHandler                          build/stm32l4xx_it.o
DMA1_Channel4_IRQHandler                          build/stm32l4xx_it.o
DMA1_Channel5_IRQHandler                          build/stm32l4xx_it.o
DMA1_Channel6_IRQHandler                          build/startup_stm32l475xx.o
DMA1_Channel7_IRQHandler                          build/startup_stm32l475xx.o
DMA2_Channel1_IRQHandler                          build/startup_stm32l475xx.o
DMA2_Channel2_IRQHandler                          build/startup_stm32l475xx.o
DMA2_Channel3_IRQHandler                          build/startup_stm32l475xx.o
DMA2_Channel4_IRQHandler                          build/startup_stm32l475xx.o
DMA2_Channel5_IRQHandler                          build/startup_stm32l475xx.o
DMA2_Channel6_IRQHandler                          build/startup_stm32l475xx.o
DMA2_Channel7_IRQHandler                          build/startup_stm32l475xx.o
DMA_MIN_SIZE                                      build/st7789.o
DebugMon_Handler                                  build/stm32l4xx_it.o
Default_Handler                                   build/startup_stm32l475xx.o
EXTI0_IRQHandler                                  build/startup_stm32l475xx.o
EXTI15_10_IRQHandler                              build/stm32l4xx_it.o
EXTI1_IRQHandler                                  build/startup_stm32l475xx.o
EXTI2_IRQHandler                                  build/startup_stm32l475xx.o
EXTI3_IRQHandler                                  build/startup_stm32l475xx.o
EXTI4_IRQHandler                                  build/startup_stm32l475xx.o
EXTI9_5_IRQHandler                                build/stm32l4xx_it.o
Error_Handler                                     build/main.o
                                                  build/usb_otg.o
                                                  build/usart.o
                                                  build/spi.o
                                                  build/quadspi.o
                                                  build/i2c.o
                                                  build/dfsdm.o
FLASH_FlushCaches                                 build/stm32l4xx_hal_flash_ex.o
                                                  build/stm32l4xx_hal_flash.o
FLASH_IRQHandler                                  build/startup_stm32l475xx.o
FLASH_PageErase                                   build/stm32l4xx_hal_flash_ex.o
                                                  build/stm32l4xx_hal_flash.o
FLASH_WaitForLastOperation                        build/stm32l4xx_hal_flash.o
                                                  build/stm32l4xx_hal_flash_ex.o
FMC_IRQHandler                                    build/startup_stm32l475xx.o
FPU_IRQHandler                                    build/startup_stm32l475xx.o
Font_11x18                                        build/fonts.o
                                                  build/st7789.o
Font_16x26                                        build/fonts.o
                                                  build/st7789.o
Font_7x10                                         build/fonts.o
                                                  build/st7789.o
GetDataFromBuffer                                 build/ring_buffer.o
Get_after                                         build/ring_buffer.o
HAL_DBGMCU_DisableDBGSleepMode                    build/stm32l4xx_hal.o
HAL_DBGMCU_DisableDBGStandbyMode                  build/stm32l4xx_hal.o
HAL_DBGMCU_DisableDBGStopMode                     build/stm32l4xx_hal.o
HAL_DBGMCU_EnableDBGSleepMode                     build/stm32l4xx_hal.o
HAL_DBGMCU_EnableDBGStandbyMode                   build/stm32l4xx_hal.o
HAL_DBGMCU_EnableDBGStopMode                      build/stm32l4xx_hal.o
HAL_DFSDM_ChannelCkabCallback                     build/stm32l4xx_hal_dfsdm.o
HAL_DFSDM_ChannelCkabStart                        build/stm32l4xx_hal_dfsdm.o
HAL_DFSDM_ChannelCkabStart_IT                     build/stm32l4xx_hal_dfsdm.o
HAL_DFSDM_ChannelCkabStop                         build/stm32l4xx_hal_dfsdm.o
HAL_DFSDM_ChannelCkabStop_IT                      build/stm32l4xx_hal_dfsdm.o
HAL_DFSDM_ChannelDeInit                           build/stm32l4xx_hal_dfsdm.o
HAL_DFSDM_ChannelGetAwdValue                      build/stm32l4xx_hal_dfsdm.o
HAL_DFSDM_ChannelGetState                         build/stm32l4xx_hal_dfsdm.o
HAL_DFSDM_ChannelInit                             build/stm32l4xx_hal_dfsdm.o
                                                  build/dfsdm.o
HAL_DFSDM_ChannelModifyOffset                     build/stm32l4xx_hal_dfsdm.o
HAL_DFSDM_ChannelMspDeInit                        build/dfsdm.o
HAL_DFSDM_ChannelMspInit                          build/dfsdm.o
HAL_DFSDM_ChannelPollForCkab                      build/stm32l4xx_hal_dfsdm.o
HAL_DFSDM_ChannelPollForScd                       build/stm32l4xx_hal_dfsdm.o
HAL_DFSDM_ChannelScdCallback                      build/stm32l4xx_hal_dfsdm.o
HAL_DFSDM_ChannelScdStart                         build/stm32l4xx_hal_dfsdm.o
HAL_DFSDM_ChannelScdStart_IT                      build/stm32l4xx_hal_dfsdm.o
HAL_DFSDM_ChannelScdStop                          build/stm32l4xx_hal_dfsdm.o
HAL_DFSDM_ChannelScdStop_IT                       build/stm32l4xx_hal_dfsdm.o
HAL_DFSDM_FilterAwdCallback                       build/stm32l4xx_hal_dfsdm.o
HAL_DFSDM_FilterAwdStart_IT                       build/stm32l4xx_hal_dfsdm.o
HAL_DFSDM_FilterAwdStop_IT                        build/stm32l4xx_hal_dfsdm.o
HAL_DFSDM_FilterConfigInjChannel                  build/stm32l4xx_hal_dfsdm.o
HAL_DFSDM_FilterConfigRegChannel                  build/stm32l4xx_hal_dfsdm.o
HAL_DFSDM_FilterDeInit                            build/stm32l4xx_hal_dfsdm.o
HAL_DFSDM_FilterErrorCallback                     build/stm32l4xx_hal_dfsdm.o
HAL_DFSDM_FilterExdStart                          build/stm32l4xx_hal_dfsdm.o
HAL_DFSDM_FilterExdStop                           build/stm32l4xx_hal_dfsdm.o
HAL_DFSDM_FilterGetConvTimeValue                  build/stm32l4xx_hal_dfsdm.o
HAL_DFSDM_FilterGetError                          build/stm32l4xx_hal_dfsdm.o
HAL_DFSDM_FilterGetExdMaxValue                    build/stm32l4xx_hal_dfsdm.o
HAL_DFSDM_FilterGetExdMinValue                    build/stm32l4xx_hal_dfsdm.o
HAL_DFSDM_FilterGetInjectedValue                  build/stm32l4xx_hal_dfsdm.o
HAL_DFSDM_FilterGetRegularValue                   build/stm32l4xx_hal_dfsdm.o
HAL_DFSDM_FilterGetState                          build/stm32l4xx_hal_dfsdm.o
HAL_DFSDM_FilterInit                              build/stm32l4xx_hal_dfsdm.o
HAL_DFSDM_FilterInjConvCpltCallback               build/stm32l4xx_hal_dfsdm.o
HAL_DFSDM_FilterInjConvHalfCpltCallback           build/stm32l4xx_hal_dfsdm.o
HAL_DFSDM_FilterInjectedMsbStart_DMA              build/stm32l4xx_hal_dfsdm.o
HAL_DFSDM_FilterInjectedStart                     build/stm32l4xx_hal_dfsdm.o
HAL_DFSDM_FilterInjectedStart_DMA                 build/stm32l4xx_hal_dfsdm.o
HAL_DFSDM_FilterInjectedStart_IT                  build/stm32l4xx_hal_dfsdm.o
HAL_DFSDM_FilterInjectedStop                      build/stm32l4xx_hal_dfsdm.o
HAL_DFSDM_FilterInjectedStop_DMA                  build/stm32l4xx_hal_dfsdm.o
HAL_DFSDM_FilterInjectedStop_IT                   build/stm32l4xx_hal_dfsdm.o
HAL_DFSDM_FilterMspDeInit                         build/stm32l4xx_hal_dfsdm.o
HAL_DFSDM_FilterMspInit                           build/stm32l4xx_hal_dfsdm.o
HAL_DFSDM_FilterPollForInjConversion              build/stm32l4xx_hal_dfsdm.o
HAL_DFSDM_FilterPollForRegConversion              build/stm32l4xx_hal_dfsdm.o
HAL_DFSDM_FilterRegConvCpltCallback               build/stm32l4xx_hal_dfsdm.o
HAL_DFSDM_FilterRegConvHalfCpltCallback           build/stm32l4xx_hal_dfsdm.o
HAL_DFSDM_FilterRegularMsbStart_DMA               build/stm32l4xx_hal_dfsdm.o
HAL_DFSDM_FilterRegularStart                      build/stm32l4xx_hal_dfsdm.o
HAL_DFSDM_FilterRegularStart_DMA                  build/stm32l4xx_hal_dfsdm.o
HAL_DFSDM_FilterRegularStart_IT                   build/stm32l4xx_hal_dfsdm.o
HAL_DFSDM_FilterRegularStop                       build/stm32l4xx_hal_dfsdm.o
HAL_DFSDM_FilterRegularStop_DMA                   build/stm32l4xx_hal_dfsdm.o
HAL_DFSDM_FilterRegularStop_IT                    build/stm32l4xx_hal_dfsdm.o
HAL_DFSDM_IRQHandler                              build/stm32l4xx_hal_dfsdm.o
HAL_DMA_Abort                                     build/stm32l4xx_hal_dma.o
                                                  build/stm32l4xx_hal_uart.o
                                                  build/stm32l4xx_hal_spi.o
                                                  build/stm32l4xx_hal_qspi.o
                                                  build/stm32l4xx_hal_dfsdm.o
HAL_DMA_Abort_IT                                  build/stm32l4xx_hal_dma.o
                                                  build/stm32l4xx_hal_uart.o
                                                  build/stm32l4xx_hal_spi.o
                                                  build/stm32l4xx_hal_qspi.o
                                                  build/stm32l4xx_hal_i2c.o
HAL_DMA_DeInit                                    build/stm32l4xx_hal_dma.o
                                                  build/usart.o
HAL_DMA_GetError                                  build/stm32l4xx_hal_dma.o
                                                  build/stm32l4xx_hal_uart.o
HAL_DMA_GetState                                  build/stm32l4xx_hal_dma.o
                                                  build/stm32l4xx_hal_i2c.o
HAL_DMA_IRQHandler                                build/stm32l4xx_hal_dma.o
                                                  build/stm32l4xx_it.o
HAL_DMA_Init                                      build/stm32l4xx_hal_dma.o
                                                  build/usart.o
HAL_DMA_PollForTransfer                           build/stm32l4xx_hal_dma.o
HAL_DMA_RegisterCallback                          build/stm32l4xx_hal_dma.o
HAL_DMA_Start                                     build/stm32l4xx_hal_dma.o
HAL_DMA_Start_IT                                  build/stm32l4xx_hal_dma.o
                                                  build/stm32l4xx_hal_uart.o
                                                  build/stm32l4xx_hal_spi.o
                                                  build/stm32l4xx_hal_qspi.o
                                                  build/stm32l4xx_hal_i2c.o
                                                  build/stm32l4xx_hal_dfsdm.o
HAL_DMA_UnRegisterCallback                        build/stm32l4xx_hal_dma.o
HAL_DeInit                                        build/stm32l4xx_hal.o
HAL_Delay                                         build/stm32l4xx_hal.o
                                                  build/stm32l4xx_ll_usb.o
                                                  build/stm32l4xx_hal_pcd_ex.o
                                                  build/st7789.o
HAL_EXTI_ClearConfigLine                          build/stm32l4xx_hal_exti.o
HAL_EXTI_ClearPending                             build/stm32l4xx_hal_exti.o
HAL_EXTI_GenerateSWI                              build/stm32l4xx_hal_exti.o
HAL_EXTI_GetConfigLine                            build/stm32l4xx_hal_exti.o
HAL_EXTI_GetHandle                                build/stm32l4xx_hal_exti.o
HAL_EXTI_GetPending                               build/stm32l4xx_hal_exti.o
HAL_EXTI_IRQHandler                               build/stm32l4xx_hal_exti.o
HAL_EXTI_RegisterCallback                         build/stm32l4xx_hal_exti.o
HAL_EXTI_SetConfigLine                            build/stm32l4xx_hal_exti.o
HAL_FLASHEx_DisableRunPowerDown                   build/stm32l4xx_hal_flash_ramfunc.o
HAL_FLASHEx_EnableRunPowerDown                    build/stm32l4xx_hal_flash_ramfunc.o
HAL_FLASHEx_Erase                                 build/stm32l4xx_hal_flash_ex.o
HAL_FLASHEx_Erase_IT                              build/stm32l4xx_hal_flash_ex.o
HAL_FLASHEx_OBGetConfig                           build/stm32l4xx_hal_flash_ex.o
HAL_FLASHEx_OBProgram                             build/stm32l4xx_hal_flash_ex.o
HAL_FLASH_EndOfOperationCallback                  build/stm32l4xx_hal_flash.o
HAL_FLASH_GetError                                build/stm32l4xx_hal_flash.o
HAL_FLASH_IRQHandler                              build/stm32l4xx_hal_flash.o
HAL_FLASH_Lock                                    build/stm32l4xx_hal_flash.o
HAL_FLASH_OB_Launch                               build/stm32l4xx_hal_flash.o
HAL_FLASH_OB_Lock                                 build/stm32l4xx_hal_flash.o
HAL_FLASH_OB_Unlock                               build/stm32l4xx_hal_flash.o
HAL_FLASH_OperationErrorCallback                  build/stm32l4xx_hal_flash.o
HAL_FLASH_Program                                 build/stm32l4xx_hal_flash.o
HAL_FLASH_Program_IT                              build/stm32l4xx_hal_flash.o
HAL_FLASH_Unlock                                  build/stm32l4xx_hal_flash.o
HAL_GPIO_DeInit                                   build/stm32l4xx_hal_gpio.o
                                                  build/usb_otg.o
                                                  build/usart.o
                                                  build/spi.o
                                                  build/quadspi.o
                                                  build/i2c.o
                                                  build/dfsdm.o
HAL_GPIO_EXTI_Callback                            build/stm32l4xx_hal_gpio.o
HAL_GPIO_EXTI_IRQHandler                          build/stm32l4xx_hal_gpio.o
                                                  build/stm32l4xx_it.o
HAL_GPIO_Init                                     build/stm32l4xx_hal_gpio.o
                                                  build/stm32l4xx_hal_rcc_ex.o
                                                  build/stm32l4xx_hal_rcc.o
                                                  build/usb_otg.o
                                                  build/usart.o
                                                  build/spi.o
                                                  build/quadspi.o
                                                  build/i2c.o
                                                  build/dfsdm.o
                                                  build/gpio.o
HAL_GPIO_LockPin                                  build/stm32l4xx_hal_gpio.o
HAL_GPIO_ReadPin                                  build/stm32l4xx_hal_gpio.o
HAL_GPIO_TogglePin                                build/stm32l4xx_hal_gpio.o
HAL_GPIO_WritePin                                 build/stm32l4xx_hal_gpio.o
                                                  build/st7789.o
                                                  build/gpio.o
HAL_GetDEVID                                      build/stm32l4xx_hal.o
HAL_GetHalVersion                                 build/stm32l4xx_hal.o
HAL_GetREVID                                      build/stm32l4xx_hal.o
HAL_GetTick                                       build/stm32l4xx_hal.o
                                                  build/stm32l4xx_hal_pcd_ex.o
                                                  build/stm32l4xx_hal_uart_ex.o
                                                  build/stm32l4xx_hal_uart.o
                                                  build/stm32l4xx_hal_spi.o
                                                  build/stm32l4xx_hal_qspi.o
                                                  build/stm32l4xx_hal_dma.o
                                                  build/stm32l4xx_hal_flash.o
                                                  build/stm32l4xx_hal_rcc_ex.o
                                                  build/stm32l4xx_hal_rcc.o
                                                  build/stm32l4xx_hal_i2c.o
                                                  build/stm32l4xx_hal_dfsdm.o
HAL_GetTickFreq                                   build/stm32l4xx_hal.o
HAL_GetTickPrio                                   build/stm32l4xx_hal.o
HAL_GetUIDw0                                      build/stm32l4xx_hal.o
HAL_GetUIDw1                                      build/stm32l4xx_hal.o
HAL_GetUIDw2                                      build/stm32l4xx_hal.o
HAL_HalfDuplex_EnableReceiver                     build/stm32l4xx_hal_uart.o
HAL_HalfDuplex_EnableTransmitter                  build/stm32l4xx_hal_uart.o
HAL_HalfDuplex_Init                               build/stm32l4xx_hal_uart.o
HAL_I2CEx_ConfigAnalogFilter                      build/stm32l4xx_hal_i2c_ex.o
                                                  build/i2c.o
HAL_I2CEx_ConfigDigitalFilter                     build/stm32l4xx_hal_i2c_ex.o
                                                  build/i2c.o
HAL_I2CEx_DisableFastModePlus                     build/stm32l4xx_hal_i2c_ex.o
HAL_I2CEx_DisableWakeUp                           build/stm32l4xx_hal_i2c_ex.o
HAL_I2CEx_EnableFastModePlus                      build/stm32l4xx_hal_i2c_ex.o
HAL_I2CEx_EnableWakeUp                            build/stm32l4xx_hal_i2c_ex.o
HAL_I2C_AbortCpltCallback                         build/stm32l4xx_hal_i2c.o
HAL_I2C_AddrCallback                              build/stm32l4xx_hal_i2c.o
HAL_I2C_DeInit                                    build/stm32l4xx_hal_i2c.o
HAL_I2C_DisableListen_IT                          build/stm32l4xx_hal_i2c.o
HAL_I2C_ER_IRQHandler                             build/stm32l4xx_hal_i2c.o
HAL_I2C_EV_IRQHandler                             build/stm32l4xx_hal_i2c.o
HAL_I2C_EnableListen_IT                           build/stm32l4xx_hal_i2c.o
HAL_I2C_ErrorCallback                             build/stm32l4xx_hal_i2c.o
HAL_I2C_GetError                                  build/stm32l4xx_hal_i2c.o
HAL_I2C_GetMode                                   build/stm32l4xx_hal_i2c.o
HAL_I2C_GetState                                  build/stm32l4xx_hal_i2c.o
HAL_I2C_Init                                      build/stm32l4xx_hal_i2c.o
                                                  build/i2c.o
HAL_I2C_IsDeviceReady                             build/stm32l4xx_hal_i2c.o
HAL_I2C_ListenCpltCallback                        build/stm32l4xx_hal_i2c.o
HAL_I2C_MasterRxCpltCallback                      build/stm32l4xx_hal_i2c.o
HAL_I2C_MasterTxCpltCallback                      build/stm32l4xx_hal_i2c.o
HAL_I2C_Master_Abort_IT                           build/stm32l4xx_hal_i2c.o
HAL_I2C_Master_Receive                            build/stm32l4xx_hal_i2c.o
HAL_I2C_Master_Receive_DMA                        build/stm32l4xx_hal_i2c.o
HAL_I2C_Master_Receive_IT                         build/stm32l4xx_hal_i2c.o
HAL_I2C_Master_Seq_Receive_DMA                    build/stm32l4xx_hal_i2c.o
HAL_I2C_Master_Seq_Receive_IT                     build/stm32l4xx_hal_i2c.o
HAL_I2C_Master_Seq_Transmit_DMA                   build/stm32l4xx_hal_i2c.o
HAL_I2C_Master_Seq_Transmit_IT                    build/stm32l4xx_hal_i2c.o
HAL_I2C_Master_Transmit                           build/stm32l4xx_hal_i2c.o
HAL_I2C_Master_Transmit_DMA                       build/stm32l4xx_hal_i2c.o
HAL_I2C_Master_Transmit_IT                        build/stm32l4xx_hal_i2c.o
HAL_I2C_MemRxCpltCallback                         build/stm32l4xx_hal_i2c.o
HAL_I2C_MemTxCpltCallback                         build/stm32l4xx_hal_i2c.o
HAL_I2C_Mem_Read                                  build/stm32l4xx_hal_i2c.o
HAL_I2C_Mem_Read_DMA                              build/stm32l4xx_hal_i2c.o
HAL_I2C_Mem_Read_IT                               build/stm32l4xx_hal_i2c.o
HAL_I2C_Mem_Write                                 build/stm32l4xx_hal_i2c.o
HAL_I2C_Mem_Write_DMA                             build/stm32l4xx_hal_i2c.o
HAL_I2C_Mem_Write_IT                              build/stm32l4xx_hal_i2c.o
HAL_I2C_MspDeInit                                 build/i2c.o
HAL_I2C_MspInit                                   build/i2c.o
HAL_I2C_SlaveRxCpltCallback                       build/stm32l4xx_hal_i2c.o
HAL_I2C_SlaveTxCpltCallback                       build/stm32l4xx_hal_i2c.o
HAL_I2C_Slave_Receive                             build/stm32l4xx_hal_i2c.o
HAL_I2C_Slave_Receive_DMA                         build/stm32l4xx_hal_i2c.o
HAL_I2C_Slave_Receive_IT                          build/stm32l4xx_hal_i2c.o
HAL_I2C_Slave_Seq_Receive_DMA                     build/stm32l4xx_hal_i2c.o
HAL_I2C_Slave_Seq_Receive_IT                      build/stm32l4xx_hal_i2c.o
HAL_I2C_Slave_Seq_Transmit_DMA                    build/stm32l4xx_hal_i2c.o
HAL_I2C_Slave_Seq_Transmit_IT                     build/stm32l4xx_hal_i2c.o
HAL_I2C_Slave_Transmit                            build/stm32l4xx_hal_i2c.o
HAL_I2C_Slave_Transmit_DMA                        build/stm32l4xx_hal_i2c.o
HAL_I2C_Slave_Transmit_IT                         build/stm32l4xx_hal_i2c.o
HAL_IncTick                                       build/stm32l4xx_hal.o
                                                  build/stm32l4xx_it.o
HAL_Init                                          build/stm32l4xx_hal.o
                                                  build/main.o
HAL_InitTick                                      build/stm32l4xx_hal.o
                                                  build/stm32l4xx_hal_rcc.o
HAL_LIN_Init                                      build/stm32l4xx_hal_uart.o
HAL_LIN_SendBreak                                 build/stm32l4xx_hal_uart.o
HAL_MPU_ConfigRegion                              build/stm32l4xx_hal_cortex.o
HAL_MPU_Disable                                   build/stm32l4xx_hal_cortex.o
HAL_MPU_Enable                                    build/stm32l4xx_hal_cortex.o
HAL_MspDeInit                                     build/stm32l4xx_hal.o
HAL_MspInit                                       build/stm32l4xx_hal_msp.o
HAL_MultiProcessorEx_AddressLength_Set            build/stm32l4xx_hal_uart_ex.o
HAL_MultiProcessor_DisableMuteMode                build/stm32l4xx_hal_uart.o
HAL_MultiProcessor_EnableMuteMode                 build/stm32l4xx_hal_uart.o
HAL_MultiProcessor_EnterMuteMode                  build/stm32l4xx_hal_uart.o
HAL_MultiProcessor_Init                           build/stm32l4xx_hal_uart.o
HAL_NVIC_ClearPendingIRQ                          build/stm32l4xx_hal_cortex.o
HAL_NVIC_DisableIRQ                               build/stm32l4xx_hal_cortex.o
                                                  build/usart.o
                                                  build/spi.o
HAL_NVIC_EnableIRQ                                build/stm32l4xx_hal_cortex.o
                                                  build/usart.o
                                                  build/spi.o
                                                  build/dma.o
                                                  build/gpio.o
HAL_NVIC_GetActive                                build/stm32l4xx_hal_cortex.o
HAL_NVIC_GetPendingIRQ                            build/stm32l4xx_hal_cortex.o
HAL_NVIC_GetPriority                              build/stm32l4xx_hal_cortex.o
HAL_NVIC_GetPriorityGrouping                      build/stm32l4xx_hal_cortex.o
HAL_NVIC_SetPendingIRQ                            build/stm32l4xx_hal_cortex.o
HAL_NVIC_SetPriority                              build/stm32l4xx_hal_cortex.o
                                                  build/stm32l4xx_hal.o
                                                  build/usart.o
                                                  build/spi.o
                                                  build/dma.o
                                                  build/gpio.o
HAL_NVIC_SetPriorityGrouping                      build/stm32l4xx_hal_cortex.o
                                                  build/stm32l4xx_hal.o
HAL_NVIC_SystemReset                              build/stm32l4xx_hal_cortex.o
HAL_PCDEx_ActivateBCD                             build/stm32l4xx_hal_pcd_ex.o
HAL_PCDEx_ActivateLPM                             build/stm32l4xx_hal_pcd_ex.o
                                                  build/stm32l4xx_hal_pcd.o
HAL_PCDEx_BCD_Callback                            build/stm32l4xx_hal_pcd_ex.o
HAL_PCDEx_BCD_VBUSDetect                          build/stm32l4xx_hal_pcd_ex.o
HAL_PCDEx_DeActivateBCD                           build/stm32l4xx_hal_pcd_ex.o
HAL_PCDEx_DeActivateLPM                           build/stm32l4xx_hal_pcd_ex.o
HAL_PCDEx_LPM_Callback                            build/stm32l4xx_hal_pcd_ex.o
                                                  build/stm32l4xx_hal_pcd.o
HAL_PCDEx_SetRxFiFo                               build/stm32l4xx_hal_pcd_ex.o
HAL_PCDEx_SetTxFiFo                               build/stm32l4xx_hal_pcd_ex.o
HAL_PCD_ActivateRemoteWakeup                      build/stm32l4xx_hal_pcd.o
HAL_PCD_ConnectCallback                           build/stm32l4xx_hal_pcd.o
HAL_PCD_DataInStageCallback                       build/stm32l4xx_hal_pcd.o
HAL_PCD_DataOutStageCallback                      build/stm32l4xx_hal_pcd.o
HAL_PCD_DeActivateRemoteWakeup                    build/stm32l4xx_hal_pcd.o
HAL_PCD_DeInit                                    build/stm32l4xx_hal_pcd.o
HAL_PCD_DevConnect                                build/stm32l4xx_hal_pcd.o
HAL_PCD_DevDisconnect                             build/stm32l4xx_hal_pcd.o
HAL_PCD_DisconnectCallback                        build/stm32l4xx_hal_pcd.o
HAL_PCD_EP_Abort                                  build/stm32l4xx_hal_pcd.o
HAL_PCD_EP_Close                                  build/stm32l4xx_hal_pcd.o
HAL_PCD_EP_ClrStall                               build/stm32l4xx_hal_pcd.o
HAL_PCD_EP_Flush                                  build/stm32l4xx_hal_pcd.o
HAL_PCD_EP_GetRxCount                             build/stm32l4xx_hal_pcd.o
HAL_PCD_EP_Open                                   build/stm32l4xx_hal_pcd.o
HAL_PCD_EP_Receive                                build/stm32l4xx_hal_pcd.o
HAL_PCD_EP_SetStall                               build/stm32l4xx_hal_pcd.o
HAL_PCD_EP_Transmit                               build/stm32l4xx_hal_pcd.o
HAL_PCD_GetState                                  build/stm32l4xx_hal_pcd.o
HAL_PCD_IRQHandler                                build/stm32l4xx_hal_pcd.o
HAL_PCD_ISOINIncompleteCallback                   build/stm32l4xx_hal_pcd.o
HAL_PCD_ISOOUTIncompleteCallback                  build/stm32l4xx_hal_pcd.o
HAL_PCD_Init                                      build/stm32l4xx_hal_pcd.o
                                                  build/usb_otg.o
HAL_PCD_MspDeInit                                 build/usb_otg.o
HAL_PCD_MspInit                                   build/usb_otg.o
HAL_PCD_ResetCallback                             build/stm32l4xx_hal_pcd.o
HAL_PCD_ResumeCallback                            build/stm32l4xx_hal_pcd.o
HAL_PCD_SOFCallback                               build/stm32l4xx_hal_pcd.o
HAL_PCD_SetAddress                                build/stm32l4xx_hal_pcd.o
HAL_PCD_SetupStageCallback                        build/stm32l4xx_hal_pcd.o
HAL_PCD_Start                                     build/stm32l4xx_hal_pcd.o
HAL_PCD_Stop                                      build/stm32l4xx_hal_pcd.o
HAL_PCD_SuspendCallback                           build/stm32l4xx_hal_pcd.o
HAL_PWREx_ConfigPVM                               build/stm32l4xx_hal_pwr_ex.o
HAL_PWREx_ControlVoltageScaling                   build/stm32l4xx_hal_pwr_ex.o
                                                  build/main.o
HAL_PWREx_DisableBatteryCharging                  build/stm32l4xx_hal_pwr_ex.o
HAL_PWREx_DisableGPIOPullDown                     build/stm32l4xx_hal_pwr_ex.o
HAL_PWREx_DisableGPIOPullUp                       build/stm32l4xx_hal_pwr_ex.o
HAL_PWREx_DisableInternalWakeUpLine               build/stm32l4xx_hal_pwr_ex.o
HAL_PWREx_DisableLowPowerRunMode                  build/stm32l4xx_hal_pwr_ex.o
                                                  build/stm32l4xx_hal_pwr.o
HAL_PWREx_DisablePVM1                             build/stm32l4xx_hal_pwr_ex.o
HAL_PWREx_DisablePVM2                             build/stm32l4xx_hal_pwr_ex.o
HAL_PWREx_DisablePVM3                             build/stm32l4xx_hal_pwr_ex.o
HAL_PWREx_DisablePVM4                             build/stm32l4xx_hal_pwr_ex.o
HAL_PWREx_DisablePullUpPullDownConfig             build/stm32l4xx_hal_pwr_ex.o
HAL_PWREx_DisableSRAM2ContentRetention            build/stm32l4xx_hal_pwr_ex.o
HAL_PWREx_DisableVddIO2                           build/stm32l4xx_hal_pwr_ex.o
HAL_PWREx_DisableVddUSB                           build/stm32l4xx_hal_pwr_ex.o
                                                  build/usb_otg.o
HAL_PWREx_EnableBatteryCharging                   build/stm32l4xx_hal_pwr_ex.o
HAL_PWREx_EnableGPIOPullDown                      build/stm32l4xx_hal_pwr_ex.o
HAL_PWREx_EnableGPIOPullUp                        build/stm32l4xx_hal_pwr_ex.o
HAL_PWREx_EnableInternalWakeUpLine                build/stm32l4xx_hal_pwr_ex.o
HAL_PWREx_EnableLowPowerRunMode                   build/stm32l4xx_hal_pwr_ex.o
                                                  build/stm32l4xx_hal_pwr.o
HAL_PWREx_EnablePVM1                              build/stm32l4xx_hal_pwr_ex.o
HAL_PWREx_EnablePVM2                              build/stm32l4xx_hal_pwr_ex.o
HAL_PWREx_EnablePVM3                              build/stm32l4xx_hal_pwr_ex.o
HAL_PWREx_EnablePVM4                              build/stm32l4xx_hal_pwr_ex.o
HAL_PWREx_EnablePullUpPullDownConfig              build/stm32l4xx_hal_pwr_ex.o
HAL_PWREx_EnableSRAM2ContentRetention             build/stm32l4xx_hal_pwr_ex.o
HAL_PWREx_EnableVddIO2                            build/stm32l4xx_hal_pwr_ex.o
HAL_PWREx_EnableVddUSB                            build/stm32l4xx_hal_pwr_ex.o
                                                  build/usb_otg.o
HAL_PWREx_EnterSHUTDOWNMode                       build/stm32l4xx_hal_pwr_ex.o
HAL_PWREx_EnterSTOP0Mode                          build/stm32l4xx_hal_pwr_ex.o
                                                  build/stm32l4xx_hal_pwr.o
HAL_PWREx_EnterSTOP1Mode                          build/stm32l4xx_hal_pwr_ex.o
                                                  build/stm32l4xx_hal_pwr.o
HAL_PWREx_EnterSTOP2Mode                          build/stm32l4xx_hal_pwr_ex.o
HAL_PWREx_GetVoltageRange                         build/stm32l4xx_hal_pwr_ex.o
                                                  build/stm32l4xx_hal_rcc.o
HAL_PWREx_PVD_PVM_IRQHandler                      build/stm32l4xx_hal_pwr_ex.o